Archive member included to satisfy reference by file (symbol)

d:/stm/stm32cubeide_1.4.0/stm32cubeide/plugins/com.st.stm32cube.ide.mcu.externaltools.gnu-tools-for-stm32.7-2018-q2-update.win32_1.4.0.202007081208/tools/bin/../lib/gcc/arm-none-eabi/7.3.1/../../../../arm-none-eabi/lib/thumb/v7e-m/fpv4-sp/hard\libc_nano.a(lib_a-atoi.o)
                              Src/main.o (atoi)
d:/stm/stm32cubeide_1.4.0/stm32cubeide/plugins/com.st.stm32cube.ide.mcu.externaltools.gnu-tools-for-stm32.7-2018-q2-update.win32_1.4.0.202007081208/tools/bin/../lib/gcc/arm-none-eabi/7.3.1/../../../../arm-none-eabi/lib/thumb/v7e-m/fpv4-sp/hard\libc_nano.a(lib_a-errno.o)
                              Src/syscalls.o (__errno)
d:/stm/stm32cubeide_1.4.0/stm32cubeide/plugins/com.st.stm32cube.ide.mcu.externaltools.gnu-tools-for-stm32.7-2018-q2-update.win32_1.4.0.202007081208/tools/bin/../lib/gcc/arm-none-eabi/7.3.1/../../../../arm-none-eabi/lib/thumb/v7e-m/fpv4-sp/hard\libc_nano.a(lib_a-exit.o)
                              d:/stm/stm32cubeide_1.4.0/stm32cubeide/plugins/com.st.stm32cube.ide.mcu.externaltools.gnu-tools-for-stm32.7-2018-q2-update.win32_1.4.0.202007081208/tools/bin/../lib/gcc/arm-none-eabi/7.3.1/../../../../arm-none-eabi/lib/thumb/v7e-m/fpv4-sp/hard/crt0.o (exit)
d:/stm/stm32cubeide_1.4.0/stm32cubeide/plugins/com.st.stm32cube.ide.mcu.externaltools.gnu-tools-for-stm32.7-2018-q2-update.win32_1.4.0.202007081208/tools/bin/../lib/gcc/arm-none-eabi/7.3.1/../../../../arm-none-eabi/lib/thumb/v7e-m/fpv4-sp/hard\libc_nano.a(lib_a-impure.o)
                              d:/stm/stm32cubeide_1.4.0/stm32cubeide/plugins/com.st.stm32cube.ide.mcu.externaltools.gnu-tools-for-stm32.7-2018-q2-update.win32_1.4.0.202007081208/tools/bin/../lib/gcc/arm-none-eabi/7.3.1/../../../../arm-none-eabi/lib/thumb/v7e-m/fpv4-sp/hard\libc_nano.a(lib_a-exit.o) (_global_impure_ptr)
d:/stm/stm32cubeide_1.4.0/stm32cubeide/plugins/com.st.stm32cube.ide.mcu.externaltools.gnu-tools-for-stm32.7-2018-q2-update.win32_1.4.0.202007081208/tools/bin/../lib/gcc/arm-none-eabi/7.3.1/../../../../arm-none-eabi/lib/thumb/v7e-m/fpv4-sp/hard\libc_nano.a(lib_a-init.o)
                              d:/stm/stm32cubeide_1.4.0/stm32cubeide/plugins/com.st.stm32cube.ide.mcu.externaltools.gnu-tools-for-stm32.7-2018-q2-update.win32_1.4.0.202007081208/tools/bin/../lib/gcc/arm-none-eabi/7.3.1/../../../../arm-none-eabi/lib/thumb/v7e-m/fpv4-sp/hard/crt0.o (__libc_init_array)
d:/stm/stm32cubeide_1.4.0/stm32cubeide/plugins/com.st.stm32cube.ide.mcu.externaltools.gnu-tools-for-stm32.7-2018-q2-update.win32_1.4.0.202007081208/tools/bin/../lib/gcc/arm-none-eabi/7.3.1/../../../../arm-none-eabi/lib/thumb/v7e-m/fpv4-sp/hard\libc_nano.a(lib_a-locale.o)
                              Src/main.o (__locale_ctype_ptr)
d:/stm/stm32cubeide_1.4.0/stm32cubeide/plugins/com.st.stm32cube.ide.mcu.externaltools.gnu-tools-for-stm32.7-2018-q2-update.win32_1.4.0.202007081208/tools/bin/../lib/gcc/arm-none-eabi/7.3.1/../../../../arm-none-eabi/lib/thumb/v7e-m/fpv4-sp/hard\libc_nano.a(lib_a-mbtowc_r.o)
                              d:/stm/stm32cubeide_1.4.0/stm32cubeide/plugins/com.st.stm32cube.ide.mcu.externaltools.gnu-tools-for-stm32.7-2018-q2-update.win32_1.4.0.202007081208/tools/bin/../lib/gcc/arm-none-eabi/7.3.1/../../../../arm-none-eabi/lib/thumb/v7e-m/fpv4-sp/hard\libc_nano.a(lib_a-locale.o) (__ascii_mbtowc)
d:/stm/stm32cubeide_1.4.0/stm32cubeide/plugins/com.st.stm32cube.ide.mcu.externaltools.gnu-tools-for-stm32.7-2018-q2-update.win32_1.4.0.202007081208/tools/bin/../lib/gcc/arm-none-eabi/7.3.1/../../../../arm-none-eabi/lib/thumb/v7e-m/fpv4-sp/hard\libc_nano.a(lib_a-memset.o)
                              d:/stm/stm32cubeide_1.4.0/stm32cubeide/plugins/com.st.stm32cube.ide.mcu.externaltools.gnu-tools-for-stm32.7-2018-q2-update.win32_1.4.0.202007081208/tools/bin/../lib/gcc/arm-none-eabi/7.3.1/../../../../arm-none-eabi/lib/thumb/v7e-m/fpv4-sp/hard/crt0.o (memset)
d:/stm/stm32cubeide_1.4.0/stm32cubeide/plugins/com.st.stm32cube.ide.mcu.externaltools.gnu-tools-for-stm32.7-2018-q2-update.win32_1.4.0.202007081208/tools/bin/../lib/gcc/arm-none-eabi/7.3.1/../../../../arm-none-eabi/lib/thumb/v7e-m/fpv4-sp/hard\libc_nano.a(lib_a-strcmp.o)
                              Src/main.o (strcmp)
d:/stm/stm32cubeide_1.4.0/stm32cubeide/plugins/com.st.stm32cube.ide.mcu.externaltools.gnu-tools-for-stm32.7-2018-q2-update.win32_1.4.0.202007081208/tools/bin/../lib/gcc/arm-none-eabi/7.3.1/../../../../arm-none-eabi/lib/thumb/v7e-m/fpv4-sp/hard\libc_nano.a(lib_a-strlen.o)
                              Src/main.o (strlen)
d:/stm/stm32cubeide_1.4.0/stm32cubeide/plugins/com.st.stm32cube.ide.mcu.externaltools.gnu-tools-for-stm32.7-2018-q2-update.win32_1.4.0.202007081208/tools/bin/../lib/gcc/arm-none-eabi/7.3.1/../../../../arm-none-eabi/lib/thumb/v7e-m/fpv4-sp/hard\libc_nano.a(lib_a-strstr.o)
                              Src/main.o (strstr)
[...]
Memory Configuration

Name             Origin             Length             Attributes
FLASH            0x0000000008000000 0x0000000000010000 xr
CCMRAM           0x0000000010000000 0x0000000000001000 xrw
RAM              0x0000000020000000 0x0000000000003000 xrw
*default*        0x0000000000000000 0xffffffffffffffff

Linker script and memory map

LOAD d:/stm/stm32cubeide_1.4.0/stm32cubeide/plugins/com.st.stm32cube.ide.mcu.externaltools.gnu-tools-for-stm32.7-2018-q2-update.win32_1.4.0.202007081208/tools/bin/../lib/gcc/arm-none-eabi/7.3.1/thumb/v7e-m/fpv4-sp/hard/crti.o
LOAD d:/stm/stm32cubeide_1.4.0/stm32cubeide/plugins/com.st.stm32cube.ide.mcu.externaltools.gnu-tools-for-stm32.7-2018-q2-update.win32_1.4.0.202007081208/tools/bin/../lib/gcc/arm-none-eabi/7.3.1/thumb/v7e-m/fpv4-sp/hard/crtbegin.o
LOAD d:/stm/stm32cubeide_1.4.0/stm32cubeide/plugins/com.st.stm32cube.ide.mcu.externaltools.gnu-tools-for-stm32.7-2018-q2-update.win32_1.4.0.202007081208/tools/bin/../lib/gcc/arm-none-eabi/7.3.1/../../../../arm-none-eabi/lib/thumb/v7e-m/fpv4-sp/hard/crt0.o
LOAD Drivers/STM32F3xx_HAL_Driver/Src/stm32f3xx_ll_adc.o
LOAD Drivers/STM32F3xx_HAL_Driver/Src/stm32f3xx_ll_dma.o
LOAD Drivers/STM32F3xx_HAL_Driver/Src/stm32f3xx_ll_exti.o
LOAD Drivers/STM32F3xx_HAL_Driver/Src/stm32f3xx_ll_gpio.o
LOAD Drivers/STM32F3xx_HAL_Driver/Src/stm32f3xx_ll_rcc.o
LOAD Drivers/STM32F3xx_HAL_Driver/Src/stm32f3xx_ll_tim.o
LOAD Drivers/STM32F3xx_HAL_Driver/Src/stm32f3xx_ll_usart.o
LOAD Drivers/STM32F3xx_HAL_Driver/Src/stm32f3xx_ll_utils.o
LOAD Src/adc.o
LOAD Src/dma.o
LOAD Src/gpio.o
LOAD Src/main.o
LOAD Src/stm32f3xx_it.o
LOAD Src/syscalls.o
LOAD Src/sysmem.o
LOAD Src/system_stm32f3xx.o
LOAD Src/tim.o
LOAD Src/usart.o
LOAD Startup/startup_stm32f303k8tx.o
START GROUP
LOAD d:/stm/stm32cubeide_1.4.0/stm32cubeide/plugins/com.st.stm32cube.ide.mcu.externaltools.gnu-tools-for-stm32.7-2018-q2-update.win32_1.4.0.202007081208/tools/bin/../lib/gcc/arm-none-eabi/7.3.1/../../../../arm-none-eabi/lib/thumb/v7e-m/fpv4-sp/hard\libc_nano.a
LOAD d:/stm/stm32cubeide_1.4.0/stm32cubeide/plugins/com.st.stm32cube.ide.mcu.externaltools.gnu-tools-for-stm32.7-2018-q2-update.win32_1.4.0.202007081208/tools/bin/../lib/gcc/arm-none-eabi/7.3.1/../../../../arm-none-eabi/lib/thumb/v7e-m/fpv4-sp/hard\libm.a
END GROUP
START GROUP
LOAD d:/stm/stm32cubeide_1.4.0/stm32cubeide/plugins/com.st.stm32cube.ide.mcu.externaltools.gnu-tools-for-stm32.7-2018-q2-update.win32_1.4.0.202007081208/tools/bin/../lib/gcc/arm-none-eabi/7.3.1/thumb/v7e-m/fpv4-sp/hard\libgcc.a
LOAD d:/stm/stm32cubeide_1.4.0/stm32cubeide/plugins/com.st.stm32cube.ide.mcu.externaltools.gnu-tools-for-stm32.7-2018-q2-update.win32_1.4.0.202007081208/tools/bin/../lib/gcc/arm-none-eabi/7.3.1/../../../../arm-none-eabi/lib/thumb/v7e-m/fpv4-sp/hard\libc_nano.a
END GROUP
START GROUP
LOAD d:/stm/stm32cubeide_1.4.0/stm32cubeide/plugins/com.st.stm32cube.ide.mcu.externaltools.gnu-tools-for-stm32.7-2018-q2-update.win32_1.4.0.202007081208/tools/bin/../lib/gcc/arm-none-eabi/7.3.1/thumb/v7e-m/fpv4-sp/hard\libgcc.a
LOAD d:/stm/stm32cubeide_1.4.0/stm32cubeide/plugins/com.st.stm32cube.ide.mcu.externaltools.gnu-tools-for-stm32.7-2018-q2-update.win32_1.4.0.202007081208/tools/bin/../lib/gcc/arm-none-eabi/7.3.1/../../../../arm-none-eabi/lib/thumb/v7e-m/fpv4-sp/hard\libc_nano.a
LOAD d:/stm/stm32cubeide_1.4.0/stm32cubeide/plugins/com.st.stm32cube.ide.mcu.externaltools.gnu-tools-for-stm32.7-2018-q2-update.win32_1.4.0.202007081208/tools/bin/../lib/gcc/arm-none-eabi/7.3.1/../../../../arm-none-eabi/lib/thumb/v7e-m/fpv4-sp/hard\libnosys.a
END GROUP
START GROUP
LOAD d:/stm/stm32cubeide_1.4.0/stm32cubeide/plugins/com.st.stm32cube.ide.mcu.externaltools.gnu-tools-for-stm32.7-2018-q2-update.win32_1.4.0.202007081208/tools/bin/../lib/gcc/arm-none-eabi/7.3.1/thumb/v7e-m/fpv4-sp/hard\libgcc.a
LOAD d:/stm/stm32cubeide_1.4.0/stm32cubeide/plugins/com.st.stm32cube.ide.mcu.externaltools.gnu-tools-for-stm32.7-2018-q2-update.win32_1.4.0.202007081208/tools/bin/../lib/gcc/arm-none-eabi/7.3.1/../../../../arm-none-eabi/lib/thumb/v7e-m/fpv4-sp/hard\libc_nano.a
LOAD d:/stm/stm32cubeide_1.4.0/stm32cubeide/plugins/com.st.stm32cube.ide.mcu.externaltools.gnu-tools-for-stm32.7-2018-q2-update.win32_1.4.0.202007081208/tools/bin/../lib/gcc/arm-none-eabi/7.3.1/../../../../arm-none-eabi/lib/thumb/v7e-m/fpv4-sp/hard\libnosys.a
END GROUP
LOAD d:/stm/stm32cubeide_1.4.0/stm32cubeide/plugins/com.st.stm32cube.ide.mcu.externaltools.gnu-tools-for-stm32.7-2018-q2-update.win32_1.4.0.202007081208/tools/bin/../lib/gcc/arm-none-eabi/7.3.1/thumb/v7e-m/fpv4-sp/hard/crtend.o
LOAD d:/stm/stm32cubeide_1.4.0/stm32cubeide/plugins/com.st.stm32cube.ide.mcu.externaltools.gnu-tools-for-stm32.7-2018-q2-update.win32_1.4.0.202007081208/tools/bin/../lib/gcc/arm-none-eabi/7.3.1/thumb/v7e-m/fpv4-sp/hard/crtn.o
                0x0000000020003000                _estack = 0x20003000
                0x0000000000000200                _Min_Heap_Size = 0x200
                0x0000000000000400                _Min_Stack_Size = 0x400

.isr_vector     0x0000000008000000      0x188
                0x0000000008000000                . = ALIGN (0x4)
 *(.isr_vector)
 .isr_vector    0x0000000008000000      0x188 Startup/startup_stm32f303k8tx.o
                0x0000000008000000                g_pfnVectors
                0x0000000008000188                . = ALIGN (0x4)

.text           0x0000000008000188     0x2f14
                0x0000000008000188                . = ALIGN (0x4)
 *(.text)
 .text          0x0000000008000188       0x40 d:/stm/stm32cubeide_1.4.0/stm32cubeide/plugins/com.st.stm32cube.ide.mcu.externaltools.gnu-tools-for-stm32.7-2018-q2-update.win32_1.4.0.202007081208/tools/bin/../lib/gcc/arm-none-eabi/7.3.1/thumb/v7e-m/fpv4-sp/hard/crtbegin.o
 .text          0x00000000080001c8       0x14 d:/stm/stm32cubeide_1.4.0/stm32cubeide/plugins/com.st.stm32cube.ide.mcu.externaltools.gnu-tools-for-stm32.7-2018-q2-update.win32_1.4.0.202007081208/tools/bin/../lib/gcc/arm-none-eabi/7.3.1/../../../../arm-none-eabi/lib/thumb/v7e-m/fpv4-sp/hard\libc_nano.a(lib_a-strcmp.o)
                0x00000000080001c8                strcmp
 .text          0x00000000080001dc       0x10 d:/stm/stm32cubeide_1.4.0/stm32cubeide/plugins/com.st.stm32cube.ide.mcu.externaltools.gnu-tools-for-stm32.7-2018-q2-update.win32_1.4.0.202007081208/tools/bin/../lib/gcc/arm-none-eabi/7.3.1/../../../../arm-none-eabi/lib/thumb/v7e-m/fpv4-sp/hard\libc_nano.a(lib_a-strlen.o)
                0x00000000080001dc                strlen
 *(.text*)
 .text.LL_ADC_REG_SetSequencerLength
                0x00000000080001ec       0x26 Drivers/STM32F3xx_HAL_Driver/Src/stm32f3xx_ll_adc.o
 .text.LL_ADC_IsEnabled
                0x0000000008000212       0x26 Drivers/STM32F3xx_HAL_Driver/Src/stm32f3xx_ll_adc.o
 .text.LL_ADC_CommonInit
                0x0000000008000238       0x80 Drivers/STM32F3xx_HAL_Driver/Src/stm32f3xx_ll_adc.o
                0x0000000008000238                LL_ADC_CommonInit
 .text.LL_ADC_Init
                0x00000000080002b8       0x4c Drivers/STM32F3xx_HAL_Driver/Src/stm32f3xx_ll_adc.o
                0x00000000080002b8                LL_ADC_Init
 .text.LL_ADC_REG_Init
                0x0000000008000304       0x94 Drivers/STM32F3xx_HAL_Driver/Src/stm32f3xx_ll_adc.o
                0x0000000008000304                LL_ADC_REG_Init
 .text.LL_GPIO_SetPinMode
                0x0000000008000398       0x5a Drivers/STM32F3xx_HAL_Driver/Src/stm32f3xx_ll_gpio.o
 .text.LL_GPIO_SetPinOutputType
                0x00000000080003f2       0x30 Drivers/STM32F3xx_HAL_Driver/Src/stm32f3xx_ll_gpio.o
 .text.LL_GPIO_SetPinSpeed
                0x0000000008000422       0x5a Drivers/STM32F3xx_HAL_Driver/Src/stm32f3xx_ll_gpio.o
 .text.LL_GPIO_SetPinPull
                0x000000000800047c       0x5a Drivers/STM32F3xx_HAL_Driver/Src/stm32f3xx_ll_gpio.o
 .text.LL_GPIO_SetAFPin_0_7
                0x00000000080004d6       0x5a Drivers/STM32F3xx_HAL_Driver/Src/stm32f3xx_ll_gpio.o
 .text.LL_GPIO_SetAFPin_8_15
                0x0000000008000530       0x5e Drivers/STM32F3xx_HAL_Driver/Src/stm32f3xx_ll_gpio.o
 .text.LL_GPIO_Init
                0x000000000800058e       0xf4 Drivers/STM32F3xx_HAL_Driver/Src/stm32f3xx_ll_gpio.o
                0x000000000800058e                LL_GPIO_Init
 *fill*         0x0000000008000682        0x2 
 .text.LL_RCC_HSI_IsReady
                0x0000000008000684       0x24 Drivers/STM32F3xx_HAL_Driver/Src/stm32f3xx_ll_rcc.o
 .text.LL_RCC_LSE_IsReady
                0x00000000080006a8       0x24 Drivers/STM32F3xx_HAL_Driver/Src/stm32f3xx_ll_rcc.o
 .text.LL_RCC_GetSysClkSource
                0x00000000080006cc       0x1c Drivers/STM32F3xx_HAL_Driver/Src/stm32f3xx_ll_rcc.o
 .text.LL_RCC_GetAHBPrescaler
                0x00000000080006e8       0x1c Drivers/STM32F3xx_HAL_Driver/Src/stm32f3xx_ll_rcc.o
 .text.LL_RCC_GetAPB1Prescaler
                0x0000000008000704       0x1c Drivers/STM32F3xx_HAL_Driver/Src/stm32f3xx_ll_rcc.o
 .text.LL_RCC_GetAPB2Prescaler
                0x0000000008000720       0x1c Drivers/STM32F3xx_HAL_Driver/Src/stm32f3xx_ll_rcc.o
 .text.LL_RCC_GetUSARTClockSource
                0x000000000800073c       0x2c Drivers/STM32F3xx_HAL_Driver/Src/stm32f3xx_ll_rcc.o
 .text.LL_RCC_PLL_GetMainSource
                0x0000000008000768       0x1c Drivers/STM32F3xx_HAL_Driver/Src/stm32f3xx_ll_rcc.o
 .text.LL_RCC_PLL_GetMultiplicator
                0x0000000008000784       0x1c Drivers/STM32F3xx_HAL_Driver/Src/stm32f3xx_ll_rcc.o
 .text.LL_RCC_PLL_GetPrediv
                0x00000000080007a0       0x1c Drivers/STM32F3xx_HAL_Driver/Src/stm32f3xx_ll_rcc.o
 .text.LL_RCC_GetSystemClocksFreq
                0x00000000080007bc       0x4a Drivers/STM32F3xx_HAL_Driver/Src/stm32f3xx_ll_rcc.o
                0x00000000080007bc                LL_RCC_GetSystemClocksFreq
 *fill*         0x0000000008000806        0x2 
 .text.LL_RCC_GetUSARTClockFreq
                0x0000000008000808       0x80 Drivers/STM32F3xx_HAL_Driver/Src/stm32f3xx_ll_rcc.o
                0x0000000008000808                LL_RCC_GetUSARTClockFreq
 .text.RCC_GetSystemClockFreq
                0x0000000008000888       0x44 Drivers/STM32F3xx_HAL_Driver/Src/stm32f3xx_ll_rcc.o
                0x0000000008000888                RCC_GetSystemClockFreq
 .text.RCC_GetHCLKClockFreq
                0x00000000080008cc       0x2c Drivers/STM32F3xx_HAL_Driver/Src/stm32f3xx_ll_rcc.o
                0x00000000080008cc                RCC_GetHCLKClockFreq
 .text.RCC_GetPCLK1ClockFreq
                0x00000000080008f8       0x28 Drivers/STM32F3xx_HAL_Driver/Src/stm32f3xx_ll_rcc.o
                0x00000000080008f8                RCC_GetPCLK1ClockFreq
 .text.RCC_GetPCLK2ClockFreq
                0x0000000008000920       0x28 Drivers/STM32F3xx_HAL_Driver/Src/stm32f3xx_ll_rcc.o
                0x0000000008000920                RCC_GetPCLK2ClockFreq
 .text.RCC_PLL_GetFreqDomain_SYS
                0x0000000008000948       0x78 Drivers/STM32F3xx_HAL_Driver/Src/stm32f3xx_ll_rcc.o
                0x0000000008000948                RCC_PLL_GetFreqDomain_SYS
 .text.LL_TIM_SetPrescaler
                0x00000000080009c0       0x1c Drivers/STM32F3xx_HAL_Driver/Src/stm32f3xx_ll_tim.o
 .text.LL_TIM_SetAutoReload
                0x00000000080009dc       0x1c Drivers/STM32F3xx_HAL_Driver/Src/stm32f3xx_ll_tim.o
 .text.LL_TIM_SetRepetitionCounter
                0x00000000080009f8       0x1c Drivers/STM32F3xx_HAL_Driver/Src/stm32f3xx_ll_tim.o
 .text.LL_TIM_OC_SetCompareCH1
                0x0000000008000a14       0x1c Drivers/STM32F3xx_HAL_Driver/Src/stm32f3xx_ll_tim.o
 .text.LL_TIM_OC_SetCompareCH2
                0x0000000008000a30       0x1c Drivers/STM32F3xx_HAL_Driver/Src/stm32f3xx_ll_tim.o
 .text.LL_TIM_OC_SetCompareCH3
                0x0000000008000a4c       0x1c Drivers/STM32F3xx_HAL_Driver/Src/stm32f3xx_ll_tim.o
 .text.LL_TIM_OC_SetCompareCH4
                0x0000000008000a68       0x1c Drivers/STM32F3xx_HAL_Driver/Src/stm32f3xx_ll_tim.o
 .text.LL_TIM_OC_SetCompareCH5
                0x0000000008000a84       0x1c Drivers/STM32F3xx_HAL_Driver/Src/stm32f3xx_ll_tim.o
 .text.LL_TIM_OC_SetCompareCH6
                0x0000000008000aa0       0x1c Drivers/STM32F3xx_HAL_Driver/Src/stm32f3xx_ll_tim.o
 .text.LL_TIM_GenerateEvent_UPDATE
                0x0000000008000abc       0x20 Drivers/STM32F3xx_HAL_Driver/Src/stm32f3xx_ll_tim.o
 .text.LL_TIM_Init
                0x0000000008000adc       0xe8 Drivers/STM32F3xx_HAL_Driver/Src/stm32f3xx_ll_tim.o
                0x0000000008000adc                LL_TIM_Init
 .text.LL_TIM_OC_Init
                0x0000000008000bc4       0x9a Drivers/STM32F3xx_HAL_Driver/Src/stm32f3xx_ll_tim.o
                0x0000000008000bc4                LL_TIM_OC_Init
 *fill*         0x0000000008000c5e        0x2 
 .text.OC1Config
                0x0000000008000c60      0x100 Drivers/STM32F3xx_HAL_Driver/Src/stm32f3xx_ll_tim.o
 .text.OC2Config
                0x0000000008000d60      0x108 Drivers/STM32F3xx_HAL_Driver/Src/stm32f3xx_ll_tim.o
 .text.OC3Config
                0x0000000008000e68      0x108 Drivers/STM32F3xx_HAL_Driver/Src/stm32f3xx_ll_tim.o
 .text.OC4Config
                0x0000000008000f70       0xd8 Drivers/STM32F3xx_HAL_Driver/Src/stm32f3xx_ll_tim.o
 .text.OC5Config
                0x0000000008001048       0xc4 Drivers/STM32F3xx_HAL_Driver/Src/stm32f3xx_ll_tim.o
 .text.OC6Config
                0x000000000800110c       0xc4 Drivers/STM32F3xx_HAL_Driver/Src/stm32f3xx_ll_tim.o
 .text.LL_USART_IsEnabled
                0x00000000080011d0       0x26 Drivers/STM32F3xx_HAL_Driver/Src/stm32f3xx_ll_usart.o
 .text.LL_USART_SetStopBitsLength
                0x00000000080011f6       0x26 Drivers/STM32F3xx_HAL_Driver/Src/stm32f3xx_ll_usart.o
 .text.LL_USART_SetHWFlowCtrl
                0x000000000800121c       0x26 Drivers/STM32F3xx_HAL_Driver/Src/stm32f3xx_ll_usart.o
 .text.LL_USART_SetBaudRate
                0x0000000008001242       0x64 Drivers/STM32F3xx_HAL_Driver/Src/stm32f3xx_ll_usart.o
 *fill*         0x00000000080012a6        0x2 
 .text.LL_USART_Init
                0x00000000080012a8       0xd8 Drivers/STM32F3xx_HAL_Driver/Src/stm32f3xx_ll_usart.o
                0x00000000080012a8                LL_USART_Init
 .text.LL_InitTick
                0x0000000008001380       0x34 Drivers/STM32F3xx_HAL_Driver/Src/stm32f3xx_ll_utils.o
 .text.LL_Init1msTick
                0x00000000080013b4       0x1a Drivers/STM32F3xx_HAL_Driver/Src/stm32f3xx_ll_utils.o
                0x00000000080013b4                LL_Init1msTick
 *fill*         0x00000000080013ce        0x2 
 .text.LL_mDelay
                0x00000000080013d0       0x48 Drivers/STM32F3xx_HAL_Driver/Src/stm32f3xx_ll_utils.o
                0x00000000080013d0                LL_mDelay
 .text.LL_SetSystemCoreClock
                0x0000000008001418       0x20 Drivers/STM32F3xx_HAL_Driver/Src/stm32f3xx_ll_utils.o
                0x0000000008001418                LL_SetSystemCoreClock
 .text.LL_ADC_REG_SetSequencerRanks
                0x0000000008001438       0x6a Src/adc.o
 .text.LL_ADC_SetChannelSamplingTime
                0x00000000080014a2       0x92 Src/adc.o
 .text.LL_ADC_SetChannelSingleDiff
                0x0000000008001534       0x48 Src/adc.o
 .text.LL_ADC_DisableIT_EOC
                0x000000000800157c       0x20 Src/adc.o
 .text.LL_ADC_DisableIT_EOS
                0x000000000800159c       0x20 Src/adc.o
 .text.LL_AHB1_GRP1_EnableClock
                0x00000000080015bc       0x30 Src/adc.o
 .text.MX_ADC1_Init
                0x00000000080015ec      0x104 Src/adc.o
                0x00000000080015ec                MX_ADC1_Init
 .text.NVIC_EnableIRQ
                0x00000000080016f0       0x34 Src/dma.o
 .text.NVIC_SetPriority
                0x0000000008001724       0x54 Src/dma.o
 .text.LL_AHB1_GRP1_EnableClock
                0x0000000008001778       0x30 Src/dma.o
 .text.MX_DMA_Init
                0x00000000080017a8       0x2a Src/dma.o
                0x00000000080017a8                MX_DMA_Init
 *fill*         0x00000000080017d2        0x2 
 .text.LL_AHB1_GRP1_EnableClock
                0x00000000080017d4       0x30 Src/gpio.o
 .text.LL_GPIO_ResetOutputPin
                0x0000000008001804       0x1c Src/gpio.o
 .text.MX_GPIO_Init
                0x0000000008001820       0x58 Src/gpio.o
                0x0000000008001820                MX_GPIO_Init
 .text.NVIC_SetPriorityGrouping
                0x0000000008001878       0x48 Src/main.o
 .text.LL_RCC_HSI_Enable
                0x00000000080018c0       0x20 Src/main.o
 .text.LL_RCC_HSI_IsReady
                0x00000000080018e0       0x24 Src/main.o
 .text.LL_RCC_HSI_SetCalibTrimming
                0x0000000008001904       0x2c Src/main.o
 .text.LL_RCC_SetSysClkSource
                0x0000000008001930       0x28 Src/main.o
 .text.LL_RCC_GetSysClkSource
                0x0000000008001958       0x1c Src/main.o
 .text.LL_RCC_SetAHBPrescaler
                0x0000000008001974       0x28 Src/main.o
 .text.LL_RCC_SetAPB1Prescaler
                0x000000000800199c       0x28 Src/main.o
 .text.LL_RCC_SetAPB2Prescaler
                0x00000000080019c4       0x28 Src/main.o
 .text.LL_RCC_SetADCClockSource
                0x00000000080019ec       0x28 Src/main.o
 .text.LL_RCC_PLL_Enable
                0x0000000008001a14       0x20 Src/main.o
 .text.LL_RCC_PLL_IsReady
                0x0000000008001a34       0x28 Src/main.o
 .text.LL_RCC_PLL_ConfigDomain_SYS
                0x0000000008001a5c       0x48 Src/main.o
 .text.LL_APB1_GRP1_EnableClock
                0x0000000008001aa4       0x30 Src/main.o
 .text.LL_APB2_GRP1_EnableClock
                0x0000000008001ad4       0x30 Src/main.o
 .text.LL_FLASH_SetLatency
                0x0000000008001b04       0x28 Src/main.o
 .text.LL_FLASH_GetLatency
                0x0000000008001b2c       0x1c Src/main.o
 .text.LL_SYSTICK_SetClkSource
                0x0000000008001b48       0x38 Src/main.o
 .text.main     0x0000000008001b80       0x48 Src/main.o
                0x0000000008001b80                main
 .text.SystemClock_Config
                0x0000000008001bc8       0x90 Src/main.o
                0x0000000008001bc8                SystemClock_Config
 .text.proccesDmaData
                0x0000000008001c58       0xa8 Src/main.o
                0x0000000008001c58                proccesDmaData
 .text.checkForKeyWords
                0x0000000008001d00      0x110 Src/main.o
                0x0000000008001d00                checkForKeyWords
 .text.Error_Handler
                0x0000000008001e10        0xe Src/main.o
                0x0000000008001e10                Error_Handler
 *fill*         0x0000000008001e1e        0x2 
 .text.LL_DMA_DisableChannel
                0x0000000008001e20       0x40 Src/stm32f3xx_it.o
 .text.LL_DMA_IsActiveFlag_TC6
                0x0000000008001e60       0x28 Src/stm32f3xx_it.o
 .text.LL_DMA_IsActiveFlag_TC7
                0x0000000008001e88       0x28 Src/stm32f3xx_it.o
 .text.LL_DMA_IsActiveFlag_HT6
                0x0000000008001eb0       0x28 Src/stm32f3xx_it.o
 .text.LL_DMA_ClearFlag_TC6
                0x0000000008001ed8       0x1c Src/stm32f3xx_it.o
 .text.LL_DMA_ClearFlag_TC7
                0x0000000008001ef4       0x1c Src/stm32f3xx_it.o
 .text.LL_DMA_ClearFlag_HT6
                0x0000000008001f10       0x1c Src/stm32f3xx_it.o
 .text.LL_USART_IsActiveFlag_IDLE
                0x0000000008001f2c       0x26 Src/stm32f3xx_it.o
 .text.LL_USART_IsActiveFlag_TC
                0x0000000008001f52       0x26 Src/stm32f3xx_it.o
 .text.LL_USART_ClearFlag_IDLE
                0x0000000008001f78       0x1a Src/stm32f3xx_it.o
 .text.NMI_Handler
                0x0000000008001f92        0xe Src/stm32f3xx_it.o
                0x0000000008001f92                NMI_Handler
 .text.HardFault_Handler
                0x0000000008001fa0        0x6 Src/stm32f3xx_it.o
                0x0000000008001fa0                HardFault_Handler
 .text.MemManage_Handler
                0x0000000008001fa6        0x6 Src/stm32f3xx_it.o
                0x0000000008001fa6                MemManage_Handler
 .text.BusFault_Handler
                0x0000000008001fac        0x6 Src/stm32f3xx_it.o
                0x0000000008001fac                BusFault_Handler
 .text.UsageFault_Handler
                0x0000000008001fb2        0x6 Src/stm32f3xx_it.o
                0x0000000008001fb2                UsageFault_Handler
 .text.SVC_Handler
                0x0000000008001fb8        0xe Src/stm32f3xx_it.o
                0x0000000008001fb8                SVC_Handler
 .text.DebugMon_Handler
                0x0000000008001fc6        0xe Src/stm32f3xx_it.o
                0x0000000008001fc6                DebugMon_Handler
 .text.PendSV_Handler
                0x0000000008001fd4        0xe Src/stm32f3xx_it.o
                0x0000000008001fd4                PendSV_Handler
 .text.SysTick_Handler
                0x0000000008001fe2        0xe Src/stm32f3xx_it.o
                0x0000000008001fe2                SysTick_Handler
 .text.DMA1_Channel6_IRQHandler
                0x0000000008001ff0       0x3c Src/stm32f3xx_it.o
                0x0000000008001ff0                DMA1_Channel6_IRQHandler
 .text.DMA1_Channel7_IRQHandler
                0x000000000800202c       0x38 Src/stm32f3xx_it.o
                0x000000000800202c                DMA1_Channel7_IRQHandler
 .text.TIM2_IRQHandler
                0x0000000008002064        0xe Src/stm32f3xx_it.o
                0x0000000008002064                TIM2_IRQHandler
 *fill*         0x0000000008002072        0x2 
 .text.USART2_IRQHandler
                0x0000000008002074       0x24 Src/stm32f3xx_it.o
                0x0000000008002074                USART2_IRQHandler
 .text.SystemInit
                0x0000000008002098       0x94 Src/system_stm32f3xx.o
                0x0000000008002098                SystemInit
 .text.NVIC_GetPriorityGrouping
                0x000000000800212c       0x1c Src/tim.o
 .text.NVIC_EnableIRQ
                0x0000000008002148       0x34 Src/tim.o
 .text.NVIC_SetPriority
                0x000000000800217c       0x54 Src/tim.o
 .text.NVIC_EncodePriority
                0x00000000080021d0       0x66 Src/tim.o
 *fill*         0x0000000008002236        0x2 
 .text.LL_AHB1_GRP1_EnableClock
                0x0000000008002238       0x30 Src/tim.o
 .text.LL_APB1_GRP1_EnableClock
                0x0000000008002268       0x30 Src/tim.o
 .text.LL_TIM_DisableARRPreload
                0x0000000008002298       0x20 Src/tim.o
 .text.LL_TIM_OC_DisableFast
                0x00000000080022b8       0x9c Src/tim.o
 .text.LL_TIM_OC_EnablePreload
                0x0000000008002354       0x9c Src/tim.o
 .text.LL_TIM_SetClockSource
                0x00000000080023f0       0x2a Src/tim.o
 .text.LL_TIM_SetTriggerOutput
                0x000000000800241a       0x26 Src/tim.o
 .text.LL_TIM_DisableMasterSlaveMode
                0x0000000008002440       0x20 Src/tim.o
 .text.MX_TIM2_Init
                0x0000000008002460      0x12e Src/tim.o
                0x0000000008002460                MX_TIM2_Init
 *fill*         0x000000000800258e        0x2 
 .text.NVIC_EnableIRQ
                0x0000000008002590       0x34 Src/usart.o
 .text.NVIC_SetPriority
                0x00000000080025c4       0x54 Src/usart.o
 .text.LL_DMA_EnableChannel
                0x0000000008002618       0x40 Src/usart.o
 .text.LL_DMA_DisableChannel
                0x0000000008002658       0x40 Src/usart.o
 .text.LL_DMA_SetDataTransferDirection
                0x0000000008002698       0x4c Src/usart.o
 .text.LL_DMA_GetDataTransferDirection
                0x00000000080026e4       0x30 Src/usart.o
 .text.LL_DMA_SetMode
                0x0000000008002714       0x48 Src/usart.o
 .text.LL_DMA_SetPeriphIncMode
                0x000000000800275c       0x48 Src/usart.o
 .text.LL_DMA_SetMemoryIncMode
                0x00000000080027a4       0x48 Src/usart.o
 .text.LL_DMA_SetPeriphSize
                0x00000000080027ec       0x48 Src/usart.o
 .text.LL_DMA_SetMemorySize
                0x0000000008002834       0x48 Src/usart.o
 .text.LL_DMA_SetChannelPriorityLevel
                0x000000000800287c       0x48 Src/usart.o
 .text.LL_DMA_SetDataLength
                0x00000000080028c4       0x48 Src/usart.o
 .text.LL_DMA_GetDataLength
                0x000000000800290c       0x2c Src/usart.o
 .text.LL_DMA_ConfigAddresses
                0x0000000008002938       0x78 Src/usart.o
 .text.LL_DMA_SetPeriphAddress
                0x00000000080029b0       0x30 Src/usart.o
 .text.LL_DMA_EnableIT_TE
                0x00000000080029e0       0x40 Src/usart.o
 .text.LL_AHB1_GRP1_EnableClock
                0x0000000008002a20       0x30 Src/usart.o
 .text.LL_APB1_GRP1_EnableClock
                0x0000000008002a50       0x30 Src/usart.o
 .text.LL_USART_Enable
                0x0000000008002a80       0x20 Src/usart.o
 .text.LL_USART_ConfigAsyncMode
                0x0000000008002aa0       0x2c Src/usart.o
 .text.LL_USART_DisableIT_CTS
                0x0000000008002acc       0x20 Src/usart.o
 .text.LL_USART_EnableDMAReq_RX
                0x0000000008002aec       0x20 Src/usart.o
 .text.LL_USART_EnableDMAReq_TX
                0x0000000008002b0c       0x20 Src/usart.o
 .text.LL_USART_DMA_GetRegAddr
                0x0000000008002b2c       0x2c Src/usart.o
 .text.USART2_RegisterCallback
                0x0000000008002b58       0x24 Src/usart.o
                0x0000000008002b58                USART2_RegisterCallback
 .text.MX_USART2_UART_Init
                0x0000000008002b7c      0x1b0 Src/usart.o
                0x0000000008002b7c                MX_USART2_UART_Init
 .text.USART2_CheckDmaReception
                0x0000000008002d2c       0xe8 Src/usart.o
                0x0000000008002d2c                USART2_CheckDmaReception
 .text.Reset_Handler
                0x0000000008002e14       0x50 Startup/startup_stm32f303k8tx.o
                0x0000000008002e14                Reset_Handler
 .text.Default_Handler
                0x0000000008002e64        0x2 Startup/startup_stm32f303k8tx.o
                0x0000000008002e64                RTC_Alarm_IRQHandler
                0x0000000008002e64                TIM1_CC_IRQHandler
                0x0000000008002e64                PVD_IRQHandler
                0x0000000008002e64                TAMP_STAMP_IRQHandler
                0x0000000008002e64                EXTI3_IRQHandler
                0x0000000008002e64                EXTI0_IRQHandler
                0x0000000008002e64                FPU_IRQHandler
                0x0000000008002e64                CAN_TX_IRQHandler
                0x0000000008002e64                TIM1_UP_TIM16_IRQHandler
                0x0000000008002e64                ADC1_2_IRQHandler
                0x0000000008002e64                SPI1_IRQHandler
                0x0000000008002e64                CAN_SCE_IRQHandler
                0x0000000008002e64                DMA1_Channel4_IRQHandler
                0x0000000008002e64                USART3_IRQHandler
                0x0000000008002e64                TIM7_DAC2_IRQHandler
                0x0000000008002e64                CAN_RX1_IRQHandler
                0x0000000008002e64                I2C1_EV_IRQHandler
                0x0000000008002e64                TIM3_IRQHandler
                0x0000000008002e64                RCC_IRQHandler
                0x0000000008002e64                DMA1_Channel1_IRQHandler
                0x0000000008002e64                Default_Handler
                0x0000000008002e64                EXTI15_10_IRQHandler
                0x0000000008002e64                COMP2_IRQHandler
                0x0000000008002e64                TIM6_DAC1_IRQHandler
                0x0000000008002e64                EXTI9_5_IRQHandler
                0x0000000008002e64                RTC_WKUP_IRQHandler
                0x0000000008002e64                DMA1_Channel5_IRQHandler
                0x0000000008002e64                EXTI4_IRQHandler
                0x0000000008002e64                TIM1_TRG_COM_TIM17_IRQHandler
                0x0000000008002e64                DMA1_Channel3_IRQHandler
                0x0000000008002e64                WWDG_IRQHandler
                0x0000000008002e64                EXTI1_IRQHandler
                0x0000000008002e64                COMP4_6_IRQHandler
                0x0000000008002e64                DMA1_Channel2_IRQHandler
                0x0000000008002e64                FLASH_IRQHandler
                0x0000000008002e64                USART1_IRQHandler
                0x0000000008002e64                CAN_RX0_IRQHandler
                0x0000000008002e64                I2C1_ER_IRQHandler
                0x0000000008002e64                EXTI2_TSC_IRQHandler
                0x0000000008002e64                TIM1_BRK_TIM15_IRQHandler
 .text.atoi     0x0000000008002e66        0x8 d:/stm/stm32cubeide_1.4.0/stm32cubeide/plugins/com.st.stm32cube.ide.mcu.externaltools.gnu-tools-for-stm32.7-2018-q2-update.win32_1.4.0.202007081208/tools/bin/../lib/gcc/arm-none-eabi/7.3.1/../../../../arm-none-eabi/lib/thumb/v7e-m/fpv4-sp/hard\libc_nano.a(lib_a-atoi.o)
                0x0000000008002e66                atoi
 *fill*         0x0000000008002e6e        0x2 
 .text.__libc_init_array
                0x0000000008002e70       0x48 d:/stm/stm32cubeide_1.4.0/stm32cubeide/plugins/com.st.stm32cube.ide.mcu.externaltools.gnu-tools-for-stm32.7-2018-q2-update.win32_1.4.0.202007081208/tools/bin/../lib/gcc/arm-none-eabi/7.3.1/../../../../arm-none-eabi/lib/thumb/v7e-m/fpv4-sp/hard\libc_nano.a(lib_a-init.o)
                0x0000000008002e70                __libc_init_array
 .text.__locale_ctype_ptr_l
                0x0000000008002eb8        0x6 d:/stm/stm32cubeide_1.4.0/stm32cubeide/plugins/com.st.stm32cube.ide.mcu.externaltools.gnu-tools-for-stm32.7-2018-q2-update.win32_1.4.0.202007081208/tools/bin/../lib/gcc/arm-none-eabi/7.3.1/../../../../arm-none-eabi/lib/thumb/v7e-m/fpv4-sp/hard\libc_nano.a(lib_a-locale.o)
                0x0000000008002eb8                __locale_ctype_ptr_l
 *fill*         0x0000000008002ebe        0x2 
 .text.__locale_ctype_ptr
                0x0000000008002ec0       0x1c d:/stm/stm32cubeide_1.4.0/stm32cubeide/plugins/com.st.stm32cube.ide.mcu.externaltools.gnu-tools-for-stm32.7-2018-q2-update.win32_1.4.0.202007081208/tools/bin/../lib/gcc/arm-none-eabi/7.3.1/../../../../arm-none-eabi/lib/thumb/v7e-m/fpv4-sp/hard\libc_nano.a(lib_a-locale.o)
                0x0000000008002ec0                __locale_ctype_ptr
 .text.__ascii_mbtowc
                0x0000000008002edc       0x24 d:/stm/stm32cubeide_1.4.0/stm32cubeide/plugins/com.st.stm32cube.ide.mcu.externaltools.gnu-tools-for-stm32.7-2018-q2-update.win32_1.4.0.202007081208/tools/bin/../lib/gcc/arm-none-eabi/7.3.1/../../../../arm-none-eabi/lib/thumb/v7e-m/fpv4-sp/hard\libc_nano.a(lib_a-mbtowc_r.o)
                0x0000000008002edc                __ascii_mbtowc
 .text.memset   0x0000000008002f00       0x10 d:/stm/stm32cubeide_1.4.0/stm32cubeide/plugins/com.st.stm32cube.ide.mcu.externaltools.gnu-tools-for-stm32.7-2018-q2-update.win32_1.4.0.202007081208/tools/bin/../lib/gcc/arm-none-eabi/7.3.1/../../../../arm-none-eabi/lib/thumb/v7e-m/fpv4-sp/hard\libc_nano.a(lib_a-memset.o)
                0x0000000008002f00                memset
 .text.strstr   0x0000000008002f10       0x34 d:/stm/stm32cubeide_1.4.0/stm32cubeide/plugins/com.st.stm32cube.ide.mcu.externaltools.gnu-tools-for-stm32.7-2018-q2-update.win32_1.4.0.202007081208/tools/bin/../lib/gcc/arm-none-eabi/7.3.1/../../../../arm-none-eabi/lib/thumb/v7e-m/fpv4-sp/hard\libc_nano.a(lib_a-strstr.o)
                0x0000000008002f10                strstr
 .text._strtol_l.isra.0
                0x0000000008002f44       0xf6 d:/stm/stm32cubeide_1.4.0/stm32cubeide/plugins/com.st.stm32cube.ide.mcu.externaltools.gnu-tools-for-stm32.7-2018-q2-update.win32_1.4.0.202007081208/tools/bin/../lib/gcc/arm-none-eabi/7.3.1/../../../../arm-none-eabi/lib/thumb/v7e-m/fpv4-sp/hard\libc_nano.a(lib_a-strtol.o)
 *fill*         0x000000000800303a        0x2 
 .text.strtol   0x000000000800303c       0x2c d:/stm/stm32cubeide_1.4.0/stm32cubeide/plugins/com.st.stm32cube.ide.mcu.externaltools.gnu-tools-for-stm32.7-2018-q2-update.win32_1.4.0.202007081208/tools/bin/../lib/gcc/arm-none-eabi/7.3.1/../../../../arm-none-eabi/lib/thumb/v7e-m/fpv4-sp/hard\libc_nano.a(lib_a-strtol.o)
                0x000000000800303c                strtol
 .text.__ascii_wctomb
                0x0000000008003068       0x1a d:/stm/stm32cubeide_1.4.0/stm32cubeide/plugins/com.st.stm32cube.ide.mcu.externaltools.gnu-tools-for-stm32.7-2018-q2-update.win32_1.4.0.202007081208/tools/bin/../lib/gcc/arm-none-eabi/7.3.1/../../../../arm-none-eabi/lib/thumb/v7e-m/fpv4-sp/hard\libc_nano.a(lib_a-wctomb_r.o)
                0x0000000008003068                __ascii_wctomb
 *(.glue_7)
 .glue_7        0x0000000008003082        0x0 linker stubs
 *(.glue_7t)
 .glue_7t       0x0000000008003082        0x0 linker stubs
 *(.eh_frame)
 *fill*         0x0000000008003082        0x2 
 .eh_frame      0x0000000008003084        0x0 d:/stm/stm32cubeide_1.4.0/stm32cubeide/plugins/com.st.stm32cube.ide.mcu.externaltools.gnu-tools-for-stm32.7-2018-q2-update.win32_1.4.0.202007081208/tools/bin/../lib/gcc/arm-none-eabi/7.3.1/thumb/v7e-m/fpv4-sp/hard/crtbegin.o
 *(.init)
 .init          0x0000000008003084        0x4 d:/stm/stm32cubeide_1.4.0/stm32cubeide/plugins/com.st.stm32cube.ide.mcu.externaltools.gnu-tools-for-stm32.7-2018-q2-update.win32_1.4.0.202007081208/tools/bin/../lib/gcc/arm-none-eabi/7.3.1/thumb/v7e-m/fpv4-sp/hard/crti.o
                0x0000000008003084                _init
 .init          0x0000000008003088        0x8 d:/stm/stm32cubeide_1.4.0/stm32cubeide/plugins/com.st.stm32cube.ide.mcu.externaltools.gnu-tools-for-stm32.7-2018-q2-update.win32_1.4.0.202007081208/tools/bin/../lib/gcc/arm-none-eabi/7.3.1/thumb/v7e-m/fpv4-sp/hard/crtn.o
 *(.fini)
 .fini          0x0000000008003090        0x4 d:/stm/stm32cubeide_1.4.0/stm32cubeide/plugins/com.st.stm32cube.ide.mcu.externaltools.gnu-tools-for-stm32.7-2018-q2-update.win32_1.4.0.202007081208/tools/bin/../lib/gcc/arm-none-eabi/7.3.1/thumb/v7e-m/fpv4-sp/hard/crti.o
                0x0000000008003090                _fini
 .fini          0x0000000008003094        0x8 d:/stm/stm32cubeide_1.4.0/stm32cubeide/plugins/com.st.stm32cube.ide.mcu.externaltools.gnu-tools-for-stm32.7-2018-q2-update.win32_1.4.0.202007081208/tools/bin/../lib/gcc/arm-none-eabi/7.3.1/thumb/v7e-m/fpv4-sp/hard/crtn.o
                0x000000000800309c                . = ALIGN (0x4)
                0x000000000800309c                _etext = .

.vfp11_veneer   0x000000000800309c        0x0
 .vfp11_veneer  0x000000000800309c        0x0 linker stubs

.v4_bx          0x000000000800309c        0x0
 .v4_bx         0x000000000800309c        0x0 linker stubs

.iplt           0x000000000800309c        0x0
 .iplt          0x000000000800309c        0x0 d:/stm/stm32cubeide_1.4.0/stm32cubeide/plugins/com.st.stm32cube.ide.mcu.externaltools.gnu-tools-for-stm32.7-2018-q2-update.win32_1.4.0.202007081208/tools/bin/../lib/gcc/arm-none-eabi/7.3.1/thumb/v7e-m/fpv4-sp/hard/crtbegin.o

.rodata         0x000000000800309c      0x15c
                0x000000000800309c                . = ALIGN (0x4)
 *(.rodata)
 .rodata        0x000000000800309c        0xf Src/main.o
 *(.rodata*)
 *fill*         0x00000000080030ab        0x1 
 .rodata.CHANNEL_OFFSET_TAB
                0x00000000080030ac        0x7 Src/stm32f3xx_it.o
 *fill*         0x00000000080030b3        0x1 
 .rodata.AHBPrescTable
                0x00000000080030b4       0x10 Src/system_stm32f3xx.o
                0x00000000080030b4                AHBPrescTable
 .rodata.APBPrescTable
                0x00000000080030c4        0x8 Src/system_stm32f3xx.o
                0x00000000080030c4                APBPrescTable
 .rodata.OFFSET_TAB_CCMRx
                0x00000000080030cc        0x9 Src/tim.o
 *fill*         0x00000000080030d5        0x3 
 .rodata.SHIFT_TAB_OCxx
                0x00000000080030d8        0x9 Src/tim.o
 *fill*         0x00000000080030e1        0x3 
 .rodata.CHANNEL_OFFSET_TAB
                0x00000000080030e4        0x7 Src/usart.o
 .rodata._setlocale_r.str1.1
                0x00000000080030eb        0x8 d:/stm/stm32cubeide_1.4.0/stm32cubeide/plugins/com.st.stm32cube.ide.mcu.externaltools.gnu-tools-for-stm32.7-2018-q2-update.win32_1.4.0.202007081208/tools/bin/../lib/gcc/arm-none-eabi/7.3.1/../../../../arm-none-eabi/lib/thumb/v7e-m/fpv4-sp/hard\libc_nano.a(lib_a-locale.o)
                                          0x9 (size before relaxing)
 .rodata.str1.1
                0x00000000080030f3        0x2 d:/stm/stm32cubeide_1.4.0/stm32cubeide/plugins/com.st.stm32cube.ide.mcu.externaltools.gnu-tools-for-stm32.7-2018-q2-update.win32_1.4.0.202007081208/tools/bin/../lib/gcc/arm-none-eabi/7.3.1/../../../../arm-none-eabi/lib/thumb/v7e-m/fpv4-sp/hard\libc_nano.a(lib_a-locale.o)
 .rodata._ctype_
                0x00000000080030f5      0x101 d:/stm/stm32cubeide_1.4.0/stm32cubeide/plugins/com.st.stm32cube.ide.mcu.externaltools.gnu-tools-for-stm32.7-2018-q2-update.win32_1.4.0.202007081208/tools/bin/../lib/gcc/arm-none-eabi/7.3.1/../../../../arm-none-eabi/lib/thumb/v7e-m/fpv4-sp/hard\libc_nano.a(lib_a-ctype_.o)
                0x00000000080030f5                _ctype_
                0x00000000080031f8                . = ALIGN (0x4)
 *fill*         0x00000000080031f6        0x2 

.rel.dyn        0x00000000080031f8        0x0
 .rel.iplt      0x00000000080031f8        0x0 d:/stm/stm32cubeide_1.4.0/stm32cubeide/plugins/com.st.stm32cube.ide.mcu.externaltools.gnu-tools-for-stm32.7-2018-q2-update.win32_1.4.0.202007081208/tools/bin/../lib/gcc/arm-none-eabi/7.3.1/thumb/v7e-m/fpv4-sp/hard/crtbegin.o

.ARM.extab      0x00000000080031f8        0x0
                0x00000000080031f8                . = ALIGN (0x4)
 *(.ARM.extab* .gnu.linkonce.armextab.*)
                0x00000000080031f8                . = ALIGN (0x4)

.ARM            0x00000000080031f8        0x0
                0x00000000080031f8                . = ALIGN (0x4)
                0x00000000080031f8                __exidx_start = .
 *(.ARM.exidx*)
                0x00000000080031f8                __exidx_end = .
                0x00000000080031f8                . = ALIGN (0x4)

.preinit_array  0x00000000080031f8        0x0
                0x00000000080031f8                . = ALIGN (0x4)
                0x00000000080031f8                PROVIDE (__preinit_array_start = .)
 *(.preinit_array*)
                0x00000000080031f8                PROVIDE (__preinit_array_end = .)
                0x00000000080031f8                . = ALIGN (0x4)

.init_array     0x00000000080031f8        0x4
                0x00000000080031f8                . = ALIGN (0x4)
                0x00000000080031f8                PROVIDE (__init_array_start = .)
 *(SORT_BY_NAME(.init_array.*))
 *(.init_array*)
 .init_array    0x00000000080031f8        0x4 d:/stm/stm32cubeide_1.4.0/stm32cubeide/plugins/com.st.stm32cube.ide.mcu.externaltools.gnu-tools-for-stm32.7-2018-q2-update.win32_1.4.0.202007081208/tools/bin/../lib/gcc/arm-none-eabi/7.3.1/thumb/v7e-m/fpv4-sp/hard/crtbegin.o
                0x00000000080031fc                PROVIDE (__init_array_end = .)
                0x00000000080031fc                . = ALIGN (0x4)

.fini_array     0x00000000080031fc        0x4
                0x00000000080031fc                . = ALIGN (0x4)
                [!provide]                        PROVIDE (__fini_array_start = .)
 *(SORT_BY_NAME(.fini_array.*))
 *(.fini_array*)
 .fini_array    0x00000000080031fc        0x4 d:/stm/stm32cubeide_1.4.0/stm32cubeide/plugins/com.st.stm32cube.ide.mcu.externaltools.gnu-tools-for-stm32.7-2018-q2-update.win32_1.4.0.202007081208/tools/bin/../lib/gcc/arm-none-eabi/7.3.1/thumb/v7e-m/fpv4-sp/hard/crtbegin.o
                [!provide]                        PROVIDE (__fini_array_end = .)
                0x0000000008003200                . = ALIGN (0x4)
                0x0000000008003200                _sidata = LOADADDR (.data)

.data           0x0000000020000000      0x1d4 load address 0x0000000008003200
                0x0000000020000000                . = ALIGN (0x4)
                0x0000000020000000                _sdata = .
 *(.data)
 *(.data*)
 .data.SystemCoreClock
                0x0000000020000000        0x4 Src/system_stm32f3xx.o
                0x0000000020000000                SystemCoreClock
 .data._impure_ptr
                0x0000000020000004        0x4 d:/stm/stm32cubeide_1.4.0/stm32cubeide/plugins/com.st.stm32cube.ide.mcu.externaltools.gnu-tools-for-stm32.7-2018-q2-update.win32_1.4.0.202007081208/tools/bin/../lib/gcc/arm-none-eabi/7.3.1/../../../../arm-none-eabi/lib/thumb/v7e-m/fpv4-sp/hard\libc_nano.a(lib_a-impure.o)
                0x0000000020000004                _impure_ptr
 .data.impure_data
                0x0000000020000008       0x60 d:/stm/stm32cubeide_1.4.0/stm32cubeide/plugins/com.st.stm32cube.ide.mcu.externaltools.gnu-tools-for-stm32.7-2018-q2-update.win32_1.4.0.202007081208/tools/bin/../lib/gcc/arm-none-eabi/7.3.1/../../../../arm-none-eabi/lib/thumb/v7e-m/fpv4-sp/hard\libc_nano.a(lib_a-impure.o)
 .data.__global_locale
                0x0000000020000068      0x16c d:/stm/stm32cubeide_1.4.0/stm32cubeide/plugins/com.st.stm32cube.ide.mcu.externaltools.gnu-tools-for-stm32.7-2018-q2-update.win32_1.4.0.202007081208/tools/bin/../lib/gcc/arm-none-eabi/7.3.1/../../../../arm-none-eabi/lib/thumb/v7e-m/fpv4-sp/hard\libc_nano.a(lib_a-locale.o)
                0x0000000020000068                __global_locale
                0x00000000200001d4                . = ALIGN (0x4)
                0x00000000200001d4                _edata = .

.igot.plt       0x00000000200001d4        0x0 load address 0x00000000080033d4
 .igot.plt      0x00000000200001d4        0x0 d:/stm/stm32cubeide_1.4.0/stm32cubeide/plugins/com.st.stm32cube.ide.mcu.externaltools.gnu-tools-for-stm32.7-2018-q2-update.win32_1.4.0.202007081208/tools/bin/../lib/gcc/arm-none-eabi/7.3.1/thumb/v7e-m/fpv4-sp/hard/crtbegin.o
                0x00000000200001d4                . = ALIGN (0x4)

.bss            0x00000000200001d4      0x144 load address 0x00000000080033d4
                0x00000000200001d4                _sbss = .
                0x00000000200001d4                __bss_start__ = _sbss
 *(.bss)
 .bss           0x00000000200001d4       0x1c d:/stm/stm32cubeide_1.4.0/stm32cubeide/plugins/com.st.stm32cube.ide.mcu.externaltools.gnu-tools-for-stm32.7-2018-q2-update.win32_1.4.0.202007081208/tools/bin/../lib/gcc/arm-none-eabi/7.3.1/thumb/v7e-m/fpv4-sp/hard/crtbegin.o
 *(.bss*)
 .bss.start     0x00000000200001f0        0x4 Src/main.o
                0x00000000200001f0                start
 .bss.poc_prijatych
                0x00000000200001f4        0x4 Src/main.o
                0x00000000200001f4                poc_prijatych
 .bss.mode_auto
                0x00000000200001f8        0x4 Src/main.o
                0x00000000200001f8                mode_auto
 .bss.pwm_cnt   0x00000000200001fc        0x4 Src/main.o
                0x00000000200001fc                pwm_cnt
 .bss.USART2_ProcessData
                0x0000000020000200        0x4 Src/usart.o
 .bss.old_pos.10448
                0x0000000020000204        0x1 Src/usart.o
 *(COMMON)
 *fill*         0x0000000020000205        0x3 
 COMMON         0x0000000020000208        0xa Src/main.o
                0x0000000020000208                pole
 *fill*         0x0000000020000212        0x2 
 COMMON         0x0000000020000214      0x104 Src/usart.o
                0x0000000020000214                pos
                0x0000000020000218                bufferUSART2dma
                0x0000000020000318                . = ALIGN (0x4)
                0x0000000020000318                _ebss = .
                0x0000000020000318                __bss_end__ = _ebss

._user_heap_stack
                0x0000000020000318      0x600 load address 0x00000000080033d4
                0x0000000020000318                . = ALIGN (0x8)
                0x0000000020000318                PROVIDE (end = .)
                [!provide]                        PROVIDE (_end = .)
                0x0000000020000518                . = (. + _Min_Heap_Size)
 *fill*         0x0000000020000318      0x200 
                0x0000000020000918                . = (. + _Min_Stack_Size)
 *fill*         0x0000000020000518      0x400 
                0x0000000020000918                . = ALIGN (0x8)

/DISCARD/
 libc.a(*)
 libm.a(*)
 libgcc.a(*)

.ARM.attributes
                0x0000000000000000       0x30
 *(.ARM.attributes)
 .ARM.attributes
                0x0000000000000000       0x22 d:/stm/stm32cubeide_1.4.0/stm32cubeide/plugins/com.st.stm32cube.ide.mcu.externaltools.gnu-tools-for-stm32.7-2018-q2-update.win32_1.4.0.202007081208/tools/bin/../lib/gcc/arm-none-eabi/7.3.1/thumb/v7e-m/fpv4-sp/hard/crti.o
 .ARM.attributes
                0x0000000000000022       0x34 d:/stm/stm32cubeide_1.4.0/stm32cubeide/plugins/com.st.stm32cube.ide.mcu.externaltools.gnu-tools-for-stm32.7-2018-q2-update.win32_1.4.0.202007081208/tools/bin/../lib/gcc/arm-none-eabi/7.3.1/thumb/v7e-m/fpv4-sp/hard/crtbegin.o
 .ARM.attributes
                0x0000000000000056       0x39 Drivers/STM32F3xx_HAL_Driver/Src/stm32f3xx_ll_adc.o
 .ARM.attributes
                0x000000000000008f       0x39 Drivers/STM32F3xx_HAL_Driver/Src/stm32f3xx_ll_gpio.o
 .ARM.attributes
                0x00000000000000c8       0x39 Drivers/STM32F3xx_HAL_Driver/Src/stm32f3xx_ll_rcc.o
 .ARM.attributes
                0x0000000000000101       0x39 Drivers/STM32F3xx_HAL_Driver/Src/stm32f3xx_ll_tim.o
 .ARM.attributes
                0x000000000000013a       0x39 Drivers/STM32F3xx_HAL_Driver/Src/stm32f3xx_ll_usart.o
 .ARM.attributes
                0x0000000000000173       0x39 Drivers/STM32F3xx_HAL_Driver/Src/stm32f3xx_ll_utils.o
 .ARM.attributes
                0x00000000000001ac       0x39 Src/adc.o
 .ARM.attributes
                0x00000000000001e5       0x39 Src/dma.o
 .ARM.attributes
                0x000000000000021e       0x39 Src/gpio.o
 .ARM.attributes
                0x0000000000000257       0x39 Src/main.o
 .ARM.attributes
                0x0000000000000290       0x39 Src/stm32f3xx_it.o
 .ARM.attributes
                0x00000000000002c9       0x39 Src/system_stm32f3xx.o
 .ARM.attributes
                0x0000000000000302       0x39 Src/tim.o
 .ARM.attributes
                0x000000000000033b       0x39 Src/usart.o
 .ARM.attributes
                0x0000000000000374       0x21 Startup/startup_stm32f303k8tx.o
 .ARM.attributes
                0x0000000000000395       0x34 d:/stm/stm32cubeide_1.4.0/stm32cubeide/plugins/com.st.stm32cube.ide.mcu.externaltools.gnu-tools-for-stm32.7-2018-q2-update.win32_1.4.0.202007081208/tools/bin/../lib/gcc/arm-none-eabi/7.3.1/../../../../arm-none-eabi/lib/thumb/v7e-m/fpv4-sp/hard\libc_nano.a(lib_a-atoi.o)
 .ARM.attributes
                0x00000000000003c9       0x34 d:/stm/stm32cubeide_1.4.0/stm32cubeide/plugins/com.st.stm32cube.ide.mcu.externaltools.gnu-tools-for-stm32.7-2018-q2-update.win32_1.4.0.202007081208/tools/bin/../lib/gcc/arm-none-eabi/7.3.1/../../../../arm-none-eabi/lib/thumb/v7e-m/fpv4-sp/hard\libc_nano.a(lib_a-impure.o)
 .ARM.attributes
                0x00000000000003fd       0x34 d:/stm/stm32cubeide_1.4.0/stm32cubeide/plugins/com.st.stm32cube.ide.mcu.externaltools.gnu-tools-for-stm32.7-2018-q2-update.win32_1.4.0.202007081208/tools/bin/../lib/gcc/arm-none-eabi/7.3.1/../../../../arm-none-eabi/lib/thumb/v7e-m/fpv4-sp/hard\libc_nano.a(lib_a-init.o)
 .ARM.attributes
                0x0000000000000431       0x34 d:/stm/stm32cubeide_1.4.0/stm32cubeide/plugins/com.st.stm32cube.ide.mcu.externaltools.gnu-tools-for-stm32.7-2018-q2-update.win32_1.4.0.202007081208/tools/bin/../lib/gcc/arm-none-eabi/7.3.1/../../../../arm-none-eabi/lib/thumb/v7e-m/fpv4-sp/hard\libc_nano.a(lib_a-locale.o)
 .ARM.attributes
                0x0000000000000465       0x34 d:/stm/stm32cubeide_1.4.0/stm32cubeide/plugins/com.st.stm32cube.ide.mcu.externaltools.gnu-tools-for-stm32.7-2018-q2-update.win32_1.4.0.202007081208/tools/bin/../lib/gcc/arm-none-eabi/7.3.1/../../../../arm-none-eabi/lib/thumb/v7e-m/fpv4-sp/hard\libc_nano.a(lib_a-mbtowc_r.o)
 .ARM.attributes
                0x0000000000000499       0x34 d:/stm/stm32cubeide_1.4.0/stm32cubeide/plugins/com.st.stm32cube.ide.mcu.externaltools.gnu-tools-for-stm32.7-2018-q2-update.win32_1.4.0.202007081208/tools/bin/../lib/gcc/arm-none-eabi/7.3.1/../../../../arm-none-eabi/lib/thumb/v7e-m/fpv4-sp/hard\libc_nano.a(lib_a-memset.o)
 .ARM.attributes
                0x00000000000004cd       0x20 d:/stm/stm32cubeide_1.4.0/stm32cubeide/plugins/com.st.stm32cube.ide.mcu.externaltools.gnu-tools-for-stm32.7-2018-q2-update.win32_1.4.0.202007081208/tools/bin/../lib/gcc/arm-none-eabi/7.3.1/../../../../arm-none-eabi/lib/thumb/v7e-m/fpv4-sp/hard\libc_nano.a(lib_a-strcmp.o)
 .ARM.attributes
                0x00000000000004ed       0x1b d:/stm/stm32cubeide_1.4.0/stm32cubeide/plugins/com.st.stm32cube.ide.mcu.externaltools.gnu-tools-for-stm32.7-2018-q2-update.win32_1.4.0.202007081208/tools/bin/../lib/gcc/arm-none-eabi/7.3.1/../../../../arm-none-eabi/lib/thumb/v7e-m/fpv4-sp/hard\libc_nano.a(lib_a-strlen.o)
 .ARM.attributes
                0x0000000000000508       0x34 d:/stm/stm32cubeide_1.4.0/stm32cubeide/plugins/com.st.stm32cube.ide.mcu.externaltools.gnu-tools-for-stm32.7-2018-q2-update.win32_1.4.0.202007081208/tools/bin/../lib/gcc/arm-none-eabi/7.3.1/../../../../arm-none-eabi/lib/thumb/v7e-m/fpv4-sp/hard\libc_nano.a(lib_a-strstr.o)
 .ARM.attributes
                0x000000000000053c       0x34 d:/stm/stm32cubeide_1.4.0/stm32cubeide/plugins/com.st.stm32cube.ide.mcu.externaltools.gnu-tools-for-stm32.7-2018-q2-update.win32_1.4.0.202007081208/tools/bin/../lib/gcc/arm-none-eabi/7.3.1/../../../../arm-none-eabi/lib/thumb/v7e-m/fpv4-sp/hard\libc_nano.a(lib_a-strtol.o)
 .ARM.attributes
                0x0000000000000570       0x34 d:/stm/stm32cubeide_1.4.0/stm32cubeide/plugins/com.st.stm32cube.ide.mcu.externaltools.gnu-tools-for-stm32.7-2018-q2-update.win32_1.4.0.202007081208/tools/bin/../lib/gcc/arm-none-eabi/7.3.1/../../../../arm-none-eabi/lib/thumb/v7e-m/fpv4-sp/hard\libc_nano.a(lib_a-wctomb_r.o)
 .ARM.attributes
                0x00000000000005a4       0x34 d:/stm/stm32cubeide_1.4.0/stm32cubeide/plugins/com.st.stm32cube.ide.mcu.externaltools.gnu-tools-for-stm32.7-2018-q2-update.win32_1.4.0.202007081208/tools/bin/../lib/gcc/arm-none-eabi/7.3.1/../../../../arm-none-eabi/lib/thumb/v7e-m/fpv4-sp/hard\libc_nano.a(lib_a-ctype_.o)
 .ARM.attributes
                0x00000000000005d8       0x22 d:/stm/stm32cubeide_1.4.0/stm32cubeide/plugins/com.st.stm32cube.ide.mcu.externaltools.gnu-tools-for-stm32.7-2018-q2-update.win32_1.4.0.202007081208/tools/bin/../lib/gcc/arm-none-eabi/7.3.1/thumb/v7e-m/fpv4-sp/hard/crtn.o
OUTPUT(zad8abc.elf elf32-littlearm)

.debug_info     0x0000000000000000     0x8c87
 .debug_info    0x0000000000000000      0xa2a Drivers/STM32F3xx_HAL_Driver/Src/stm32f3xx_ll_adc.o
 .debug_info    0x0000000000000a2a      0x7e2 Drivers/STM32F3xx_HAL_Driver/Src/stm32f3xx_ll_gpio.o
 .debug_info    0x000000000000120c      0x704 Drivers/STM32F3xx_HAL_Driver/Src/stm32f3xx_ll_rcc.o
 .debug_info    0x0000000000001910      0xf9f Drivers/STM32F3xx_HAL_Driver/Src/stm32f3xx_ll_tim.o
 .debug_info    0x00000000000028af      0x6be Drivers/STM32F3xx_HAL_Driver/Src/stm32f3xx_ll_usart.o
 .debug_info    0x0000000000002f6d      0x818 Drivers/STM32F3xx_HAL_Driver/Src/stm32f3xx_ll_utils.o
 .debug_info    0x0000000000003785      0x91a Src/adc.o
 .debug_info    0x000000000000409f      0x71b Src/dma.o
 .debug_info    0x00000000000047ba      0x3ff Src/gpio.o
 .debug_info    0x0000000000004bb9     0x117d Src/main.o
 .debug_info    0x0000000000005d36      0x59a Src/stm32f3xx_it.o
 .debug_info    0x00000000000062d0      0x400 Src/system_stm32f3xx.o
 .debug_info    0x00000000000066d0      0xcae Src/tim.o
 .debug_info    0x000000000000737e     0x18e7 Src/usart.o
 .debug_info    0x0000000000008c65       0x22 Startup/startup_stm32f303k8tx.o

.debug_abbrev   0x0000000000000000     0x1ab1
 .debug_abbrev  0x0000000000000000      0x19e Drivers/STM32F3xx_HAL_Driver/Src/stm32f3xx_ll_adc.o
 .debug_abbrev  0x000000000000019e      0x212 Drivers/STM32F3xx_HAL_Driver/Src/stm32f3xx_ll_gpio.o
 .debug_abbrev  0x00000000000003b0      0x238 Drivers/STM32F3xx_HAL_Driver/Src/stm32f3xx_ll_rcc.o
 .debug_abbrev  0x00000000000005e8      0x1ff Drivers/STM32F3xx_HAL_Driver/Src/stm32f3xx_ll_tim.o
 .debug_abbrev  0x00000000000007e7      0x1b1 Drivers/STM32F3xx_HAL_Driver/Src/stm32f3xx_ll_usart.o
 .debug_abbrev  0x0000000000000998      0x266 Drivers/STM32F3xx_HAL_Driver/Src/stm32f3xx_ll_utils.o
 .debug_abbrev  0x0000000000000bfe      0x1ad Src/adc.o
 .debug_abbrev  0x0000000000000dab      0x17e Src/dma.o
 .debug_abbrev  0x0000000000000f29      0x15d Src/gpio.o
 .debug_abbrev  0x0000000000001086      0x2d7 Src/main.o
 .debug_abbrev  0x000000000000135d      0x176 Src/stm32f3xx_it.o
 .debug_abbrev  0x00000000000014d3      0x111 Src/system_stm32f3xx.o
 .debug_abbrev  0x00000000000015e4      0x1d0 Src/tim.o
 .debug_abbrev  0x00000000000017b4      0x2eb Src/usart.o
 .debug_abbrev  0x0000000000001a9f       0x12 Startup/startup_stm32f303k8tx.o

.debug_aranges  0x0000000000000000      0x958
 .debug_aranges
                0x0000000000000000       0xe0 Drivers/STM32F3xx_HAL_Driver/Src/stm32f3xx_ll_adc.o
 .debug_aranges
                0x00000000000000e0       0x70 Drivers/STM32F3xx_HAL_Driver/Src/stm32f3xx_ll_gpio.o
 .debug_aranges
                0x0000000000000150      0x100 Drivers/STM32F3xx_HAL_Driver/Src/stm32f3xx_ll_rcc.o
 .debug_aranges
                0x0000000000000250      0x148 Drivers/STM32F3xx_HAL_Driver/Src/stm32f3xx_ll_tim.o
 .debug_aranges
                0x0000000000000398       0x88 Drivers/STM32F3xx_HAL_Driver/Src/stm32f3xx_ll_usart.o
 .debug_aranges
                0x0000000000000420       0xf0 Drivers/STM32F3xx_HAL_Driver/Src/stm32f3xx_ll_utils.o
 .debug_aranges
                0x0000000000000510       0x50 Src/adc.o
 .debug_aranges
                0x0000000000000560       0x38 Src/dma.o
 .debug_aranges
                0x0000000000000598       0x30 Src/gpio.o
 .debug_aranges
                0x00000000000005c8       0xd0 Src/main.o
 .debug_aranges
                0x0000000000000698       0xd0 Src/stm32f3xx_it.o
 .debug_aranges
                0x0000000000000768       0x28 Src/system_stm32f3xx.o
 .debug_aranges
                0x0000000000000790       0x80 Src/tim.o
 .debug_aranges
                0x0000000000000810      0x120 Src/usart.o
 .debug_aranges
                0x0000000000000930       0x28 Startup/startup_stm32f303k8tx.o

.debug_ranges   0x0000000000000000      0x870
 .debug_ranges  0x0000000000000000       0xd0 Drivers/STM32F3xx_HAL_Driver/Src/stm32f3xx_ll_adc.o
 .debug_ranges  0x00000000000000d0       0x60 Drivers/STM32F3xx_HAL_Driver/Src/stm32f3xx_ll_gpio.o
 .debug_ranges  0x0000000000000130       0xf0 Drivers/STM32F3xx_HAL_Driver/Src/stm32f3xx_ll_rcc.o
 .debug_ranges  0x0000000000000220      0x138 Drivers/STM32F3xx_HAL_Driver/Src/stm32f3xx_ll_tim.o
 .debug_ranges  0x0000000000000358       0x78 Drivers/STM32F3xx_HAL_Driver/Src/stm32f3xx_ll_usart.o
 .debug_ranges  0x00000000000003d0       0xe0 Drivers/STM32F3xx_HAL_Driver/Src/stm32f3xx_ll_utils.o
 .debug_ranges  0x00000000000004b0       0x40 Src/adc.o
 .debug_ranges  0x00000000000004f0       0x28 Src/dma.o
 .debug_ranges  0x0000000000000518       0x20 Src/gpio.o
 .debug_ranges  0x0000000000000538       0xc0 Src/main.o
 .debug_ranges  0x00000000000005f8       0xc0 Src/stm32f3xx_it.o
 .debug_ranges  0x00000000000006b8       0x18 Src/system_stm32f3xx.o
 .debug_ranges  0x00000000000006d0       0x70 Src/tim.o
 .debug_ranges  0x0000000000000740      0x110 Src/usart.o
 .debug_ranges  0x0000000000000850       0x20 Startup/startup_stm32f303k8tx.o

.debug_macro    0x0000000000000000    0x186c4
 .debug_macro   0x0000000000000000      0x17c Drivers/STM32F3xx_HAL_Driver/Src/stm32f3xx_ll_adc.o
 .debug_macro   0x000000000000017c      0xa96 Drivers/STM32F3xx_HAL_Driver/Src/stm32f3xx_ll_adc.o
 .debug_macro   0x0000000000000c12       0x2f Drivers/STM32F3xx_HAL_Driver/Src/stm32f3xx_ll_adc.o
 .debug_macro   0x0000000000000c41       0x28 Drivers/STM32F3xx_HAL_Driver/Src/stm32f3xx_ll_adc.o
 .debug_macro   0x0000000000000c69       0x22 Drivers/STM32F3xx_HAL_Driver/Src/stm32f3xx_ll_adc.o
 .debug_macro   0x0000000000000c8b       0x8e Drivers/STM32F3xx_HAL_Driver/Src/stm32f3xx_ll_adc.o
 .debug_macro   0x0000000000000d19       0x51 Drivers/STM32F3xx_HAL_Driver/Src/stm32f3xx_ll_adc.o
 .debug_macro   0x0000000000000d6a       0xef Drivers/STM32F3xx_HAL_Driver/Src/stm32f3xx_ll_adc.o
 .debug_macro   0x0000000000000e59       0x6a Drivers/STM32F3xx_HAL_Driver/Src/stm32f3xx_ll_adc.o
 .debug_macro   0x0000000000000ec3      0x1df Drivers/STM32F3xx_HAL_Driver/Src/stm32f3xx_ll_adc.o
 .debug_macro   0x00000000000010a2       0x35 Drivers/STM32F3xx_HAL_Driver/Src/stm32f3xx_ll_adc.o
 .debug_macro   0x00000000000010d7       0x50 Drivers/STM32F3xx_HAL_Driver/Src/stm32f3xx_ll_adc.o
 .debug_macro   0x0000000000001127      0xd40 Drivers/STM32F3xx_HAL_Driver/Src/stm32f3xx_ll_adc.o
 .debug_macro   0x0000000000001e67    0x10bf5 Drivers/STM32F3xx_HAL_Driver/Src/stm32f3xx_ll_adc.o
 .debug_macro   0x0000000000012a5c       0x43 Drivers/STM32F3xx_HAL_Driver/Src/stm32f3xx_ll_adc.o
 .debug_macro   0x0000000000012a9f      0xd39 Drivers/STM32F3xx_HAL_Driver/Src/stm32f3xx_ll_adc.o
 .debug_macro   0x00000000000137d8       0xe5 Drivers/STM32F3xx_HAL_Driver/Src/stm32f3xx_ll_adc.o
 .debug_macro   0x00000000000138bd      0x10c Drivers/STM32F3xx_HAL_Driver/Src/stm32f3xx_ll_gpio.o
 .debug_macro   0x00000000000139c9      0x149 Drivers/STM32F3xx_HAL_Driver/Src/stm32f3xx_ll_gpio.o
 .debug_macro   0x0000000000013b12       0xff Drivers/STM32F3xx_HAL_Driver/Src/stm32f3xx_ll_rcc.o
 .debug_macro   0x0000000000013c11      0x4b5 Drivers/STM32F3xx_HAL_Driver/Src/stm32f3xx_ll_rcc.o
 .debug_macro   0x00000000000140c6      0x179 Drivers/STM32F3xx_HAL_Driver/Src/stm32f3xx_ll_tim.o
 .debug_macro   0x000000000001423f      0x800 Drivers/STM32F3xx_HAL_Driver/Src/stm32f3xx_ll_tim.o
 .debug_macro   0x0000000000014a3f      0x13f Drivers/STM32F3xx_HAL_Driver/Src/stm32f3xx_ll_usart.o
 .debug_macro   0x0000000000014b7e      0x2f1 Drivers/STM32F3xx_HAL_Driver/Src/stm32f3xx_ll_usart.o
 .debug_macro   0x0000000000014e6f      0x4bb Drivers/STM32F3xx_HAL_Driver/Src/stm32f3xx_ll_usart.o
 .debug_macro   0x000000000001532a      0x14a Drivers/STM32F3xx_HAL_Driver/Src/stm32f3xx_ll_utils.o
 .debug_macro   0x0000000000015474       0x30 Drivers/STM32F3xx_HAL_Driver/Src/stm32f3xx_ll_utils.o
 .debug_macro   0x00000000000154a4      0x2a5 Drivers/STM32F3xx_HAL_Driver/Src/stm32f3xx_ll_utils.o
 .debug_macro   0x0000000000015749       0xaf Drivers/STM32F3xx_HAL_Driver/Src/stm32f3xx_ll_utils.o
 .debug_macro   0x00000000000157f8      0x155 Src/adc.o
 .debug_macro   0x000000000001594d      0x287 Src/adc.o
 .debug_macro   0x0000000000015bd4      0x102 Src/adc.o
 .debug_macro   0x0000000000015cd6       0x28 Src/adc.o
 .debug_macro   0x0000000000015cfe      0x806 Src/adc.o
 .debug_macro   0x0000000000016504      0x2f7 Src/adc.o
 .debug_macro   0x00000000000167fb      0x14f Src/adc.o
 .debug_macro   0x000000000001694a       0x22 Src/adc.o
 .debug_macro   0x000000000001696c      0x155 Src/dma.o
 .debug_macro   0x0000000000016ac1      0x155 Src/gpio.o
 .debug_macro   0x0000000000016c16      0x36a Src/main.o
 .debug_macro   0x0000000000016f80       0x10 Src/main.o
 .debug_macro   0x0000000000016f90       0x46 Src/main.o
 .debug_macro   0x0000000000016fd6       0x18 Src/main.o
 .debug_macro   0x0000000000016fee       0x3c Src/main.o
 .debug_macro   0x000000000001702a       0x34 Src/main.o
 .debug_macro   0x000000000001705e       0x16 Src/main.o
 .debug_macro   0x0000000000017074       0x97 Src/main.o
 .debug_macro   0x000000000001710b      0x330 Src/main.o
 .debug_macro   0x000000000001743b       0xfd Src/main.o
 .debug_macro   0x0000000000017538       0x10 Src/main.o
 .debug_macro   0x0000000000017548       0x52 Src/main.o
 .debug_macro   0x000000000001759a       0x1f Src/main.o
 .debug_macro   0x00000000000175b9       0x43 Src/main.o
 .debug_macro   0x00000000000175fc       0x20 Src/main.o
 .debug_macro   0x000000000001761c      0x1a3 Src/main.o
 .debug_macro   0x00000000000177bf       0x10 Src/main.o
 .debug_macro   0x00000000000177cf       0x1c Src/main.o
 .debug_macro   0x00000000000177eb       0x52 Src/main.o
 .debug_macro   0x000000000001783d       0x40 Src/main.o
 .debug_macro   0x000000000001787d       0x10 Src/main.o
 .debug_macro   0x000000000001788d       0x40 Src/main.o
 .debug_macro   0x00000000000178cd       0xd7 Src/main.o
 .debug_macro   0x00000000000179a4       0x1c Src/main.o
 .debug_macro   0x00000000000179c0       0x3d Src/main.o
 .debug_macro   0x00000000000179fd       0x16 Src/main.o
 .debug_macro   0x0000000000017a13      0x145 Src/main.o
 .debug_macro   0x0000000000017b58      0x10b Src/main.o
 .debug_macro   0x0000000000017c63       0x16 Src/main.o
 .debug_macro   0x0000000000017c79       0x35 Src/main.o
 .debug_macro   0x0000000000017cae       0x16 Src/main.o
 .debug_macro   0x0000000000017cc4       0x29 Src/main.o
 .debug_macro   0x0000000000017ced      0x1e1 Src/main.o
 .debug_macro   0x0000000000017ece      0x201 Src/main.o
 .debug_macro   0x00000000000180cf       0x16 Src/main.o
 .debug_macro   0x00000000000180e5       0x20 Src/main.o
 .debug_macro   0x0000000000018105      0x169 Src/stm32f3xx_it.o
 .debug_macro   0x000000000001826e       0xd0 Src/system_stm32f3xx.o
 .debug_macro   0x000000000001833e      0x155 Src/tim.o
 .debug_macro   0x0000000000018493      0x221 Src/usart.o
 .debug_macro   0x00000000000186b4       0x10 Src/usart.o

.debug_line     0x0000000000000000     0x66ce
 .debug_line    0x0000000000000000      0x721 Drivers/STM32F3xx_HAL_Driver/Src/stm32f3xx_ll_adc.o
 .debug_line    0x0000000000000721      0x674 Drivers/STM32F3xx_HAL_Driver/Src/stm32f3xx_ll_gpio.o
 .debug_line    0x0000000000000d95      0x74f Drivers/STM32F3xx_HAL_Driver/Src/stm32f3xx_ll_rcc.o
 .debug_line    0x00000000000014e4      0x981 Drivers/STM32F3xx_HAL_Driver/Src/stm32f3xx_ll_tim.o
 .debug_line    0x0000000000001e65      0x625 Drivers/STM32F3xx_HAL_Driver/Src/stm32f3xx_ll_usart.o
 .debug_line    0x000000000000248a      0x768 Drivers/STM32F3xx_HAL_Driver/Src/stm32f3xx_ll_utils.o
 .debug_line    0x0000000000002bf2      0x66e Src/adc.o
 .debug_line    0x0000000000003260      0x5e3 Src/dma.o
 .debug_line    0x0000000000003843      0x5d5 Src/gpio.o
 .debug_line    0x0000000000003e18      0xa82 Src/main.o
 .debug_line    0x000000000000489a      0x783 Src/stm32f3xx_it.o
 .debug_line    0x000000000000501d      0x48e Src/system_stm32f3xx.o
 .debug_line    0x00000000000054ab      0x7a4 Src/tim.o
 .debug_line    0x0000000000005c4f      0x9fe Src/usart.o
 .debug_line    0x000000000000664d       0x81 Startup/startup_stm32f303k8tx.o

.debug_str      0x0000000000000000    0x84bda
 .debug_str     0x0000000000000000    0x6f20d Drivers/STM32F3xx_HAL_Driver/Src/stm32f3xx_ll_adc.o
                                      0x6f3ca (size before relaxing)
 .debug_str     0x000000000006f20d      0xdac Drivers/STM32F3xx_HAL_Driver/Src/stm32f3xx_ll_gpio.o
                                      0x64806 (size before relaxing)
 .debug_str     0x000000000006ffb9     0x27e6 Drivers/STM32F3xx_HAL_Driver/Src/stm32f3xx_ll_rcc.o
                                      0x65c30 (size before relaxing)
 .debug_str     0x000000000007279f     0x5cce Drivers/STM32F3xx_HAL_Driver/Src/stm32f3xx_ll_tim.o
                                      0x69722 (size before relaxing)
 .debug_str     0x000000000007846d     0x19c1 Drivers/STM32F3xx_HAL_Driver/Src/stm32f3xx_ll_usart.o
                                      0x67744 (size before relaxing)
 .debug_str     0x0000000000079e2e     0x2d2a Drivers/STM32F3xx_HAL_Driver/Src/stm32f3xx_ll_utils.o
                                      0x684a0 (size before relaxing)
 .debug_str     0x000000000007cb58     0x198f Src/adc.o
                                      0x7852e (size before relaxing)
 .debug_str     0x000000000007e4e7      0x317 Src/dma.o
                                      0x7859c (size before relaxing)
 .debug_str     0x000000000007e7fe       0x3c Src/gpio.o
                                      0x7826c (size before relaxing)
 .debug_str     0x000000000007e83a     0x5c56 Src/main.o
                                      0x7e1e2 (size before relaxing)
 .debug_str     0x0000000000084490      0x235 Src/stm32f3xx_it.o
                                      0x783d6 (size before relaxing)
 .debug_str     0x00000000000846c5       0x64 Src/system_stm32f3xx.o
                                      0x634ac (size before relaxing)
 .debug_str     0x0000000000084729      0x13d Src/tim.o
                                      0x788d5 (size before relaxing)
 .debug_str     0x0000000000084866      0x343 Src/usart.o
                                      0x7bd82 (size before relaxing)
 .debug_str     0x0000000000084ba9       0x31 Startup/startup_stm32f303k8tx.o
                                         0x43 (size before relaxing)

.comment        0x0000000000000000       0x7b
 .comment       0x0000000000000000       0x7b Drivers/STM32F3xx_HAL_Driver/Src/stm32f3xx_ll_adc.o
                                         0x7c (size before relaxing)
 .comment       0x000000000000007b       0x7c Drivers/STM32F3xx_HAL_Driver/Src/stm32f3xx_ll_gpio.o
 .comment       0x000000000000007b       0x7c Drivers/STM32F3xx_HAL_Driver/Src/stm32f3xx_ll_rcc.o
 .comment       0x000000000000007b       0x7c Drivers/STM32F3xx_HAL_Driver/Src/stm32f3xx_ll_tim.o
 .comment       0x000000000000007b       0x7c Drivers/STM32F3xx_HAL_Driver/Src/stm32f3xx_ll_usart.o
 .comment       0x000000000000007b       0x7c Drivers/STM32F3xx_HAL_Driver/Src/stm32f3xx_ll_utils.o
 .comment       0x000000000000007b       0x7c Src/adc.o
 .comment       0x000000000000007b       0x7c Src/dma.o
 .comment       0x000000000000007b       0x7c Src/gpio.o
 .comment       0x000000000000007b       0x7c Src/main.o
 .comment       0x000000000000007b       0x7c Src/stm32f3xx_it.o
 .comment       0x000000000000007b       0x7c Src/system_stm32f3xx.o
 .comment       0x000000000000007b       0x7c Src/tim.o
 .comment       0x000000000000007b       0x7c Src/usart.o

.debug_frame    0x0000000000000000     0x2824
 .debug_frame   0x0000000000000000      0x3e8 Drivers/STM32F3xx_HAL_Driver/Src/stm32f3xx_ll_adc.o
 .debug_frame   0x00000000000003e8      0x1c0 Drivers/STM32F3xx_HAL_Driver/Src/stm32f3xx_ll_gpio.o
 .debug_frame   0x00000000000005a8      0x408 Drivers/STM32F3xx_HAL_Driver/Src/stm32f3xx_ll_rcc.o
 .debug_frame   0x00000000000009b0      0x5d0 Drivers/STM32F3xx_HAL_Driver/Src/stm32f3xx_ll_tim.o
 .debug_frame   0x0000000000000f80      0x238 Drivers/STM32F3xx_HAL_Driver/Src/stm32f3xx_ll_usart.o
 .debug_frame   0x00000000000011b8      0x3dc Drivers/STM32F3xx_HAL_Driver/Src/stm32f3xx_ll_utils.o
 .debug_frame   0x0000000000001594      0x128 Src/adc.o
 .debug_frame   0x00000000000016bc       0xa4 Src/dma.o
 .debug_frame   0x0000000000001760       0x84 Src/gpio.o
 .debug_frame   0x00000000000017e4      0x350 Src/main.o
 .debug_frame   0x0000000000001b34      0x314 Src/stm32f3xx_it.o
 .debug_frame   0x0000000000001e48       0x58 Src/system_stm32f3xx.o
 .debug_frame   0x0000000000001ea0      0x214 Src/tim.o
 .debug_frame   0x00000000000020b4      0x534 Src/usart.o
 .debug_frame   0x00000000000025e8       0x30 d:/stm/stm32cubeide_1.4.0/stm32cubeide/plugins/com.st.stm32cube.ide.mcu.externaltools.gnu-tools-for-stm32.7-2018-q2-update.win32_1.4.0.202007081208/tools/bin/../lib/gcc/arm-none-eabi/7.3.1/../../../../arm-none-eabi/lib/thumb/v7e-m/fpv4-sp/hard\libc_nano.a(lib_a-atoi.o)
 .debug_frame   0x0000000000002618       0x2c d:/stm/stm32cubeide_1.4.0/stm32cubeide/plugins/com.st.stm32cube.ide.mcu.externaltools.gnu-tools-for-stm32.7-2018-q2-update.win32_1.4.0.202007081208/tools/bin/../lib/gcc/arm-none-eabi/7.3.1/../../../../arm-none-eabi/lib/thumb/v7e-m/fpv4-sp/hard\libc_nano.a(lib_a-init.o)
 .debug_frame   0x0000000000002644       0x68 d:/stm/stm32cubeide_1.4.0/stm32cubeide/plugins/com.st.stm32cube.ide.mcu.externaltools.gnu-tools-for-stm32.7-2018-q2-update.win32_1.4.0.202007081208/tools/bin/../lib/gcc/arm-none-eabi/7.3.1/../../../../arm-none-eabi/lib/thumb/v7e-m/fpv4-sp/hard\libc_nano.a(lib_a-locale.o)
 .debug_frame   0x00000000000026ac       0x48 d:/stm/stm32cubeide_1.4.0/stm32cubeide/plugins/com.st.stm32cube.ide.mcu.externaltools.gnu-tools-for-stm32.7-2018-q2-update.win32_1.4.0.202007081208/tools/bin/../lib/gcc/arm-none-eabi/7.3.1/../../../../arm-none-eabi/lib/thumb/v7e-m/fpv4-sp/hard\libc_nano.a(lib_a-mbtowc_r.o)
 .debug_frame   0x00000000000026f4       0x20 d:/stm/stm32cubeide_1.4.0/stm32cubeide/plugins/com.st.stm32cube.ide.mcu.externaltools.gnu-tools-for-stm32.7-2018-q2-update.win32_1.4.0.202007081208/tools/bin/../lib/gcc/arm-none-eabi/7.3.1/../../../../arm-none-eabi/lib/thumb/v7e-m/fpv4-sp/hard\libc_nano.a(lib_a-memset.o)
 .debug_frame   0x0000000000002714       0x20 d:/stm/stm32cubeide_1.4.0/stm32cubeide/plugins/com.st.stm32cube.ide.mcu.externaltools.gnu-tools-for-stm32.7-2018-q2-update.win32_1.4.0.202007081208/tools/bin/../lib/gcc/arm-none-eabi/7.3.1/../../../../arm-none-eabi/lib/thumb/v7e-m/fpv4-sp/hard\libc_nano.a(lib_a-strcmp.o)
 .debug_frame   0x0000000000002734       0x30 d:/stm/stm32cubeide_1.4.0/stm32cubeide/plugins/com.st.stm32cube.ide.mcu.externaltools.gnu-tools-for-stm32.7-2018-q2-update.win32_1.4.0.202007081208/tools/bin/../lib/gcc/arm-none-eabi/7.3.1/../../../../arm-none-eabi/lib/thumb/v7e-m/fpv4-sp/hard\libc_nano.a(lib_a-strstr.o)
 .debug_frame   0x0000000000002764       0x84 d:/stm/stm32cubeide_1.4.0/stm32cubeide/plugins/com.st.stm32cube.ide.mcu.externaltools.gnu-tools-for-stm32.7-2018-q2-update.win32_1.4.0.202007081208/tools/bin/../lib/gcc/arm-none-eabi/7.3.1/../../../../arm-none-eabi/lib/thumb/v7e-m/fpv4-sp/hard\libc_nano.a(lib_a-strtol.o)
 .debug_frame   0x00000000000027e8       0x3c d:/stm/stm32cubeide_1.4.0/stm32cubeide/plugins/com.st.stm32cube.ide.mcu.externaltools.gnu-tools-for-stm32.7-2018-q2-update.win32_1.4.0.202007081208/tools/bin/../lib/gcc/arm-none-eabi/7.3.1/../../../../arm-none-eabi/lib/thumb/v7e-m/fpv4-sp/hard\libc_nano.a(lib_a-wctomb_r.o)
