Archive member included to satisfy reference by file (symbol)

c:/st/stm32cubeide_1.4.0/stm32cubeide/plugins/com.st.stm32cube.ide.mcu.externaltools.gnu-tools-for-stm32.7-2018-q2-update.win32_1.4.0.202007081208/tools/bin/../lib/gcc/arm-none-eabi/7.3.1/../../../../arm-none-eabi/lib/thumb/v7e-m/fpv4-sp/hard\libc_nano.a(lib_a-efgcvt.o)
                              Src/main.o (gcvt)
c:/st/stm32cubeide_1.4.0/stm32cubeide/plugins/com.st.stm32cube.ide.mcu.externaltools.gnu-tools-for-stm32.7-2018-q2-update.win32_1.4.0.202007081208/tools/bin/../lib/gcc/arm-none-eabi/7.3.1/../../../../arm-none-eabi/lib/thumb/v7e-m/fpv4-sp/hard\libc_nano.a(lib_a-errno.o)
                              Src/syscalls.o (__errno)
c:/st/stm32cubeide_1.4.0/stm32cubeide/plugins/com.st.stm32cube.ide.mcu.externaltools.gnu-tools-for-stm32.7-2018-q2-update.win32_1.4.0.202007081208/tools/bin/../lib/gcc/arm-none-eabi/7.3.1/../../../../arm-none-eabi/lib/thumb/v7e-m/fpv4-sp/hard\libc_nano.a(lib_a-exit.o)
                              c:/st/stm32cubeide_1.4.0/stm32cubeide/plugins/com.st.stm32cube.ide.mcu.externaltools.gnu-tools-for-stm32.7-2018-q2-update.win32_1.4.0.202007081208/tools/bin/../lib/gcc/arm-none-eabi/7.3.1/../../../../arm-none-eabi/lib/thumb/v7e-m/fpv4-sp/hard/crt0.o (exit)
c:/st/stm32cubeide_1.4.0/stm32cubeide/plugins/com.st.stm32cube.ide.mcu.externaltools.gnu-tools-for-stm32.7-2018-q2-update.win32_1.4.0.202007081208/tools/bin/../lib/gcc/arm-none-eabi/7.3.1/../../../../arm-none-eabi/lib/thumb/v7e-m/fpv4-sp/hard\libc_nano.a(lib_a-impure.o)
                              c:/st/stm32cubeide_1.4.0/stm32cubeide/plugins/com.st.stm32cube.ide.mcu.externaltools.gnu-tools-for-stm32.7-2018-q2-update.win32_1.4.0.202007081208/tools/bin/../lib/gcc/arm-none-eabi/7.3.1/../../../../arm-none-eabi/lib/thumb/v7e-m/fpv4-sp/hard\libc_nano.a(lib_a-exit.o) (_global_impure_ptr)
c:/st/stm32cubeide_1.4.0/stm32cubeide/plugins/com.st.stm32cube.ide.mcu.externaltools.gnu-tools-for-stm32.7-2018-q2-update.win32_1.4.0.202007081208/tools/bin/../lib/gcc/arm-none-eabi/7.3.1/../../../../arm-none-eabi/lib/thumb/v7e-m/fpv4-sp/hard\libc_nano.a(lib_a-init.o)
                              c:/st/stm32cubeide_1.4.0/stm32cubeide/plugins/com.st.stm32cube.ide.mcu.externaltools.gnu-tools-for-stm32.7-2018-q2-update.win32_1.4.0.202007081208/tools/bin/../lib/gcc/arm-none-eabi/7.3.1/../../../../arm-none-eabi/lib/thumb/v7e-m/fpv4-sp/hard/crt0.o (__libc_init_array)
c:/st/stm32cubeide_1.4.0/stm32cubeide/plugins/com.st.stm32cube.ide.mcu.externaltools.gnu-tools-for-stm32.7-2018-q2-update.win32_1.4.0.202007081208/tools/bin/../lib/gcc/arm-none-eabi/7.3.1/../../../../arm-none-eabi/lib/thumb/v7e-m/fpv4-sp/hard\libc_nano.a(lib_a-itoa.o)
                              Src/main.o (itoa)
c:/st/stm32cubeide_1.4.0/stm32cubeide/plugins/com.st.stm32cube.ide.mcu.externaltools.gnu-tools-for-stm32.7-2018-q2-update.win32_1.4.0.202007081208/tools/bin/../lib/gcc/arm-none-eabi/7.3.1/../../../../arm-none-eabi/lib/thumb/v7e-m/fpv4-sp/hard\libc_nano.a(lib_a-memset.o)
                              c:/st/stm32cubeide_1.4.0/stm32cubeide/plugins/com.st.stm32cube.ide.mcu.externaltools.gnu-tools-for-stm32.7-2018-q2-update.win32_1.4.0.202007081208/tools/bin/../lib/gcc/arm-none-eabi/7.3.1/../../../../arm-none-eabi/lib/thumb/v7e-m/fpv4-sp/hard/crt0.o (memset)
c:/st/stm32cubeide_1.4.0/stm32cubeide/plugins/com.st.stm32cube.ide.mcu.externaltools.gnu-tools-for-stm32.7-2018-q2-update.win32_1.4.0.202007081208/tools/bin/../lib/gcc/arm-none-eabi/7.3.1/../../../../arm-none-eabi/lib/thumb/v7e-m/fpv4-sp/hard\libc_nano.a(lib_a-strcat.o)
                              Src/main.o (strcat)
c:/st/stm32cubeide_1.4.0/stm32cubeide/plugins/com.st.stm32cube.ide.mcu.externaltools.gnu-tools-for-stm32.7-2018-q2-update.win32_1.4.0.202007081208/tools/bin/../lib/gcc/arm-none-eabi/7.3.1/../../../../arm-none-eabi/lib/thumb/v7e-m/fpv4-sp/hard\libc_nano.a(lib_a-strcpy.o)
                              Src/main.o (strcpy)
c:/st/stm32cubeide_1.4.0/stm32cubeide/plugins/com.st.stm32cube.ide.mcu.externaltools.gnu-tools-for-stm32.7-2018-q2-update.win32_1.4.0.202007081208/tools/bin/../lib/gcc/arm-none-eabi/7.3.1/../../../../arm-none-eabi/lib/thumb/v7e-m/fpv4-sp/hard\libc_nano.a(lib_a-strlen.o)
                              Src/main.o (strlen)
c:/st/stm32cubeide_1.4.0/stm32cubeide/plugins/com.st.stm32cube.ide.mcu.externaltools.gnu-tools-for-stm32.7-2018-q2-update.win32_1.4.0.202007081208/tools/bin/../lib/gcc/arm-none-eabi/7.3.1/../../../../arm-none-eabi/lib/thumb/v7e-m/fpv4-sp/hard\libc_nano.a(lib_a-utoa.o)
                              c:/st/stm32cubeide_1.4.0/stm32cubeide/plugins/com.st.stm32cube.ide.mcu.externaltools.gnu-tools-for-stm32.7-2018-q2-update.win32_1.4.0.202007081208/tools/bin/../lib/gcc/arm-none-eabi/7.3.1/../../../../arm-none-eabi/lib/thumb/v7e-m/fpv4-sp/hard\libc_nano.a(lib_a-itoa.o) (__utoa)
[...]
Memory Configuration

Name             Origin             Length             Attributes
FLASH            0x0000000008000000 0x0000000000010000 xr
CCMRAM           0x0000000010000000 0x0000000000001000 xrw
RAM              0x0000000020000000 0x0000000000003000 xrw
*default*        0x0000000000000000 0xffffffffffffffff

Linker script and memory map

LOAD c:/st/stm32cubeide_1.4.0/stm32cubeide/plugins/com.st.stm32cube.ide.mcu.externaltools.gnu-tools-for-stm32.7-2018-q2-update.win32_1.4.0.202007081208/tools/bin/../lib/gcc/arm-none-eabi/7.3.1/thumb/v7e-m/fpv4-sp/hard/crti.o
LOAD c:/st/stm32cubeide_1.4.0/stm32cubeide/plugins/com.st.stm32cube.ide.mcu.externaltools.gnu-tools-for-stm32.7-2018-q2-update.win32_1.4.0.202007081208/tools/bin/../lib/gcc/arm-none-eabi/7.3.1/thumb/v7e-m/fpv4-sp/hard/crtbegin.o
LOAD c:/st/stm32cubeide_1.4.0/stm32cubeide/plugins/com.st.stm32cube.ide.mcu.externaltools.gnu-tools-for-stm32.7-2018-q2-update.win32_1.4.0.202007081208/tools/bin/../lib/gcc/arm-none-eabi/7.3.1/../../../../arm-none-eabi/lib/thumb/v7e-m/fpv4-sp/hard/crt0.o
LOAD Drivers/STM32F3xx_HAL_Driver/Src/stm32f3xx_ll_adc.o
LOAD Drivers/STM32F3xx_HAL_Driver/Src/stm32f3xx_ll_dma.o
LOAD Drivers/STM32F3xx_HAL_Driver/Src/stm32f3xx_ll_exti.o
LOAD Drivers/STM32F3xx_HAL_Driver/Src/stm32f3xx_ll_gpio.o
LOAD Drivers/STM32F3xx_HAL_Driver/Src/stm32f3xx_ll_rcc.o
LOAD Drivers/STM32F3xx_HAL_Driver/Src/stm32f3xx_ll_tim.o
LOAD Drivers/STM32F3xx_HAL_Driver/Src/stm32f3xx_ll_usart.o
LOAD Drivers/STM32F3xx_HAL_Driver/Src/stm32f3xx_ll_utils.o
LOAD Src/adc.o
LOAD Src/dma.o
LOAD Src/gpio.o
LOAD Src/main.o
LOAD Src/stm32f3xx_it.o
LOAD Src/syscalls.o
LOAD Src/sysmem.o
LOAD Src/system_stm32f3xx.o
LOAD Src/tim.o
LOAD Src/usart.o
LOAD Startup/startup_stm32f303k8tx.o
START GROUP
LOAD c:/st/stm32cubeide_1.4.0/stm32cubeide/plugins/com.st.stm32cube.ide.mcu.externaltools.gnu-tools-for-stm32.7-2018-q2-update.win32_1.4.0.202007081208/tools/bin/../lib/gcc/arm-none-eabi/7.3.1/../../../../arm-none-eabi/lib/thumb/v7e-m/fpv4-sp/hard\libc_nano.a
LOAD c:/st/stm32cubeide_1.4.0/stm32cubeide/plugins/com.st.stm32cube.ide.mcu.externaltools.gnu-tools-for-stm32.7-2018-q2-update.win32_1.4.0.202007081208/tools/bin/../lib/gcc/arm-none-eabi/7.3.1/../../../../arm-none-eabi/lib/thumb/v7e-m/fpv4-sp/hard\libm.a
END GROUP
START GROUP
LOAD c:/st/stm32cubeide_1.4.0/stm32cubeide/plugins/com.st.stm32cube.ide.mcu.externaltools.gnu-tools-for-stm32.7-2018-q2-update.win32_1.4.0.202007081208/tools/bin/../lib/gcc/arm-none-eabi/7.3.1/thumb/v7e-m/fpv4-sp/hard\libgcc.a
LOAD c:/st/stm32cubeide_1.4.0/stm32cubeide/plugins/com.st.stm32cube.ide.mcu.externaltools.gnu-tools-for-stm32.7-2018-q2-update.win32_1.4.0.202007081208/tools/bin/../lib/gcc/arm-none-eabi/7.3.1/../../../../arm-none-eabi/lib/thumb/v7e-m/fpv4-sp/hard\libc_nano.a
END GROUP
START GROUP
LOAD c:/st/stm32cubeide_1.4.0/stm32cubeide/plugins/com.st.stm32cube.ide.mcu.externaltools.gnu-tools-for-stm32.7-2018-q2-update.win32_1.4.0.202007081208/tools/bin/../lib/gcc/arm-none-eabi/7.3.1/thumb/v7e-m/fpv4-sp/hard\libgcc.a
LOAD c:/st/stm32cubeide_1.4.0/stm32cubeide/plugins/com.st.stm32cube.ide.mcu.externaltools.gnu-tools-for-stm32.7-2018-q2-update.win32_1.4.0.202007081208/tools/bin/../lib/gcc/arm-none-eabi/7.3.1/../../../../arm-none-eabi/lib/thumb/v7e-m/fpv4-sp/hard\libc_nano.a
LOAD c:/st/stm32cubeide_1.4.0/stm32cubeide/plugins/com.st.stm32cube.ide.mcu.externaltools.gnu-tools-for-stm32.7-2018-q2-update.win32_1.4.0.202007081208/tools/bin/../lib/gcc/arm-none-eabi/7.3.1/../../../../arm-none-eabi/lib/thumb/v7e-m/fpv4-sp/hard\libnosys.a
END GROUP
START GROUP
LOAD c:/st/stm32cubeide_1.4.0/stm32cubeide/plugins/com.st.stm32cube.ide.mcu.externaltools.gnu-tools-for-stm32.7-2018-q2-update.win32_1.4.0.202007081208/tools/bin/../lib/gcc/arm-none-eabi/7.3.1/thumb/v7e-m/fpv4-sp/hard\libgcc.a
LOAD c:/st/stm32cubeide_1.4.0/stm32cubeide/plugins/com.st.stm32cube.ide.mcu.externaltools.gnu-tools-for-stm32.7-2018-q2-update.win32_1.4.0.202007081208/tools/bin/../lib/gcc/arm-none-eabi/7.3.1/../../../../arm-none-eabi/lib/thumb/v7e-m/fpv4-sp/hard\libc_nano.a
LOAD c:/st/stm32cubeide_1.4.0/stm32cubeide/plugins/com.st.stm32cube.ide.mcu.externaltools.gnu-tools-for-stm32.7-2018-q2-update.win32_1.4.0.202007081208/tools/bin/../lib/gcc/arm-none-eabi/7.3.1/../../../../arm-none-eabi/lib/thumb/v7e-m/fpv4-sp/hard\libnosys.a
END GROUP
LOAD c:/st/stm32cubeide_1.4.0/stm32cubeide/plugins/com.st.stm32cube.ide.mcu.externaltools.gnu-tools-for-stm32.7-2018-q2-update.win32_1.4.0.202007081208/tools/bin/../lib/gcc/arm-none-eabi/7.3.1/thumb/v7e-m/fpv4-sp/hard/crtend.o
LOAD c:/st/stm32cubeide_1.4.0/stm32cubeide/plugins/com.st.stm32cube.ide.mcu.externaltools.gnu-tools-for-stm32.7-2018-q2-update.win32_1.4.0.202007081208/tools/bin/../lib/gcc/arm-none-eabi/7.3.1/thumb/v7e-m/fpv4-sp/hard/crtn.o
                0x0000000020003000                _estack = 0x20003000
                0x0000000000000200                _Min_Heap_Size = 0x200
                0x0000000000000400                _Min_Stack_Size = 0x400

.isr_vector     0x0000000008000000      0x188
                0x0000000008000000                . = ALIGN (0x4)
 *(.isr_vector)
 .isr_vector    0x0000000008000000      0x188 Startup/startup_stm32f303k8tx.o
                0x0000000008000000                g_pfnVectors
                0x0000000008000188                . = ALIGN (0x4)

.text           0x0000000008000188     0x4f64
                0x0000000008000188                . = ALIGN (0x4)
 *(.text)
 .text          0x0000000008000188       0x40 c:/st/stm32cubeide_1.4.0/stm32cubeide/plugins/com.st.stm32cube.ide.mcu.externaltools.gnu-tools-for-stm32.7-2018-q2-update.win32_1.4.0.202007081208/tools/bin/../lib/gcc/arm-none-eabi/7.3.1/thumb/v7e-m/fpv4-sp/hard/crtbegin.o
 .text          0x00000000080001c8       0x10 c:/st/stm32cubeide_1.4.0/stm32cubeide/plugins/com.st.stm32cube.ide.mcu.externaltools.gnu-tools-for-stm32.7-2018-q2-update.win32_1.4.0.202007081208/tools/bin/../lib/gcc/arm-none-eabi/7.3.1/../../../../arm-none-eabi/lib/thumb/v7e-m/fpv4-sp/hard\libc_nano.a(lib_a-strlen.o)
                0x00000000080001c8                strlen
 .text          0x00000000080001d8      0x378 c:/st/stm32cubeide_1.4.0/stm32cubeide/plugins/com.st.stm32cube.ide.mcu.externaltools.gnu-tools-for-stm32.7-2018-q2-update.win32_1.4.0.202007081208/tools/bin/../lib/gcc/arm-none-eabi/7.3.1/thumb/v7e-m/fpv4-sp/hard\libgcc.a(_arm_addsubdf3.o)
                0x00000000080001d8                __aeabi_drsub
                0x00000000080001e0                __aeabi_dsub
                0x00000000080001e0                __subdf3
                0x00000000080001e4                __aeabi_dadd
                0x00000000080001e4                __adddf3
                0x000000000800045c                __floatunsidf
                0x000000000800045c                __aeabi_ui2d
                0x000000000800047c                __floatsidf
                0x000000000800047c                __aeabi_i2d
                0x00000000080004a0                __aeabi_f2d
                0x00000000080004a0                __extendsfdf2
                0x00000000080004e4                __floatundidf
                0x00000000080004e4                __aeabi_ul2d
                0x00000000080004f4                __floatdidf
                0x00000000080004f4                __aeabi_l2d
 .text          0x0000000008000550      0x424 c:/st/stm32cubeide_1.4.0/stm32cubeide/plugins/com.st.stm32cube.ide.mcu.externaltools.gnu-tools-for-stm32.7-2018-q2-update.win32_1.4.0.202007081208/tools/bin/../lib/gcc/arm-none-eabi/7.3.1/thumb/v7e-m/fpv4-sp/hard\libgcc.a(_arm_muldivdf3.o)
                0x0000000008000550                __aeabi_dmul
                0x0000000008000550                __muldf3
                0x00000000080007a4                __divdf3
                0x00000000080007a4                __aeabi_ddiv
 .text          0x0000000008000974      0x110 c:/st/stm32cubeide_1.4.0/stm32cubeide/plugins/com.st.stm32cube.ide.mcu.externaltools.gnu-tools-for-stm32.7-2018-q2-update.win32_1.4.0.202007081208/tools/bin/../lib/gcc/arm-none-eabi/7.3.1/thumb/v7e-m/fpv4-sp/hard\libgcc.a(_arm_cmpdf2.o)
                0x0000000008000974                __gtdf2
                0x0000000008000974                __gedf2
                0x000000000800097c                __ltdf2
                0x000000000800097c                __ledf2
                0x0000000008000984                __nedf2
                0x0000000008000984                __eqdf2
                0x0000000008000984                __cmpdf2
                0x0000000008000a00                __aeabi_cdrcmple
                0x0000000008000a10                __aeabi_cdcmpeq
                0x0000000008000a10                __aeabi_cdcmple
                0x0000000008000a20                __aeabi_dcmpeq
                0x0000000008000a34                __aeabi_dcmplt
                0x0000000008000a48                __aeabi_dcmple
                0x0000000008000a5c                __aeabi_dcmpge
                0x0000000008000a70                __aeabi_dcmpgt
 .text          0x0000000008000a84       0x50 c:/st/stm32cubeide_1.4.0/stm32cubeide/plugins/com.st.stm32cube.ide.mcu.externaltools.gnu-tools-for-stm32.7-2018-q2-update.win32_1.4.0.202007081208/tools/bin/../lib/gcc/arm-none-eabi/7.3.1/thumb/v7e-m/fpv4-sp/hard\libgcc.a(_arm_fixdfsi.o)
                0x0000000008000a84                __aeabi_d2iz
                0x0000000008000a84                __fixdfsi
 *(.text*)
 .text.LL_ADC_REG_SetSequencerLength
                0x0000000008000ad4       0x26 Drivers/STM32F3xx_HAL_Driver/Src/stm32f3xx_ll_adc.o
 .text.LL_ADC_IsEnabled
                0x0000000008000afa       0x26 Drivers/STM32F3xx_HAL_Driver/Src/stm32f3xx_ll_adc.o
 .text.LL_ADC_CommonInit
                0x0000000008000b20       0x80 Drivers/STM32F3xx_HAL_Driver/Src/stm32f3xx_ll_adc.o
                0x0000000008000b20                LL_ADC_CommonInit
 .text.LL_ADC_Init
                0x0000000008000ba0       0x4c Drivers/STM32F3xx_HAL_Driver/Src/stm32f3xx_ll_adc.o
                0x0000000008000ba0                LL_ADC_Init
 .text.LL_ADC_REG_Init
                0x0000000008000bec       0x94 Drivers/STM32F3xx_HAL_Driver/Src/stm32f3xx_ll_adc.o
                0x0000000008000bec                LL_ADC_REG_Init
 .text.LL_GPIO_SetPinMode
                0x0000000008000c80       0x5a Drivers/STM32F3xx_HAL_Driver/Src/stm32f3xx_ll_gpio.o
 .text.LL_GPIO_SetPinOutputType
                0x0000000008000cda       0x30 Drivers/STM32F3xx_HAL_Driver/Src/stm32f3xx_ll_gpio.o
 .text.LL_GPIO_SetPinSpeed
                0x0000000008000d0a       0x5a Drivers/STM32F3xx_HAL_Driver/Src/stm32f3xx_ll_gpio.o
 .text.LL_GPIO_SetPinPull
                0x0000000008000d64       0x5a Drivers/STM32F3xx_HAL_Driver/Src/stm32f3xx_ll_gpio.o
 .text.LL_GPIO_SetAFPin_0_7
                0x0000000008000dbe       0x5a Drivers/STM32F3xx_HAL_Driver/Src/stm32f3xx_ll_gpio.o
 .text.LL_GPIO_SetAFPin_8_15
                0x0000000008000e18       0x5e Drivers/STM32F3xx_HAL_Driver/Src/stm32f3xx_ll_gpio.o
 .text.LL_GPIO_Init
                0x0000000008000e76       0xf4 Drivers/STM32F3xx_HAL_Driver/Src/stm32f3xx_ll_gpio.o
                0x0000000008000e76                LL_GPIO_Init
 *fill*         0x0000000008000f6a        0x2 
 .text.LL_RCC_HSI_IsReady
                0x0000000008000f6c       0x24 Drivers/STM32F3xx_HAL_Driver/Src/stm32f3xx_ll_rcc.o
 .text.LL_RCC_LSE_IsReady
                0x0000000008000f90       0x24 Drivers/STM32F3xx_HAL_Driver/Src/stm32f3xx_ll_rcc.o
 .text.LL_RCC_GetSysClkSource
                0x0000000008000fb4       0x1c Drivers/STM32F3xx_HAL_Driver/Src/stm32f3xx_ll_rcc.o
 .text.LL_RCC_GetAHBPrescaler
                0x0000000008000fd0       0x1c Drivers/STM32F3xx_HAL_Driver/Src/stm32f3xx_ll_rcc.o
 .text.LL_RCC_GetAPB1Prescaler
                0x0000000008000fec       0x1c Drivers/STM32F3xx_HAL_Driver/Src/stm32f3xx_ll_rcc.o
 .text.LL_RCC_GetAPB2Prescaler
                0x0000000008001008       0x1c Drivers/STM32F3xx_HAL_Driver/Src/stm32f3xx_ll_rcc.o
 .text.LL_RCC_GetUSARTClockSource
                0x0000000008001024       0x2c Drivers/STM32F3xx_HAL_Driver/Src/stm32f3xx_ll_rcc.o
 .text.LL_RCC_PLL_GetMainSource
                0x0000000008001050       0x1c Drivers/STM32F3xx_HAL_Driver/Src/stm32f3xx_ll_rcc.o
 .text.LL_RCC_PLL_GetMultiplicator
                0x000000000800106c       0x1c Drivers/STM32F3xx_HAL_Driver/Src/stm32f3xx_ll_rcc.o
 .text.LL_RCC_PLL_GetPrediv
                0x0000000008001088       0x1c Drivers/STM32F3xx_HAL_Driver/Src/stm32f3xx_ll_rcc.o
 .text.LL_RCC_GetSystemClocksFreq
                0x00000000080010a4       0x4a Drivers/STM32F3xx_HAL_Driver/Src/stm32f3xx_ll_rcc.o
                0x00000000080010a4                LL_RCC_GetSystemClocksFreq
 *fill*         0x00000000080010ee        0x2 
 .text.LL_RCC_GetUSARTClockFreq
                0x00000000080010f0       0x80 Drivers/STM32F3xx_HAL_Driver/Src/stm32f3xx_ll_rcc.o
                0x00000000080010f0                LL_RCC_GetUSARTClockFreq
 .text.RCC_GetSystemClockFreq
                0x0000000008001170       0x44 Drivers/STM32F3xx_HAL_Driver/Src/stm32f3xx_ll_rcc.o
                0x0000000008001170                RCC_GetSystemClockFreq
 .text.RCC_GetHCLKClockFreq
                0x00000000080011b4       0x2c Drivers/STM32F3xx_HAL_Driver/Src/stm32f3xx_ll_rcc.o
                0x00000000080011b4                RCC_GetHCLKClockFreq
 .text.RCC_GetPCLK1ClockFreq
                0x00000000080011e0       0x28 Drivers/STM32F3xx_HAL_Driver/Src/stm32f3xx_ll_rcc.o
                0x00000000080011e0                RCC_GetPCLK1ClockFreq
 .text.RCC_GetPCLK2ClockFreq
                0x0000000008001208       0x28 Drivers/STM32F3xx_HAL_Driver/Src/stm32f3xx_ll_rcc.o
                0x0000000008001208                RCC_GetPCLK2ClockFreq
 .text.RCC_PLL_GetFreqDomain_SYS
                0x0000000008001230       0x78 Drivers/STM32F3xx_HAL_Driver/Src/stm32f3xx_ll_rcc.o
                0x0000000008001230                RCC_PLL_GetFreqDomain_SYS
 .text.LL_TIM_SetPrescaler
                0x00000000080012a8       0x1c Drivers/STM32F3xx_HAL_Driver/Src/stm32f3xx_ll_tim.o
 .text.LL_TIM_SetAutoReload
                0x00000000080012c4       0x1c Drivers/STM32F3xx_HAL_Driver/Src/stm32f3xx_ll_tim.o
 .text.LL_TIM_SetRepetitionCounter
                0x00000000080012e0       0x1c Drivers/STM32F3xx_HAL_Driver/Src/stm32f3xx_ll_tim.o
 .text.LL_TIM_OC_SetCompareCH1
                0x00000000080012fc       0x1c Drivers/STM32F3xx_HAL_Driver/Src/stm32f3xx_ll_tim.o
 .text.LL_TIM_OC_SetCompareCH2
                0x0000000008001318       0x1c Drivers/STM32F3xx_HAL_Driver/Src/stm32f3xx_ll_tim.o
 .text.LL_TIM_OC_SetCompareCH3
                0x0000000008001334       0x1c Drivers/STM32F3xx_HAL_Driver/Src/stm32f3xx_ll_tim.o
 .text.LL_TIM_OC_SetCompareCH4
                0x0000000008001350       0x1c Drivers/STM32F3xx_HAL_Driver/Src/stm32f3xx_ll_tim.o
 .text.LL_TIM_OC_SetCompareCH5
                0x000000000800136c       0x1c Drivers/STM32F3xx_HAL_Driver/Src/stm32f3xx_ll_tim.o
 .text.LL_TIM_OC_SetCompareCH6
                0x0000000008001388       0x1c Drivers/STM32F3xx_HAL_Driver/Src/stm32f3xx_ll_tim.o
 .text.LL_TIM_GenerateEvent_UPDATE
                0x00000000080013a4       0x20 Drivers/STM32F3xx_HAL_Driver/Src/stm32f3xx_ll_tim.o
 .text.LL_TIM_Init
                0x00000000080013c4       0xe8 Drivers/STM32F3xx_HAL_Driver/Src/stm32f3xx_ll_tim.o
                0x00000000080013c4                LL_TIM_Init
 .text.LL_TIM_OC_Init
                0x00000000080014ac       0x9a Drivers/STM32F3xx_HAL_Driver/Src/stm32f3xx_ll_tim.o
                0x00000000080014ac                LL_TIM_OC_Init
 *fill*         0x0000000008001546        0x2 
 .text.OC1Config
                0x0000000008001548      0x100 Drivers/STM32F3xx_HAL_Driver/Src/stm32f3xx_ll_tim.o
 .text.OC2Config
                0x0000000008001648      0x108 Drivers/STM32F3xx_HAL_Driver/Src/stm32f3xx_ll_tim.o
 .text.OC3Config
                0x0000000008001750      0x108 Drivers/STM32F3xx_HAL_Driver/Src/stm32f3xx_ll_tim.o
 .text.OC4Config
                0x0000000008001858       0xd8 Drivers/STM32F3xx_HAL_Driver/Src/stm32f3xx_ll_tim.o
 .text.OC5Config
                0x0000000008001930       0xc4 Drivers/STM32F3xx_HAL_Driver/Src/stm32f3xx_ll_tim.o
 .text.OC6Config
                0x00000000080019f4       0xc4 Drivers/STM32F3xx_HAL_Driver/Src/stm32f3xx_ll_tim.o
 .text.LL_USART_IsEnabled
                0x0000000008001ab8       0x26 Drivers/STM32F3xx_HAL_Driver/Src/stm32f3xx_ll_usart.o
 .text.LL_USART_SetStopBitsLength
                0x0000000008001ade       0x26 Drivers/STM32F3xx_HAL_Driver/Src/stm32f3xx_ll_usart.o
 .text.LL_USART_SetHWFlowCtrl
                0x0000000008001b04       0x26 Drivers/STM32F3xx_HAL_Driver/Src/stm32f3xx_ll_usart.o
 .text.LL_USART_SetBaudRate
                0x0000000008001b2a       0x64 Drivers/STM32F3xx_HAL_Driver/Src/stm32f3xx_ll_usart.o
 *fill*         0x0000000008001b8e        0x2 
 .text.LL_USART_Init
                0x0000000008001b90       0xd8 Drivers/STM32F3xx_HAL_Driver/Src/stm32f3xx_ll_usart.o
                0x0000000008001b90                LL_USART_Init
 .text.LL_InitTick
                0x0000000008001c68       0x34 Drivers/STM32F3xx_HAL_Driver/Src/stm32f3xx_ll_utils.o
 .text.LL_Init1msTick
                0x0000000008001c9c       0x1a Drivers/STM32F3xx_HAL_Driver/Src/stm32f3xx_ll_utils.o
                0x0000000008001c9c                LL_Init1msTick
 *fill*         0x0000000008001cb6        0x2 
 .text.LL_mDelay
                0x0000000008001cb8       0x48 Drivers/STM32F3xx_HAL_Driver/Src/stm32f3xx_ll_utils.o
                0x0000000008001cb8                LL_mDelay
 .text.LL_SetSystemCoreClock
                0x0000000008001d00       0x20 Drivers/STM32F3xx_HAL_Driver/Src/stm32f3xx_ll_utils.o
                0x0000000008001d00                LL_SetSystemCoreClock
 .text.LL_ADC_REG_SetSequencerRanks
                0x0000000008001d20       0x6a Src/adc.o
 .text.LL_ADC_SetChannelSamplingTime
                0x0000000008001d8a       0x92 Src/adc.o
 .text.LL_ADC_SetChannelSingleDiff
                0x0000000008001e1c       0x48 Src/adc.o
 .text.LL_ADC_DisableIT_EOC
                0x0000000008001e64       0x20 Src/adc.o
 .text.LL_ADC_DisableIT_EOS
                0x0000000008001e84       0x20 Src/adc.o
 .text.LL_AHB1_GRP1_EnableClock
                0x0000000008001ea4       0x30 Src/adc.o
 .text.MX_ADC1_Init
                0x0000000008001ed4      0x104 Src/adc.o
                0x0000000008001ed4                MX_ADC1_Init
 .text.NVIC_EnableIRQ
                0x0000000008001fd8       0x34 Src/dma.o
 .text.NVIC_SetPriority
                0x000000000800200c       0x54 Src/dma.o
 .text.LL_AHB1_GRP1_EnableClock
                0x0000000008002060       0x30 Src/dma.o
 .text.MX_DMA_Init
                0x0000000008002090       0x2a Src/dma.o
                0x0000000008002090                MX_DMA_Init
 *fill*         0x00000000080020ba        0x2 
 .text.LL_AHB1_GRP1_EnableClock
                0x00000000080020bc       0x30 Src/gpio.o
 .text.LL_GPIO_ResetOutputPin
                0x00000000080020ec       0x1c Src/gpio.o
 .text.MX_GPIO_Init
                0x0000000008002108       0x58 Src/gpio.o
                0x0000000008002108                MX_GPIO_Init
 .text.NVIC_SetPriorityGrouping
                0x0000000008002160       0x48 Src/main.o
 .text.LL_RCC_HSI_Enable
                0x00000000080021a8       0x20 Src/main.o
 .text.LL_RCC_HSI_IsReady
                0x00000000080021c8       0x24 Src/main.o
 .text.LL_RCC_HSI_SetCalibTrimming
                0x00000000080021ec       0x2c Src/main.o
 .text.LL_RCC_SetSysClkSource
                0x0000000008002218       0x28 Src/main.o
 .text.LL_RCC_GetSysClkSource
                0x0000000008002240       0x1c Src/main.o
 .text.LL_RCC_SetAHBPrescaler
                0x000000000800225c       0x28 Src/main.o
 .text.LL_RCC_SetAPB1Prescaler
                0x0000000008002284       0x28 Src/main.o
 .text.LL_RCC_SetAPB2Prescaler
                0x00000000080022ac       0x28 Src/main.o
 .text.LL_RCC_SetADCClockSource
                0x00000000080022d4       0x28 Src/main.o
 .text.LL_RCC_PLL_Enable
                0x00000000080022fc       0x20 Src/main.o
 .text.LL_RCC_PLL_IsReady
                0x000000000800231c       0x28 Src/main.o
 .text.LL_RCC_PLL_ConfigDomain_SYS
                0x0000000008002344       0x48 Src/main.o
 .text.LL_APB1_GRP1_EnableClock
                0x000000000800238c       0x30 Src/main.o
 .text.LL_APB2_GRP1_EnableClock
                0x00000000080023bc       0x30 Src/main.o
 .text.LL_FLASH_SetLatency
                0x00000000080023ec       0x28 Src/main.o
 .text.LL_FLASH_GetLatency
                0x0000000008002414       0x1c Src/main.o
 .text.LL_SYSTICK_SetClkSource
                0x0000000008002430       0x38 Src/main.o
 .text.main     0x0000000008002468      0x1b0 Src/main.o
                0x0000000008002468                main
 .text.SystemClock_Config
                0x0000000008002618       0x90 Src/main.o
                0x0000000008002618                SystemClock_Config
 .text.proccesDmaData
                0x00000000080026a8       0xe4 Src/main.o
                0x00000000080026a8                proccesDmaData
 .text.Error_Handler
                0x000000000800278c        0xe Src/main.o
                0x000000000800278c                Error_Handler
 *fill*         0x000000000800279a        0x2 
 .text.LL_DMA_DisableChannel
                0x000000000800279c       0x40 Src/stm32f3xx_it.o
 .text.LL_DMA_IsActiveFlag_TC6
                0x00000000080027dc       0x28 Src/stm32f3xx_it.o
 .text.LL_DMA_IsActiveFlag_TC7
                0x0000000008002804       0x28 Src/stm32f3xx_it.o
 .text.LL_DMA_IsActiveFlag_HT6
                0x000000000800282c       0x28 Src/stm32f3xx_it.o
 .text.LL_DMA_ClearFlag_TC6
                0x0000000008002854       0x1c Src/stm32f3xx_it.o
 .text.LL_DMA_ClearFlag_TC7
                0x0000000008002870       0x1c Src/stm32f3xx_it.o
 .text.LL_DMA_ClearFlag_HT6
                0x000000000800288c       0x1c Src/stm32f3xx_it.o
 .text.LL_USART_IsActiveFlag_IDLE
                0x00000000080028a8       0x26 Src/stm32f3xx_it.o
 .text.LL_USART_IsActiveFlag_TC
                0x00000000080028ce       0x26 Src/stm32f3xx_it.o
 .text.LL_USART_ClearFlag_IDLE
                0x00000000080028f4       0x1a Src/stm32f3xx_it.o
 .text.NMI_Handler
                0x000000000800290e        0xe Src/stm32f3xx_it.o
                0x000000000800290e                NMI_Handler
 .text.HardFault_Handler
                0x000000000800291c        0x6 Src/stm32f3xx_it.o
                0x000000000800291c                HardFault_Handler
 .text.MemManage_Handler
                0x0000000008002922        0x6 Src/stm32f3xx_it.o
                0x0000000008002922                MemManage_Handler
 .text.BusFault_Handler
                0x0000000008002928        0x6 Src/stm32f3xx_it.o
                0x0000000008002928                BusFault_Handler
 .text.UsageFault_Handler
                0x000000000800292e        0x6 Src/stm32f3xx_it.o
                0x000000000800292e                UsageFault_Handler
 .text.SVC_Handler
                0x0000000008002934        0xe Src/stm32f3xx_it.o
                0x0000000008002934                SVC_Handler
 .text.DebugMon_Handler
                0x0000000008002942        0xe Src/stm32f3xx_it.o
                0x0000000008002942                DebugMon_Handler
 .text.PendSV_Handler
                0x0000000008002950        0xe Src/stm32f3xx_it.o
                0x0000000008002950                PendSV_Handler
 .text.SysTick_Handler
                0x000000000800295e        0xe Src/stm32f3xx_it.o
                0x000000000800295e                SysTick_Handler
 .text.DMA1_Channel6_IRQHandler
                0x000000000800296c       0x3c Src/stm32f3xx_it.o
                0x000000000800296c                DMA1_Channel6_IRQHandler
 .text.DMA1_Channel7_IRQHandler
                0x00000000080029a8       0x38 Src/stm32f3xx_it.o
                0x00000000080029a8                DMA1_Channel7_IRQHandler
 .text.TIM2_IRQHandler
                0x00000000080029e0        0xe Src/stm32f3xx_it.o
                0x00000000080029e0                TIM2_IRQHandler
 *fill*         0x00000000080029ee        0x2 
 .text.USART2_IRQHandler
                0x00000000080029f0       0x24 Src/stm32f3xx_it.o
                0x00000000080029f0                USART2_IRQHandler
 .text._sbrk    0x0000000008002a14       0x58 Src/sysmem.o
                0x0000000008002a14                _sbrk
 .text.SystemInit
                0x0000000008002a6c       0x94 Src/system_stm32f3xx.o
                0x0000000008002a6c                SystemInit
 .text.NVIC_GetPriorityGrouping
                0x0000000008002b00       0x1c Src/tim.o
 .text.NVIC_EnableIRQ
                0x0000000008002b1c       0x34 Src/tim.o
 .text.NVIC_SetPriority
                0x0000000008002b50       0x54 Src/tim.o
 .text.NVIC_EncodePriority
                0x0000000008002ba4       0x66 Src/tim.o
 *fill*         0x0000000008002c0a        0x2 
 .text.LL_AHB1_GRP1_EnableClock
                0x0000000008002c0c       0x30 Src/tim.o
 .text.LL_APB1_GRP1_EnableClock
                0x0000000008002c3c       0x30 Src/tim.o
 .text.LL_TIM_DisableARRPreload
                0x0000000008002c6c       0x20 Src/tim.o
 .text.LL_TIM_OC_DisableFast
                0x0000000008002c8c       0x9c Src/tim.o
 .text.LL_TIM_OC_EnablePreload
                0x0000000008002d28       0x9c Src/tim.o
 .text.LL_TIM_SetClockSource
                0x0000000008002dc4       0x2a Src/tim.o
 .text.LL_TIM_SetTriggerOutput
                0x0000000008002dee       0x26 Src/tim.o
 .text.LL_TIM_DisableMasterSlaveMode
                0x0000000008002e14       0x20 Src/tim.o
 .text.MX_TIM2_Init
                0x0000000008002e34      0x12e Src/tim.o
                0x0000000008002e34                MX_TIM2_Init
 *fill*         0x0000000008002f62        0x2 
 .text.NVIC_EnableIRQ
                0x0000000008002f64       0x34 Src/usart.o
 .text.NVIC_SetPriority
                0x0000000008002f98       0x54 Src/usart.o
 .text.LL_DMA_EnableChannel
                0x0000000008002fec       0x40 Src/usart.o
 .text.LL_DMA_DisableChannel
                0x000000000800302c       0x40 Src/usart.o
 .text.LL_DMA_SetDataTransferDirection
                0x000000000800306c       0x4c Src/usart.o
 .text.LL_DMA_GetDataTransferDirection
                0x00000000080030b8       0x30 Src/usart.o
 .text.LL_DMA_SetMode
                0x00000000080030e8       0x48 Src/usart.o
 .text.LL_DMA_SetPeriphIncMode
                0x0000000008003130       0x48 Src/usart.o
 .text.LL_DMA_SetMemoryIncMode
                0x0000000008003178       0x48 Src/usart.o
 .text.LL_DMA_SetPeriphSize
                0x00000000080031c0       0x48 Src/usart.o
 .text.LL_DMA_SetMemorySize
                0x0000000008003208       0x48 Src/usart.o
 .text.LL_DMA_SetChannelPriorityLevel
                0x0000000008003250       0x48 Src/usart.o
 .text.LL_DMA_SetDataLength
                0x0000000008003298       0x48 Src/usart.o
 .text.LL_DMA_GetDataLength
                0x00000000080032e0       0x2c Src/usart.o
 .text.LL_DMA_ConfigAddresses
                0x000000000800330c       0x78 Src/usart.o
 .text.LL_DMA_SetMemoryAddress
                0x0000000008003384       0x30 Src/usart.o
 .text.LL_DMA_SetPeriphAddress
                0x00000000080033b4       0x30 Src/usart.o
 .text.LL_DMA_EnableIT_TC
                0x00000000080033e4       0x40 Src/usart.o
 .text.LL_DMA_EnableIT_TE
                0x0000000008003424       0x40 Src/usart.o
 .text.LL_AHB1_GRP1_EnableClock
                0x0000000008003464       0x30 Src/usart.o
 .text.LL_APB1_GRP1_EnableClock
                0x0000000008003494       0x30 Src/usart.o
 .text.LL_USART_Enable
                0x00000000080034c4       0x20 Src/usart.o
 .text.LL_USART_ConfigAsyncMode
                0x00000000080034e4       0x2c Src/usart.o
 .text.LL_USART_DisableIT_CTS
                0x0000000008003510       0x20 Src/usart.o
 .text.LL_USART_EnableDMAReq_RX
                0x0000000008003530       0x20 Src/usart.o
 .text.LL_USART_EnableDMAReq_TX
                0x0000000008003550       0x20 Src/usart.o
 .text.LL_USART_DMA_GetRegAddr
                0x0000000008003570       0x2c Src/usart.o
 .text.USART2_RegisterCallback
                0x000000000800359c       0x24 Src/usart.o
                0x000000000800359c                USART2_RegisterCallback
 .text.MX_USART2_UART_Init
                0x00000000080035c0      0x1b0 Src/usart.o
                0x00000000080035c0                MX_USART2_UART_Init
 .text.USART2_PutBuffer
                0x0000000008003770       0x40 Src/usart.o
                0x0000000008003770                USART2_PutBuffer
 .text.USART2_CheckDmaReception
                0x00000000080037b0       0xe8 Src/usart.o
                0x00000000080037b0                USART2_CheckDmaReception
 .text.numOfOccupied
                0x0000000008003898       0x18 Src/usart.o
                0x0000000008003898                numOfOccupied
 .text.sizeOfBuff
                0x00000000080038b0       0x1a Src/usart.o
                0x00000000080038b0                sizeOfBuff
 *fill*         0x00000000080038ca        0x2 
 .text.Reset_Handler
                0x00000000080038cc       0x50 Startup/startup_stm32f303k8tx.o
                0x00000000080038cc                Reset_Handler
 .text.Default_Handler
                0x000000000800391c        0x2 Startup/startup_stm32f303k8tx.o
                0x000000000800391c                RTC_Alarm_IRQHandler
                0x000000000800391c                TIM1_CC_IRQHandler
                0x000000000800391c                PVD_IRQHandler
                0x000000000800391c                TAMP_STAMP_IRQHandler
                0x000000000800391c                EXTI3_IRQHandler
                0x000000000800391c                EXTI0_IRQHandler
                0x000000000800391c                FPU_IRQHandler
                0x000000000800391c                CAN_TX_IRQHandler
                0x000000000800391c                TIM1_UP_TIM16_IRQHandler
                0x000000000800391c                ADC1_2_IRQHandler
                0x000000000800391c                SPI1_IRQHandler
                0x000000000800391c                CAN_SCE_IRQHandler
                0x000000000800391c                DMA1_Channel4_IRQHandler
                0x000000000800391c                USART3_IRQHandler
                0x000000000800391c                TIM7_DAC2_IRQHandler
                0x000000000800391c                CAN_RX1_IRQHandler
                0x000000000800391c                I2C1_EV_IRQHandler
                0x000000000800391c                TIM3_IRQHandler
                0x000000000800391c                RCC_IRQHandler
                0x000000000800391c                DMA1_Channel1_IRQHandler
                0x000000000800391c                Default_Handler
                0x000000000800391c                EXTI15_10_IRQHandler
                0x000000000800391c                COMP2_IRQHandler
                0x000000000800391c                TIM6_DAC1_IRQHandler
                0x000000000800391c                EXTI9_5_IRQHandler
                0x000000000800391c                RTC_WKUP_IRQHandler
                0x000000000800391c                DMA1_Channel5_IRQHandler
                0x000000000800391c                EXTI4_IRQHandler
                0x000000000800391c                TIM1_TRG_COM_TIM17_IRQHandler
                0x000000000800391c                DMA1_Channel3_IRQHandler
                0x000000000800391c                WWDG_IRQHandler
                0x000000000800391c                EXTI1_IRQHandler
                0x000000000800391c                COMP4_6_IRQHandler
                0x000000000800391c                DMA1_Channel2_IRQHandler
                0x000000000800391c                FLASH_IRQHandler
                0x000000000800391c                USART1_IRQHandler
                0x000000000800391c                CAN_RX0_IRQHandler
                0x000000000800391c                I2C1_ER_IRQHandler
                0x000000000800391c                EXTI2_TSC_IRQHandler
                0x000000000800391c                TIM1_BRK_TIM15_IRQHandler
 *fill*         0x000000000800391e        0x2 
 .text.gcvt     0x0000000008003920       0x58 c:/st/stm32cubeide_1.4.0/stm32cubeide/plugins/com.st.stm32cube.ide.mcu.externaltools.gnu-tools-for-stm32.7-2018-q2-update.win32_1.4.0.202007081208/tools/bin/../lib/gcc/arm-none-eabi/7.3.1/../../../../arm-none-eabi/lib/thumb/v7e-m/fpv4-sp/hard\libc_nano.a(lib_a-efgcvt.o)
                0x0000000008003920                gcvt
 .text.__errno  0x0000000008003978        0xc c:/st/stm32cubeide_1.4.0/stm32cubeide/plugins/com.st.stm32cube.ide.mcu.externaltools.gnu-tools-for-stm32.7-2018-q2-update.win32_1.4.0.202007081208/tools/bin/../lib/gcc/arm-none-eabi/7.3.1/../../../../arm-none-eabi/lib/thumb/v7e-m/fpv4-sp/hard\libc_nano.a(lib_a-errno.o)
                0x0000000008003978                __errno
 .text.__libc_init_array
                0x0000000008003984       0x48 c:/st/stm32cubeide_1.4.0/stm32cubeide/plugins/com.st.stm32cube.ide.mcu.externaltools.gnu-tools-for-stm32.7-2018-q2-update.win32_1.4.0.202007081208/tools/bin/../lib/gcc/arm-none-eabi/7.3.1/../../../../arm-none-eabi/lib/thumb/v7e-m/fpv4-sp/hard\libc_nano.a(lib_a-init.o)
                0x0000000008003984                __libc_init_array
 .text.__itoa   0x00000000080039cc       0x30 c:/st/stm32cubeide_1.4.0/stm32cubeide/plugins/com.st.stm32cube.ide.mcu.externaltools.gnu-tools-for-stm32.7-2018-q2-update.win32_1.4.0.202007081208/tools/bin/../lib/gcc/arm-none-eabi/7.3.1/../../../../arm-none-eabi/lib/thumb/v7e-m/fpv4-sp/hard\libc_nano.a(lib_a-itoa.o)
                0x00000000080039cc                __itoa
 .text.itoa     0x00000000080039fc        0x4 c:/st/stm32cubeide_1.4.0/stm32cubeide/plugins/com.st.stm32cube.ide.mcu.externaltools.gnu-tools-for-stm32.7-2018-q2-update.win32_1.4.0.202007081208/tools/bin/../lib/gcc/arm-none-eabi/7.3.1/../../../../arm-none-eabi/lib/thumb/v7e-m/fpv4-sp/hard\libc_nano.a(lib_a-itoa.o)
                0x00000000080039fc                itoa
 .text.memset   0x0000000008003a00       0x10 c:/st/stm32cubeide_1.4.0/stm32cubeide/plugins/com.st.stm32cube.ide.mcu.externaltools.gnu-tools-for-stm32.7-2018-q2-update.win32_1.4.0.202007081208/tools/bin/../lib/gcc/arm-none-eabi/7.3.1/../../../../arm-none-eabi/lib/thumb/v7e-m/fpv4-sp/hard\libc_nano.a(lib_a-memset.o)
                0x0000000008003a00                memset
 .text.strcat   0x0000000008003a10       0x1e c:/st/stm32cubeide_1.4.0/stm32cubeide/plugins/com.st.stm32cube.ide.mcu.externaltools.gnu-tools-for-stm32.7-2018-q2-update.win32_1.4.0.202007081208/tools/bin/../lib/gcc/arm-none-eabi/7.3.1/../../../../arm-none-eabi/lib/thumb/v7e-m/fpv4-sp/hard\libc_nano.a(lib_a-strcat.o)
                0x0000000008003a10                strcat
 .text.strcpy   0x0000000008003a2e       0x10 c:/st/stm32cubeide_1.4.0/stm32cubeide/plugins/com.st.stm32cube.ide.mcu.externaltools.gnu-tools-for-stm32.7-2018-q2-update.win32_1.4.0.202007081208/tools/bin/../lib/gcc/arm-none-eabi/7.3.1/../../../../arm-none-eabi/lib/thumb/v7e-m/fpv4-sp/hard\libc_nano.a(lib_a-strcpy.o)
                0x0000000008003a2e                strcpy
 *fill*         0x0000000008003a3e        0x2 
 .text.__utoa   0x0000000008003a40       0x7c c:/st/stm32cubeide_1.4.0/stm32cubeide/plugins/com.st.stm32cube.ide.mcu.externaltools.gnu-tools-for-stm32.7-2018-q2-update.win32_1.4.0.202007081208/tools/bin/../lib/gcc/arm-none-eabi/7.3.1/../../../../arm-none-eabi/lib/thumb/v7e-m/fpv4-sp/hard\libc_nano.a(lib_a-utoa.o)
                0x0000000008003a40                __utoa
 .text.print_e  0x0000000008003abc       0xe8 c:/st/stm32cubeide_1.4.0/stm32cubeide/plugins/com.st.stm32cube.ide.mcu.externaltools.gnu-tools-for-stm32.7-2018-q2-update.win32_1.4.0.202007081208/tools/bin/../lib/gcc/arm-none-eabi/7.3.1/../../../../arm-none-eabi/lib/thumb/v7e-m/fpv4-sp/hard\libc_nano.a(lib_a-ecvtbuf.o)
 *fill*         0x0000000008003ba4        0x4 
 .text._gcvt    0x0000000008003ba8      0x194 c:/st/stm32cubeide_1.4.0/stm32cubeide/plugins/com.st.stm32cube.ide.mcu.externaltools.gnu-tools-for-stm32.7-2018-q2-update.win32_1.4.0.202007081208/tools/bin/../lib/gcc/arm-none-eabi/7.3.1/../../../../arm-none-eabi/lib/thumb/v7e-m/fpv4-sp/hard\libc_nano.a(lib_a-ecvtbuf.o)
                0x0000000008003ba8                _gcvt
 .text._Balloc  0x0000000008003d3c       0x68 c:/st/stm32cubeide_1.4.0/stm32cubeide/plugins/com.st.stm32cube.ide.mcu.externaltools.gnu-tools-for-stm32.7-2018-q2-update.win32_1.4.0.202007081208/tools/bin/../lib/gcc/arm-none-eabi/7.3.1/../../../../arm-none-eabi/lib/thumb/v7e-m/fpv4-sp/hard\libc_nano.a(lib_a-mprec.o)
                0x0000000008003d3c                _Balloc
 .text._Bfree   0x0000000008003da4       0x2e c:/st/stm32cubeide_1.4.0/stm32cubeide/plugins/com.st.stm32cube.ide.mcu.externaltools.gnu-tools-for-stm32.7-2018-q2-update.win32_1.4.0.202007081208/tools/bin/../lib/gcc/arm-none-eabi/7.3.1/../../../../arm-none-eabi/lib/thumb/v7e-m/fpv4-sp/hard\libc_nano.a(lib_a-mprec.o)
                0x0000000008003da4                _Bfree
 .text.__multadd
                0x0000000008003dd2       0x76 c:/st/stm32cubeide_1.4.0/stm32cubeide/plugins/com.st.stm32cube.ide.mcu.externaltools.gnu-tools-for-stm32.7-2018-q2-update.win32_1.4.0.202007081208/tools/bin/../lib/gcc/arm-none-eabi/7.3.1/../../../../arm-none-eabi/lib/thumb/v7e-m/fpv4-sp/hard\libc_nano.a(lib_a-mprec.o)
                0x0000000008003dd2                __multadd
 .text.__hi0bits
                0x0000000008003e48       0x3e c:/st/stm32cubeide_1.4.0/stm32cubeide/plugins/com.st.stm32cube.ide.mcu.externaltools.gnu-tools-for-stm32.7-2018-q2-update.win32_1.4.0.202007081208/tools/bin/../lib/gcc/arm-none-eabi/7.3.1/../../../../arm-none-eabi/lib/thumb/v7e-m/fpv4-sp/hard\libc_nano.a(lib_a-mprec.o)
                0x0000000008003e48                __hi0bits
 .text.__lo0bits
                0x0000000008003e86       0x5e c:/st/stm32cubeide_1.4.0/stm32cubeide/plugins/com.st.stm32cube.ide.mcu.externaltools.gnu-tools-for-stm32.7-2018-q2-update.win32_1.4.0.202007081208/tools/bin/../lib/gcc/arm-none-eabi/7.3.1/../../../../arm-none-eabi/lib/thumb/v7e-m/fpv4-sp/hard\libc_nano.a(lib_a-mprec.o)
                0x0000000008003e86                __lo0bits
 .text.__i2b    0x0000000008003ee4       0x12 c:/st/stm32cubeide_1.4.0/stm32cubeide/plugins/com.st.stm32cube.ide.mcu.externaltools.gnu-tools-for-stm32.7-2018-q2-update.win32_1.4.0.202007081208/tools/bin/../lib/gcc/arm-none-eabi/7.3.1/../../../../arm-none-eabi/lib/thumb/v7e-m/fpv4-sp/hard\libc_nano.a(lib_a-mprec.o)
                0x0000000008003ee4                __i2b
 .text.__multiply
                0x0000000008003ef6      0x12c c:/st/stm32cubeide_1.4.0/stm32cubeide/plugins/com.st.stm32cube.ide.mcu.externaltools.gnu-tools-for-stm32.7-2018-q2-update.win32_1.4.0.202007081208/tools/bin/../lib/gcc/arm-none-eabi/7.3.1/../../../../arm-none-eabi/lib/thumb/v7e-m/fpv4-sp/hard\libc_nano.a(lib_a-mprec.o)
                0x0000000008003ef6                __multiply
 *fill*         0x0000000008004022        0x2 
 .text.__pow5mult
                0x0000000008004024       0x9c c:/st/stm32cubeide_1.4.0/stm32cubeide/plugins/com.st.stm32cube.ide.mcu.externaltools.gnu-tools-for-stm32.7-2018-q2-update.win32_1.4.0.202007081208/tools/bin/../lib/gcc/arm-none-eabi/7.3.1/../../../../arm-none-eabi/lib/thumb/v7e-m/fpv4-sp/hard\libc_nano.a(lib_a-mprec.o)
                0x0000000008004024                __pow5mult
 .text.__lshift
                0x00000000080040c0       0xa8 c:/st/stm32cubeide_1.4.0/stm32cubeide/plugins/com.st.stm32cube.ide.mcu.externaltools.gnu-tools-for-stm32.7-2018-q2-update.win32_1.4.0.202007081208/tools/bin/../lib/gcc/arm-none-eabi/7.3.1/../../../../arm-none-eabi/lib/thumb/v7e-m/fpv4-sp/hard\libc_nano.a(lib_a-mprec.o)
                0x00000000080040c0                __lshift
 .text.__mcmp   0x0000000008004168       0x34 c:/st/stm32cubeide_1.4.0/stm32cubeide/plugins/com.st.stm32cube.ide.mcu.externaltools.gnu-tools-for-stm32.7-2018-q2-update.win32_1.4.0.202007081208/tools/bin/../lib/gcc/arm-none-eabi/7.3.1/../../../../arm-none-eabi/lib/thumb/v7e-m/fpv4-sp/hard\libc_nano.a(lib_a-mprec.o)
                0x0000000008004168                __mcmp
 .text.__mdiff  0x000000000800419c       0xba c:/st/stm32cubeide_1.4.0/stm32cubeide/plugins/com.st.stm32cube.ide.mcu.externaltools.gnu-tools-for-stm32.7-2018-q2-update.win32_1.4.0.202007081208/tools/bin/../lib/gcc/arm-none-eabi/7.3.1/../../../../arm-none-eabi/lib/thumb/v7e-m/fpv4-sp/hard\libc_nano.a(lib_a-mprec.o)
                0x000000000800419c                __mdiff
 .text.__d2b    0x0000000008004256       0x9e c:/st/stm32cubeide_1.4.0/stm32cubeide/plugins/com.st.stm32cube.ide.mcu.externaltools.gnu-tools-for-stm32.7-2018-q2-update.win32_1.4.0.202007081208/tools/bin/../lib/gcc/arm-none-eabi/7.3.1/../../../../arm-none-eabi/lib/thumb/v7e-m/fpv4-sp/hard\libc_nano.a(lib_a-mprec.o)
                0x0000000008004256                __d2b
 .text._mprec_log10
                0x00000000080042f4       0x3c c:/st/stm32cubeide_1.4.0/stm32cubeide/plugins/com.st.stm32cube.ide.mcu.externaltools.gnu-tools-for-stm32.7-2018-q2-update.win32_1.4.0.202007081208/tools/bin/../lib/gcc/arm-none-eabi/7.3.1/../../../../arm-none-eabi/lib/thumb/v7e-m/fpv4-sp/hard\libc_nano.a(lib_a-mprec.o)
                0x00000000080042f4                _mprec_log10
 .text._calloc_r
                0x0000000008004330       0x1c c:/st/stm32cubeide_1.4.0/stm32cubeide/plugins/com.st.stm32cube.ide.mcu.externaltools.gnu-tools-for-stm32.7-2018-q2-update.win32_1.4.0.202007081208/tools/bin/../lib/gcc/arm-none-eabi/7.3.1/../../../../arm-none-eabi/lib/thumb/v7e-m/fpv4-sp/hard\libc_nano.a(lib_a-nano-callocr.o)
                0x0000000008004330                _calloc_r
 .text._malloc_r
                0x000000000800434c       0xb4 c:/st/stm32cubeide_1.4.0/stm32cubeide/plugins/com.st.stm32cube.ide.mcu.externaltools.gnu-tools-for-stm32.7-2018-q2-update.win32_1.4.0.202007081208/tools/bin/../lib/gcc/arm-none-eabi/7.3.1/../../../../arm-none-eabi/lib/thumb/v7e-m/fpv4-sp/hard\libc_nano.a(lib_a-nano-mallocr.o)
                0x000000000800434c                _malloc_r
 .text._sbrk_r  0x0000000008004400       0x20 c:/st/stm32cubeide_1.4.0/stm32cubeide/plugins/com.st.stm32cube.ide.mcu.externaltools.gnu-tools-for-stm32.7-2018-q2-update.win32_1.4.0.202007081208/tools/bin/../lib/gcc/arm-none-eabi/7.3.1/../../../../arm-none-eabi/lib/thumb/v7e-m/fpv4-sp/hard\libc_nano.a(lib_a-sbrkr.o)
                0x0000000008004400                _sbrk_r
 .text.quorem   0x0000000008004420      0x118 c:/st/stm32cubeide_1.4.0/stm32cubeide/plugins/com.st.stm32cube.ide.mcu.externaltools.gnu-tools-for-stm32.7-2018-q2-update.win32_1.4.0.202007081208/tools/bin/../lib/gcc/arm-none-eabi/7.3.1/../../../../arm-none-eabi/lib/thumb/v7e-m/fpv4-sp/hard\libc_nano.a(lib_a-dtoa.o)
 .text._dtoa_r  0x0000000008004538      0xb70 c:/st/stm32cubeide_1.4.0/stm32cubeide/plugins/com.st.stm32cube.ide.mcu.externaltools.gnu-tools-for-stm32.7-2018-q2-update.win32_1.4.0.202007081208/tools/bin/../lib/gcc/arm-none-eabi/7.3.1/../../../../arm-none-eabi/lib/thumb/v7e-m/fpv4-sp/hard\libc_nano.a(lib_a-dtoa.o)
                0x0000000008004538                _dtoa_r
 .text.malloc   0x00000000080050a8       0x10 c:/st/stm32cubeide_1.4.0/stm32cubeide/plugins/com.st.stm32cube.ide.mcu.externaltools.gnu-tools-for-stm32.7-2018-q2-update.win32_1.4.0.202007081208/tools/bin/../lib/gcc/arm-none-eabi/7.3.1/../../../../arm-none-eabi/lib/thumb/v7e-m/fpv4-sp/hard\libc_nano.a(lib_a-malloc.o)
                0x00000000080050a8                malloc
 .text.memcpy   0x00000000080050b8       0x16 c:/st/stm32cubeide_1.4.0/stm32cubeide/plugins/com.st.stm32cube.ide.mcu.externaltools.gnu-tools-for-stm32.7-2018-q2-update.win32_1.4.0.202007081208/tools/bin/../lib/gcc/arm-none-eabi/7.3.1/../../../../arm-none-eabi/lib/thumb/v7e-m/fpv4-sp/hard\libc_nano.a(lib_a-memcpy-stub.o)
                0x00000000080050b8                memcpy
 .text.__malloc_lock
                0x00000000080050ce        0x2 c:/st/stm32cubeide_1.4.0/stm32cubeide/plugins/com.st.stm32cube.ide.mcu.externaltools.gnu-tools-for-stm32.7-2018-q2-update.win32_1.4.0.202007081208/tools/bin/../lib/gcc/arm-none-eabi/7.3.1/../../../../arm-none-eabi/lib/thumb/v7e-m/fpv4-sp/hard\libc_nano.a(lib_a-mlock.o)
                0x00000000080050ce                __malloc_lock
 .text.__malloc_unlock
                0x00000000080050d0        0x2 c:/st/stm32cubeide_1.4.0/stm32cubeide/plugins/com.st.stm32cube.ide.mcu.externaltools.gnu-tools-for-stm32.7-2018-q2-update.win32_1.4.0.202007081208/tools/bin/../lib/gcc/arm-none-eabi/7.3.1/../../../../arm-none-eabi/lib/thumb/v7e-m/fpv4-sp/hard\libc_nano.a(lib_a-mlock.o)
                0x00000000080050d0                __malloc_unlock
 *(.glue_7)
 .glue_7        0x00000000080050d2        0x0 linker stubs
 *(.glue_7t)
 .glue_7t       0x00000000080050d2        0x0 linker stubs
 *(.eh_frame)
 *fill*         0x00000000080050d2        0x2 
 .eh_frame      0x00000000080050d4        0x0 c:/st/stm32cubeide_1.4.0/stm32cubeide/plugins/com.st.stm32cube.ide.mcu.externaltools.gnu-tools-for-stm32.7-2018-q2-update.win32_1.4.0.202007081208/tools/bin/../lib/gcc/arm-none-eabi/7.3.1/thumb/v7e-m/fpv4-sp/hard/crtbegin.o
 *(.init)
 .init          0x00000000080050d4        0x4 c:/st/stm32cubeide_1.4.0/stm32cubeide/plugins/com.st.stm32cube.ide.mcu.externaltools.gnu-tools-for-stm32.7-2018-q2-update.win32_1.4.0.202007081208/tools/bin/../lib/gcc/arm-none-eabi/7.3.1/thumb/v7e-m/fpv4-sp/hard/crti.o
                0x00000000080050d4                _init
 .init          0x00000000080050d8        0x8 c:/st/stm32cubeide_1.4.0/stm32cubeide/plugins/com.st.stm32cube.ide.mcu.externaltools.gnu-tools-for-stm32.7-2018-q2-update.win32_1.4.0.202007081208/tools/bin/../lib/gcc/arm-none-eabi/7.3.1/thumb/v7e-m/fpv4-sp/hard/crtn.o
 *(.fini)
 .fini          0x00000000080050e0        0x4 c:/st/stm32cubeide_1.4.0/stm32cubeide/plugins/com.st.stm32cube.ide.mcu.externaltools.gnu-tools-for-stm32.7-2018-q2-update.win32_1.4.0.202007081208/tools/bin/../lib/gcc/arm-none-eabi/7.3.1/thumb/v7e-m/fpv4-sp/hard/crti.o
                0x00000000080050e0                _fini
 .fini          0x00000000080050e4        0x8 c:/st/stm32cubeide_1.4.0/stm32cubeide/plugins/com.st.stm32cube.ide.mcu.externaltools.gnu-tools-for-stm32.7-2018-q2-update.win32_1.4.0.202007081208/tools/bin/../lib/gcc/arm-none-eabi/7.3.1/thumb/v7e-m/fpv4-sp/hard/crtn.o
                0x00000000080050ec                . = ALIGN (0x4)
                0x00000000080050ec                _etext = .

.vfp11_veneer   0x00000000080050ec        0x0
 .vfp11_veneer  0x00000000080050ec        0x0 linker stubs

.v4_bx          0x00000000080050ec        0x0
 .v4_bx         0x00000000080050ec        0x0 linker stubs

.iplt           0x00000000080050ec        0x0
 .iplt          0x00000000080050ec        0x0 c:/st/stm32cubeide_1.4.0/stm32cubeide/plugins/com.st.stm32cube.ide.mcu.externaltools.gnu-tools-for-stm32.7-2018-q2-update.win32_1.4.0.202007081208/tools/bin/../lib/gcc/arm-none-eabi/7.3.1/thumb/v7e-m/fpv4-sp/hard/crtbegin.o

.rodata         0x00000000080050f0      0x1c4
                0x00000000080050f0                . = ALIGN (0x4)
 *(.rodata)
 .rodata        0x00000000080050f0       0x4f Src/main.o
 *(.rodata*)
 *fill*         0x000000000800513f        0x1 
 .rodata.CHANNEL_OFFSET_TAB
                0x0000000008005140        0x7 Src/stm32f3xx_it.o
 *fill*         0x0000000008005147        0x1 
 .rodata.AHBPrescTable
                0x0000000008005148       0x10 Src/system_stm32f3xx.o
                0x0000000008005148                AHBPrescTable
 .rodata.APBPrescTable
                0x0000000008005158        0x8 Src/system_stm32f3xx.o
                0x0000000008005158                APBPrescTable
 .rodata.OFFSET_TAB_CCMRx
                0x0000000008005160        0x9 Src/tim.o
 *fill*         0x0000000008005169        0x3 
 .rodata.SHIFT_TAB_OCxx
                0x000000000800516c        0x9 Src/tim.o
 *fill*         0x0000000008005175        0x3 
 .rodata.CHANNEL_OFFSET_TAB
                0x0000000008005178        0x7 Src/usart.o
 .rodata.__utoa.str1.1
                0x000000000800517f       0x25 c:/st/stm32cubeide_1.4.0/stm32cubeide/plugins/com.st.stm32cube.ide.mcu.externaltools.gnu-tools-for-stm32.7-2018-q2-update.win32_1.4.0.202007081208/tools/bin/../lib/gcc/arm-none-eabi/7.3.1/../../../../arm-none-eabi/lib/thumb/v7e-m/fpv4-sp/hard\libc_nano.a(lib_a-utoa.o)
 *fill*         0x00000000080051a4        0x4 
 .rodata.__mprec_bigtens
                0x00000000080051a8       0x28 c:/st/stm32cubeide_1.4.0/stm32cubeide/plugins/com.st.stm32cube.ide.mcu.externaltools.gnu-tools-for-stm32.7-2018-q2-update.win32_1.4.0.202007081208/tools/bin/../lib/gcc/arm-none-eabi/7.3.1/../../../../arm-none-eabi/lib/thumb/v7e-m/fpv4-sp/hard\libc_nano.a(lib_a-mprec.o)
                0x00000000080051a8                __mprec_bigtens
 .rodata.__mprec_tens
                0x00000000080051d0       0xc8 c:/st/stm32cubeide_1.4.0/stm32cubeide/plugins/com.st.stm32cube.ide.mcu.externaltools.gnu-tools-for-stm32.7-2018-q2-update.win32_1.4.0.202007081208/tools/bin/../lib/gcc/arm-none-eabi/7.3.1/../../../../arm-none-eabi/lib/thumb/v7e-m/fpv4-sp/hard\libc_nano.a(lib_a-mprec.o)
                0x00000000080051d0                __mprec_tens
 .rodata.p05.7359
                0x0000000008005298        0xc c:/st/stm32cubeide_1.4.0/stm32cubeide/plugins/com.st.stm32cube.ide.mcu.externaltools.gnu-tools-for-stm32.7-2018-q2-update.win32_1.4.0.202007081208/tools/bin/../lib/gcc/arm-none-eabi/7.3.1/../../../../arm-none-eabi/lib/thumb/v7e-m/fpv4-sp/hard\libc_nano.a(lib_a-mprec.o)
 .rodata._dtoa_r.str1.1
                0x00000000080052a4        0xf c:/st/stm32cubeide_1.4.0/stm32cubeide/plugins/com.st.stm32cube.ide.mcu.externaltools.gnu-tools-for-stm32.7-2018-q2-update.win32_1.4.0.202007081208/tools/bin/../lib/gcc/arm-none-eabi/7.3.1/../../../../arm-none-eabi/lib/thumb/v7e-m/fpv4-sp/hard\libc_nano.a(lib_a-dtoa.o)
                0x00000000080052b4                . = ALIGN (0x4)
 *fill*         0x00000000080052b3        0x1 

.rel.dyn        0x00000000080052b4        0x0
 .rel.iplt      0x00000000080052b4        0x0 c:/st/stm32cubeide_1.4.0/stm32cubeide/plugins/com.st.stm32cube.ide.mcu.externaltools.gnu-tools-for-stm32.7-2018-q2-update.win32_1.4.0.202007081208/tools/bin/../lib/gcc/arm-none-eabi/7.3.1/thumb/v7e-m/fpv4-sp/hard/crtbegin.o

.ARM.extab      0x00000000080052b4        0x0
                0x00000000080052b4                . = ALIGN (0x4)
 *(.ARM.extab* .gnu.linkonce.armextab.*)
                0x00000000080052b4                . = ALIGN (0x4)

.ARM            0x00000000080052b4        0x0
                0x00000000080052b4                . = ALIGN (0x4)
                0x00000000080052b4                __exidx_start = .
 *(.ARM.exidx*)
                0x00000000080052b4                __exidx_end = .
                0x00000000080052b4                . = ALIGN (0x4)

.preinit_array  0x00000000080052b4        0x0
                0x00000000080052b4                . = ALIGN (0x4)
                0x00000000080052b4                PROVIDE (__preinit_array_start = .)
 *(.preinit_array*)
                0x00000000080052b4                PROVIDE (__preinit_array_end = .)
                0x00000000080052b4                . = ALIGN (0x4)

.init_array     0x00000000080052b4        0x4
                0x00000000080052b4                . = ALIGN (0x4)
                0x00000000080052b4                PROVIDE (__init_array_start = .)
 *(SORT_BY_NAME(.init_array.*))
 *(.init_array*)
 .init_array    0x00000000080052b4        0x4 c:/st/stm32cubeide_1.4.0/stm32cubeide/plugins/com.st.stm32cube.ide.mcu.externaltools.gnu-tools-for-stm32.7-2018-q2-update.win32_1.4.0.202007081208/tools/bin/../lib/gcc/arm-none-eabi/7.3.1/thumb/v7e-m/fpv4-sp/hard/crtbegin.o
                0x00000000080052b8                PROVIDE (__init_array_end = .)
                0x00000000080052b8                . = ALIGN (0x4)

.fini_array     0x00000000080052b8        0x4
                0x00000000080052b8                . = ALIGN (0x4)
                [!provide]                        PROVIDE (__fini_array_start = .)
 *(SORT_BY_NAME(.fini_array.*))
 *(.fini_array*)
 .fini_array    0x00000000080052b8        0x4 c:/st/stm32cubeide_1.4.0/stm32cubeide/plugins/com.st.stm32cube.ide.mcu.externaltools.gnu-tools-for-stm32.7-2018-q2-update.win32_1.4.0.202007081208/tools/bin/../lib/gcc/arm-none-eabi/7.3.1/thumb/v7e-m/fpv4-sp/hard/crtbegin.o
                [!provide]                        PROVIDE (__fini_array_end = .)
                0x00000000080052bc                . = ALIGN (0x4)
                0x00000000080052bc                _sidata = LOADADDR (.data)

.data           0x0000000020000000       0x68 load address 0x00000000080052bc
                0x0000000020000000                . = ALIGN (0x4)
                0x0000000020000000                _sdata = .
 *(.data)
 *(.data*)
 .data.SystemCoreClock
                0x0000000020000000        0x4 Src/system_stm32f3xx.o
                0x0000000020000000                SystemCoreClock
 .data._impure_ptr
                0x0000000020000004        0x4 c:/st/stm32cubeide_1.4.0/stm32cubeide/plugins/com.st.stm32cube.ide.mcu.externaltools.gnu-tools-for-stm32.7-2018-q2-update.win32_1.4.0.202007081208/tools/bin/../lib/gcc/arm-none-eabi/7.3.1/../../../../arm-none-eabi/lib/thumb/v7e-m/fpv4-sp/hard\libc_nano.a(lib_a-impure.o)
                0x0000000020000004                _impure_ptr
 .data.impure_data
                0x0000000020000008       0x60 c:/st/stm32cubeide_1.4.0/stm32cubeide/plugins/com.st.stm32cube.ide.mcu.externaltools.gnu-tools-for-stm32.7-2018-q2-update.win32_1.4.0.202007081208/tools/bin/../lib/gcc/arm-none-eabi/7.3.1/../../../../arm-none-eabi/lib/thumb/v7e-m/fpv4-sp/hard\libc_nano.a(lib_a-impure.o)
                0x0000000020000068                . = ALIGN (0x4)
                0x0000000020000068                _edata = .

.igot.plt       0x0000000020000068        0x0 load address 0x0000000008005324
 .igot.plt      0x0000000020000068        0x0 c:/st/stm32cubeide_1.4.0/stm32cubeide/plugins/com.st.stm32cube.ide.mcu.externaltools.gnu-tools-for-stm32.7-2018-q2-update.win32_1.4.0.202007081208/tools/bin/../lib/gcc/arm-none-eabi/7.3.1/thumb/v7e-m/fpv4-sp/hard/crtbegin.o
                0x0000000020000068                . = ALIGN (0x4)

.bss            0x0000000020000068      0x14c load address 0x0000000008005324
                0x0000000020000068                _sbss = .
                0x0000000020000068                __bss_start__ = _sbss
 *(.bss)
 .bss           0x0000000020000068       0x1c c:/st/stm32cubeide_1.4.0/stm32cubeide/plugins/com.st.stm32cube.ide.mcu.externaltools.gnu-tools-for-stm32.7-2018-q2-update.win32_1.4.0.202007081208/tools/bin/../lib/gcc/arm-none-eabi/7.3.1/thumb/v7e-m/fpv4-sp/hard/crtbegin.o
 *(.bss*)
 .bss.start     0x0000000020000084        0x4 Src/main.o
                0x0000000020000084                start
 .bss.poc_prijatych
                0x0000000020000088        0x4 Src/main.o
                0x0000000020000088                poc_prijatych
 .bss.poc_malych
                0x000000002000008c        0x4 Src/main.o
                0x000000002000008c                poc_malych
 .bss.poc_velkych
                0x0000000020000090        0x4 Src/main.o
                0x0000000020000090                poc_velkych
 .bss.heap_end.6424
                0x0000000020000094        0x4 Src/sysmem.o
 .bss.USART2_ProcessData
                0x0000000020000098        0x4 Src/usart.o
 .bss.old_pos.10451
                0x000000002000009c        0x1 Src/usart.o
 *fill*         0x000000002000009d        0x3 
 .bss.__malloc_free_list
                0x00000000200000a0        0x4 c:/st/stm32cubeide_1.4.0/stm32cubeide/plugins/com.st.stm32cube.ide.mcu.externaltools.gnu-tools-for-stm32.7-2018-q2-update.win32_1.4.0.202007081208/tools/bin/../lib/gcc/arm-none-eabi/7.3.1/../../../../arm-none-eabi/lib/thumb/v7e-m/fpv4-sp/hard\libc_nano.a(lib_a-nano-mallocr.o)
                0x00000000200000a0                __malloc_free_list
 .bss.__malloc_sbrk_start
                0x00000000200000a4        0x4 c:/st/stm32cubeide_1.4.0/stm32cubeide/plugins/com.st.stm32cube.ide.mcu.externaltools.gnu-tools-for-stm32.7-2018-q2-update.win32_1.4.0.202007081208/tools/bin/../lib/gcc/arm-none-eabi/7.3.1/../../../../arm-none-eabi/lib/thumb/v7e-m/fpv4-sp/hard\libc_nano.a(lib_a-nano-mallocr.o)
                0x00000000200000a4                __malloc_sbrk_start
 *(COMMON)
 COMMON         0x00000000200000a8        0x2 Src/main.o
                0x00000000200000a8                nazov
 *fill*         0x00000000200000aa        0x2 
 COMMON         0x00000000200000ac      0x104 Src/usart.o
                0x00000000200000ac                pos
                0x00000000200000b0                bufferUSART2dma
 COMMON         0x00000000200001b0        0x4 c:/st/stm32cubeide_1.4.0/stm32cubeide/plugins/com.st.stm32cube.ide.mcu.externaltools.gnu-tools-for-stm32.7-2018-q2-update.win32_1.4.0.202007081208/tools/bin/../lib/gcc/arm-none-eabi/7.3.1/../../../../arm-none-eabi/lib/thumb/v7e-m/fpv4-sp/hard\libc_nano.a(lib_a-reent.o)
                0x00000000200001b0                errno
                0x00000000200001b4                . = ALIGN (0x4)
                0x00000000200001b4                _ebss = .
                0x00000000200001b4                __bss_end__ = _ebss

._user_heap_stack
                0x00000000200001b4      0x604 load address 0x0000000008005324
                0x00000000200001b8                . = ALIGN (0x8)
 *fill*         0x00000000200001b4        0x4 
                0x00000000200001b8                PROVIDE (end = .)
                [!provide]                        PROVIDE (_end = .)
                0x00000000200003b8                . = (. + _Min_Heap_Size)
 *fill*         0x00000000200001b8      0x200 
                0x00000000200007b8                . = (. + _Min_Stack_Size)
 *fill*         0x00000000200003b8      0x400 
                0x00000000200007b8                . = ALIGN (0x8)

/DISCARD/
 libc.a(*)
 libm.a(*)
 libgcc.a(*)

.ARM.attributes
                0x0000000000000000       0x30
 *(.ARM.attributes)
 .ARM.attributes
                0x0000000000000000       0x22 c:/st/stm32cubeide_1.4.0/stm32cubeide/plugins/com.st.stm32cube.ide.mcu.externaltools.gnu-tools-for-stm32.7-2018-q2-update.win32_1.4.0.202007081208/tools/bin/../lib/gcc/arm-none-eabi/7.3.1/thumb/v7e-m/fpv4-sp/hard/crti.o
 .ARM.attributes
                0x0000000000000022       0x34 c:/st/stm32cubeide_1.4.0/stm32cubeide/plugins/com.st.stm32cube.ide.mcu.externaltools.gnu-tools-for-stm32.7-2018-q2-update.win32_1.4.0.202007081208/tools/bin/../lib/gcc/arm-none-eabi/7.3.1/thumb/v7e-m/fpv4-sp/hard/crtbegin.o
 .ARM.attributes
                0x0000000000000056       0x39 Drivers/STM32F3xx_HAL_Driver/Src/stm32f3xx_ll_adc.o
 .ARM.attributes
                0x000000000000008f       0x39 Drivers/STM32F3xx_HAL_Driver/Src/stm32f3xx_ll_gpio.o
 .ARM.attributes
                0x00000000000000c8       0x39 Drivers/STM32F3xx_HAL_Driver/Src/stm32f3xx_ll_rcc.o
 .ARM.attributes
                0x0000000000000101       0x39 Drivers/STM32F3xx_HAL_Driver/Src/stm32f3xx_ll_tim.o
 .ARM.attributes
                0x000000000000013a       0x39 Drivers/STM32F3xx_HAL_Driver/Src/stm32f3xx_ll_usart.o
 .ARM.attributes
                0x0000000000000173       0x39 Drivers/STM32F3xx_HAL_Driver/Src/stm32f3xx_ll_utils.o
 .ARM.attributes
                0x00000000000001ac       0x39 Src/adc.o
 .ARM.attributes
                0x00000000000001e5       0x39 Src/dma.o
 .ARM.attributes
                0x000000000000021e       0x39 Src/gpio.o
 .ARM.attributes
                0x0000000000000257       0x39 Src/main.o
 .ARM.attributes
                0x0000000000000290       0x39 Src/stm32f3xx_it.o
 .ARM.attributes
                0x00000000000002c9       0x39 Src/sysmem.o
 .ARM.attributes
                0x0000000000000302       0x39 Src/system_stm32f3xx.o
 .ARM.attributes
                0x000000000000033b       0x39 Src/tim.o
 .ARM.attributes
                0x0000000000000374       0x39 Src/usart.o
 .ARM.attributes
                0x00000000000003ad       0x21 Startup/startup_stm32f303k8tx.o
 .ARM.attributes
                0x00000000000003ce       0x34 c:/st/stm32cubeide_1.4.0/stm32cubeide/plugins/com.st.stm32cube.ide.mcu.externaltools.gnu-tools-for-stm32.7-2018-q2-update.win32_1.4.0.202007081208/tools/bin/../lib/gcc/arm-none-eabi/7.3.1/../../../../arm-none-eabi/lib/thumb/v7e-m/fpv4-sp/hard\libc_nano.a(lib_a-efgcvt.o)
 .ARM.attributes
                0x0000000000000402       0x34 c:/st/stm32cubeide_1.4.0/stm32cubeide/plugins/com.st.stm32cube.ide.mcu.externaltools.gnu-tools-for-stm32.7-2018-q2-update.win32_1.4.0.202007081208/tools/bin/../lib/gcc/arm-none-eabi/7.3.1/../../../../arm-none-eabi/lib/thumb/v7e-m/fpv4-sp/hard\libc_nano.a(lib_a-errno.o)
 .ARM.attributes
                0x0000000000000436       0x34 c:/st/stm32cubeide_1.4.0/stm32cubeide/plugins/com.st.stm32cube.ide.mcu.externaltools.gnu-tools-for-stm32.7-2018-q2-update.win32_1.4.0.202007081208/tools/bin/../lib/gcc/arm-none-eabi/7.3.1/../../../../arm-none-eabi/lib/thumb/v7e-m/fpv4-sp/hard\libc_nano.a(lib_a-impure.o)
 .ARM.attributes
                0x000000000000046a       0x34 c:/st/stm32cubeide_1.4.0/stm32cubeide/plugins/com.st.stm32cube.ide.mcu.externaltools.gnu-tools-for-stm32.7-2018-q2-update.win32_1.4.0.202007081208/tools/bin/../lib/gcc/arm-none-eabi/7.3.1/../../../../arm-none-eabi/lib/thumb/v7e-m/fpv4-sp/hard\libc_nano.a(lib_a-init.o)
 .ARM.attributes
                0x000000000000049e       0x34 c:/st/stm32cubeide_1.4.0/stm32cubeide/plugins/com.st.stm32cube.ide.mcu.externaltools.gnu-tools-for-stm32.7-2018-q2-update.win32_1.4.0.202007081208/tools/bin/../lib/gcc/arm-none-eabi/7.3.1/../../../../arm-none-eabi/lib/thumb/v7e-m/fpv4-sp/hard\libc_nano.a(lib_a-itoa.o)
 .ARM.attributes
                0x00000000000004d2       0x34 c:/st/stm32cubeide_1.4.0/stm32cubeide/plugins/com.st.stm32cube.ide.mcu.externaltools.gnu-tools-for-stm32.7-2018-q2-update.win32_1.4.0.202007081208/tools/bin/../lib/gcc/arm-none-eabi/7.3.1/../../../../arm-none-eabi/lib/thumb/v7e-m/fpv4-sp/hard\libc_nano.a(lib_a-memset.o)
 .ARM.attributes
                0x0000000000000506       0x34 c:/st/stm32cubeide_1.4.0/stm32cubeide/plugins/com.st.stm32cube.ide.mcu.externaltools.gnu-tools-for-stm32.7-2018-q2-update.win32_1.4.0.202007081208/tools/bin/../lib/gcc/arm-none-eabi/7.3.1/../../../../arm-none-eabi/lib/thumb/v7e-m/fpv4-sp/hard\libc_nano.a(lib_a-strcat.o)
 .ARM.attributes
                0x000000000000053a       0x34 c:/st/stm32cubeide_1.4.0/stm32cubeide/plugins/com.st.stm32cube.ide.mcu.externaltools.gnu-tools-for-stm32.7-2018-q2-update.win32_1.4.0.202007081208/tools/bin/../lib/gcc/arm-none-eabi/7.3.1/../../../../arm-none-eabi/lib/thumb/v7e-m/fpv4-sp/hard\libc_nano.a(lib_a-strcpy.o)
 .ARM.attributes
                0x000000000000056e       0x1b c:/st/stm32cubeide_1.4.0/stm32cubeide/plugins/com.st.stm32cube.ide.mcu.externaltools.gnu-tools-for-stm32.7-2018-q2-update.win32_1.4.0.202007081208/tools/bin/../lib/gcc/arm-none-eabi/7.3.1/../../../../arm-none-eabi/lib/thumb/v7e-m/fpv4-sp/hard\libc_nano.a(lib_a-strlen.o)
 .ARM.attributes
                0x0000000000000589       0x34 c:/st/stm32cubeide_1.4.0/stm32cubeide/plugins/com.st.stm32cube.ide.mcu.externaltools.gnu-tools-for-stm32.7-2018-q2-update.win32_1.4.0.202007081208/tools/bin/../lib/gcc/arm-none-eabi/7.3.1/../../../../arm-none-eabi/lib/thumb/v7e-m/fpv4-sp/hard\libc_nano.a(lib_a-utoa.o)
 .ARM.attributes
                0x00000000000005bd       0x34 c:/st/stm32cubeide_1.4.0/stm32cubeide/plugins/com.st.stm32cube.ide.mcu.externaltools.gnu-tools-for-stm32.7-2018-q2-update.win32_1.4.0.202007081208/tools/bin/../lib/gcc/arm-none-eabi/7.3.1/../../../../arm-none-eabi/lib/thumb/v7e-m/fpv4-sp/hard\libc_nano.a(lib_a-ecvtbuf.o)
 .ARM.attributes
                0x00000000000005f1       0x34 c:/st/stm32cubeide_1.4.0/stm32cubeide/plugins/com.st.stm32cube.ide.mcu.externaltools.gnu-tools-for-stm32.7-2018-q2-update.win32_1.4.0.202007081208/tools/bin/../lib/gcc/arm-none-eabi/7.3.1/../../../../arm-none-eabi/lib/thumb/v7e-m/fpv4-sp/hard\libc_nano.a(lib_a-mprec.o)
 .ARM.attributes
                0x0000000000000625       0x34 c:/st/stm32cubeide_1.4.0/stm32cubeide/plugins/com.st.stm32cube.ide.mcu.externaltools.gnu-tools-for-stm32.7-2018-q2-update.win32_1.4.0.202007081208/tools/bin/../lib/gcc/arm-none-eabi/7.3.1/../../../../arm-none-eabi/lib/thumb/v7e-m/fpv4-sp/hard\libc_nano.a(lib_a-nano-callocr.o)
 .ARM.attributes
                0x0000000000000659       0x34 c:/st/stm32cubeide_1.4.0/stm32cubeide/plugins/com.st.stm32cube.ide.mcu.externaltools.gnu-tools-for-stm32.7-2018-q2-update.win32_1.4.0.202007081208/tools/bin/../lib/gcc/arm-none-eabi/7.3.1/../../../../arm-none-eabi/lib/thumb/v7e-m/fpv4-sp/hard\libc_nano.a(lib_a-nano-mallocr.o)
 .ARM.attributes
                0x000000000000068d       0x34 c:/st/stm32cubeide_1.4.0/stm32cubeide/plugins/com.st.stm32cube.ide.mcu.externaltools.gnu-tools-for-stm32.7-2018-q2-update.win32_1.4.0.202007081208/tools/bin/../lib/gcc/arm-none-eabi/7.3.1/../../../../arm-none-eabi/lib/thumb/v7e-m/fpv4-sp/hard\libc_nano.a(lib_a-sbrkr.o)
 .ARM.attributes
                0x00000000000006c1       0x34 c:/st/stm32cubeide_1.4.0/stm32cubeide/plugins/com.st.stm32cube.ide.mcu.externaltools.gnu-tools-for-stm32.7-2018-q2-update.win32_1.4.0.202007081208/tools/bin/../lib/gcc/arm-none-eabi/7.3.1/../../../../arm-none-eabi/lib/thumb/v7e-m/fpv4-sp/hard\libc_nano.a(lib_a-dtoa.o)
 .ARM.attributes
                0x00000000000006f5       0x34 c:/st/stm32cubeide_1.4.0/stm32cubeide/plugins/com.st.stm32cube.ide.mcu.externaltools.gnu-tools-for-stm32.7-2018-q2-update.win32_1.4.0.202007081208/tools/bin/../lib/gcc/arm-none-eabi/7.3.1/../../../../arm-none-eabi/lib/thumb/v7e-m/fpv4-sp/hard\libc_nano.a(lib_a-malloc.o)
 .ARM.attributes
                0x0000000000000729       0x34 c:/st/stm32cubeide_1.4.0/stm32cubeide/plugins/com.st.stm32cube.ide.mcu.externaltools.gnu-tools-for-stm32.7-2018-q2-update.win32_1.4.0.202007081208/tools/bin/../lib/gcc/arm-none-eabi/7.3.1/../../../../arm-none-eabi/lib/thumb/v7e-m/fpv4-sp/hard\libc_nano.a(lib_a-memcpy-stub.o)
 .ARM.attributes
                0x000000000000075d       0x34 c:/st/stm32cubeide_1.4.0/stm32cubeide/plugins/com.st.stm32cube.ide.mcu.externaltools.gnu-tools-for-stm32.7-2018-q2-update.win32_1.4.0.202007081208/tools/bin/../lib/gcc/arm-none-eabi/7.3.1/../../../../arm-none-eabi/lib/thumb/v7e-m/fpv4-sp/hard\libc_nano.a(lib_a-mlock.o)
 .ARM.attributes
                0x0000000000000791       0x34 c:/st/stm32cubeide_1.4.0/stm32cubeide/plugins/com.st.stm32cube.ide.mcu.externaltools.gnu-tools-for-stm32.7-2018-q2-update.win32_1.4.0.202007081208/tools/bin/../lib/gcc/arm-none-eabi/7.3.1/../../../../arm-none-eabi/lib/thumb/v7e-m/fpv4-sp/hard\libc_nano.a(lib_a-reent.o)
 .ARM.attributes
                0x00000000000007c5       0x22 c:/st/stm32cubeide_1.4.0/stm32cubeide/plugins/com.st.stm32cube.ide.mcu.externaltools.gnu-tools-for-stm32.7-2018-q2-update.win32_1.4.0.202007081208/tools/bin/../lib/gcc/arm-none-eabi/7.3.1/thumb/v7e-m/fpv4-sp/hard\libgcc.a(_arm_addsubdf3.o)
 .ARM.attributes
                0x00000000000007e7       0x22 c:/st/stm32cubeide_1.4.0/stm32cubeide/plugins/com.st.stm32cube.ide.mcu.externaltools.gnu-tools-for-stm32.7-2018-q2-update.win32_1.4.0.202007081208/tools/bin/../lib/gcc/arm-none-eabi/7.3.1/thumb/v7e-m/fpv4-sp/hard\libgcc.a(_arm_muldivdf3.o)
 .ARM.attributes
                0x0000000000000809       0x22 c:/st/stm32cubeide_1.4.0/stm32cubeide/plugins/com.st.stm32cube.ide.mcu.externaltools.gnu-tools-for-stm32.7-2018-q2-update.win32_1.4.0.202007081208/tools/bin/../lib/gcc/arm-none-eabi/7.3.1/thumb/v7e-m/fpv4-sp/hard\libgcc.a(_arm_cmpdf2.o)
 .ARM.attributes
                0x000000000000082b       0x22 c:/st/stm32cubeide_1.4.0/stm32cubeide/plugins/com.st.stm32cube.ide.mcu.externaltools.gnu-tools-for-stm32.7-2018-q2-update.win32_1.4.0.202007081208/tools/bin/../lib/gcc/arm-none-eabi/7.3.1/thumb/v7e-m/fpv4-sp/hard\libgcc.a(_arm_fixdfsi.o)
 .ARM.attributes
                0x000000000000084d       0x22 c:/st/stm32cubeide_1.4.0/stm32cubeide/plugins/com.st.stm32cube.ide.mcu.externaltools.gnu-tools-for-stm32.7-2018-q2-update.win32_1.4.0.202007081208/tools/bin/../lib/gcc/arm-none-eabi/7.3.1/thumb/v7e-m/fpv4-sp/hard/crtn.o
OUTPUT(zad8abc.elf elf32-littlearm)

.debug_info     0x0000000000000000     0x9665
 .debug_info    0x0000000000000000      0xa2a Drivers/STM32F3xx_HAL_Driver/Src/stm32f3xx_ll_adc.o
 .debug_info    0x0000000000000a2a      0x7e2 Drivers/STM32F3xx_HAL_Driver/Src/stm32f3xx_ll_gpio.o
 .debug_info    0x000000000000120c      0x704 Drivers/STM32F3xx_HAL_Driver/Src/stm32f3xx_ll_rcc.o
 .debug_info    0x0000000000001910      0xf9f Drivers/STM32F3xx_HAL_Driver/Src/stm32f3xx_ll_tim.o
 .debug_info    0x00000000000028af      0x6be Drivers/STM32F3xx_HAL_Driver/Src/stm32f3xx_ll_usart.o
 .debug_info    0x0000000000002f6d      0x818 Drivers/STM32F3xx_HAL_Driver/Src/stm32f3xx_ll_utils.o
 .debug_info    0x0000000000003785      0x91a Src/adc.o
 .debug_info    0x000000000000409f      0x71b Src/dma.o
 .debug_info    0x00000000000047ba      0x3ff Src/gpio.o
 .debug_info    0x0000000000004bb9     0x123f Src/main.o
 .debug_info    0x0000000000005df8      0x59a Src/stm32f3xx_it.o
 .debug_info    0x0000000000006392      0x91c Src/sysmem.o
 .debug_info    0x0000000000006cae      0x400 Src/system_stm32f3xx.o
 .debug_info    0x00000000000070ae      0xcae Src/tim.o
 .debug_info    0x0000000000007d5c     0x18e7 Src/usart.o
 .debug_info    0x0000000000009643       0x22 Startup/startup_stm32f303k8tx.o

.debug_abbrev   0x0000000000000000     0x1c91
 .debug_abbrev  0x0000000000000000      0x19e Drivers/STM32F3xx_HAL_Driver/Src/stm32f3xx_ll_adc.o
 .debug_abbrev  0x000000000000019e      0x212 Drivers/STM32F3xx_HAL_Driver/Src/stm32f3xx_ll_gpio.o
 .debug_abbrev  0x00000000000003b0      0x238 Drivers/STM32F3xx_HAL_Driver/Src/stm32f3xx_ll_rcc.o
 .debug_abbrev  0x00000000000005e8      0x1ff Drivers/STM32F3xx_HAL_Driver/Src/stm32f3xx_ll_tim.o
 .debug_abbrev  0x00000000000007e7      0x1b1 Drivers/STM32F3xx_HAL_Driver/Src/stm32f3xx_ll_usart.o
 .debug_abbrev  0x0000000000000998      0x266 Drivers/STM32F3xx_HAL_Driver/Src/stm32f3xx_ll_utils.o
 .debug_abbrev  0x0000000000000bfe      0x1ad Src/adc.o
 .debug_abbrev  0x0000000000000dab      0x17e Src/dma.o
 .debug_abbrev  0x0000000000000f29      0x15d Src/gpio.o
 .debug_abbrev  0x0000000000001086      0x2fc Src/main.o
 .debug_abbrev  0x0000000000001382      0x176 Src/stm32f3xx_it.o
 .debug_abbrev  0x00000000000014f8      0x1bb Src/sysmem.o
 .debug_abbrev  0x00000000000016b3      0x111 Src/system_stm32f3xx.o
 .debug_abbrev  0x00000000000017c4      0x1d0 Src/tim.o
 .debug_abbrev  0x0000000000001994      0x2eb Src/usart.o
 .debug_abbrev  0x0000000000001c7f       0x12 Startup/startup_stm32f303k8tx.o

.debug_aranges  0x0000000000000000      0x970
 .debug_aranges
                0x0000000000000000       0xe0 Drivers/STM32F3xx_HAL_Driver/Src/stm32f3xx_ll_adc.o
 .debug_aranges
                0x00000000000000e0       0x70 Drivers/STM32F3xx_HAL_Driver/Src/stm32f3xx_ll_gpio.o
 .debug_aranges
                0x0000000000000150      0x100 Drivers/STM32F3xx_HAL_Driver/Src/stm32f3xx_ll_rcc.o
 .debug_aranges
                0x0000000000000250      0x148 Drivers/STM32F3xx_HAL_Driver/Src/stm32f3xx_ll_tim.o
 .debug_aranges
                0x0000000000000398       0x88 Drivers/STM32F3xx_HAL_Driver/Src/stm32f3xx_ll_usart.o
 .debug_aranges
                0x0000000000000420       0xf0 Drivers/STM32F3xx_HAL_Driver/Src/stm32f3xx_ll_utils.o
 .debug_aranges
                0x0000000000000510       0x50 Src/adc.o
 .debug_aranges
                0x0000000000000560       0x38 Src/dma.o
 .debug_aranges
                0x0000000000000598       0x30 Src/gpio.o
 .debug_aranges
                0x00000000000005c8       0xc8 Src/main.o
 .debug_aranges
                0x0000000000000690       0xd0 Src/stm32f3xx_it.o
 .debug_aranges
                0x0000000000000760       0x20 Src/sysmem.o
 .debug_aranges
                0x0000000000000780       0x28 Src/system_stm32f3xx.o
 .debug_aranges
                0x00000000000007a8       0x80 Src/tim.o
 .debug_aranges
                0x0000000000000828      0x120 Src/usart.o
 .debug_aranges
                0x0000000000000948       0x28 Startup/startup_stm32f303k8tx.o

.debug_ranges   0x0000000000000000      0x878
 .debug_ranges  0x0000000000000000       0xd0 Drivers/STM32F3xx_HAL_Driver/Src/stm32f3xx_ll_adc.o
 .debug_ranges  0x00000000000000d0       0x60 Drivers/STM32F3xx_HAL_Driver/Src/stm32f3xx_ll_gpio.o
 .debug_ranges  0x0000000000000130       0xf0 Drivers/STM32F3xx_HAL_Driver/Src/stm32f3xx_ll_rcc.o
 .debug_ranges  0x0000000000000220      0x138 Drivers/STM32F3xx_HAL_Driver/Src/stm32f3xx_ll_tim.o
 .debug_ranges  0x0000000000000358       0x78 Drivers/STM32F3xx_HAL_Driver/Src/stm32f3xx_ll_usart.o
 .debug_ranges  0x00000000000003d0       0xe0 Drivers/STM32F3xx_HAL_Driver/Src/stm32f3xx_ll_utils.o
 .debug_ranges  0x00000000000004b0       0x40 Src/adc.o
 .debug_ranges  0x00000000000004f0       0x28 Src/dma.o
 .debug_ranges  0x0000000000000518       0x20 Src/gpio.o
 .debug_ranges  0x0000000000000538       0xb8 Src/main.o
 .debug_ranges  0x00000000000005f0       0xc0 Src/stm32f3xx_it.o
 .debug_ranges  0x00000000000006b0       0x10 Src/sysmem.o
 .debug_ranges  0x00000000000006c0       0x18 Src/system_stm32f3xx.o
 .debug_ranges  0x00000000000006d8       0x70 Src/tim.o
 .debug_ranges  0x0000000000000748      0x110 Src/usart.o
 .debug_ranges  0x0000000000000858       0x20 Startup/startup_stm32f303k8tx.o

.debug_macro    0x0000000000000000    0x1894d
 .debug_macro   0x0000000000000000      0x17c Drivers/STM32F3xx_HAL_Driver/Src/stm32f3xx_ll_adc.o
 .debug_macro   0x000000000000017c      0xa96 Drivers/STM32F3xx_HAL_Driver/Src/stm32f3xx_ll_adc.o
 .debug_macro   0x0000000000000c12       0x2f Drivers/STM32F3xx_HAL_Driver/Src/stm32f3xx_ll_adc.o
 .debug_macro   0x0000000000000c41       0x28 Drivers/STM32F3xx_HAL_Driver/Src/stm32f3xx_ll_adc.o
 .debug_macro   0x0000000000000c69       0x22 Drivers/STM32F3xx_HAL_Driver/Src/stm32f3xx_ll_adc.o
 .debug_macro   0x0000000000000c8b       0x8e Drivers/STM32F3xx_HAL_Driver/Src/stm32f3xx_ll_adc.o
 .debug_macro   0x0000000000000d19       0x51 Drivers/STM32F3xx_HAL_Driver/Src/stm32f3xx_ll_adc.o
 .debug_macro   0x0000000000000d6a       0xef Drivers/STM32F3xx_HAL_Driver/Src/stm32f3xx_ll_adc.o
 .debug_macro   0x0000000000000e59       0x6a Drivers/STM32F3xx_HAL_Driver/Src/stm32f3xx_ll_adc.o
 .debug_macro   0x0000000000000ec3      0x1df Drivers/STM32F3xx_HAL_Driver/Src/stm32f3xx_ll_adc.o
 .debug_macro   0x00000000000010a2       0x35 Drivers/STM32F3xx_HAL_Driver/Src/stm32f3xx_ll_adc.o
 .debug_macro   0x00000000000010d7       0x50 Drivers/STM32F3xx_HAL_Driver/Src/stm32f3xx_ll_adc.o
 .debug_macro   0x0000000000001127      0xd40 Drivers/STM32F3xx_HAL_Driver/Src/stm32f3xx_ll_adc.o
 .debug_macro   0x0000000000001e67    0x10bf5 Drivers/STM32F3xx_HAL_Driver/Src/stm32f3xx_ll_adc.o
 .debug_macro   0x0000000000012a5c       0x43 Drivers/STM32F3xx_HAL_Driver/Src/stm32f3xx_ll_adc.o
 .debug_macro   0x0000000000012a9f      0xd39 Drivers/STM32F3xx_HAL_Driver/Src/stm32f3xx_ll_adc.o
 .debug_macro   0x00000000000137d8       0xe5 Drivers/STM32F3xx_HAL_Driver/Src/stm32f3xx_ll_adc.o
 .debug_macro   0x00000000000138bd      0x10c Drivers/STM32F3xx_HAL_Driver/Src/stm32f3xx_ll_gpio.o
 .debug_macro   0x00000000000139c9      0x149 Drivers/STM32F3xx_HAL_Driver/Src/stm32f3xx_ll_gpio.o
 .debug_macro   0x0000000000013b12       0xff Drivers/STM32F3xx_HAL_Driver/Src/stm32f3xx_ll_rcc.o
 .debug_macro   0x0000000000013c11      0x4b5 Drivers/STM32F3xx_HAL_Driver/Src/stm32f3xx_ll_rcc.o
 .debug_macro   0x00000000000140c6      0x179 Drivers/STM32F3xx_HAL_Driver/Src/stm32f3xx_ll_tim.o
 .debug_macro   0x000000000001423f      0x800 Drivers/STM32F3xx_HAL_Driver/Src/stm32f3xx_ll_tim.o
 .debug_macro   0x0000000000014a3f      0x13f Drivers/STM32F3xx_HAL_Driver/Src/stm32f3xx_ll_usart.o
 .debug_macro   0x0000000000014b7e      0x2f1 Drivers/STM32F3xx_HAL_Driver/Src/stm32f3xx_ll_usart.o
 .debug_macro   0x0000000000014e6f      0x4bb Drivers/STM32F3xx_HAL_Driver/Src/stm32f3xx_ll_usart.o
 .debug_macro   0x000000000001532a      0x14a Drivers/STM32F3xx_HAL_Driver/Src/stm32f3xx_ll_utils.o
 .debug_macro   0x0000000000015474       0x30 Drivers/STM32F3xx_HAL_Driver/Src/stm32f3xx_ll_utils.o
 .debug_macro   0x00000000000154a4      0x2a5 Drivers/STM32F3xx_HAL_Driver/Src/stm32f3xx_ll_utils.o
 .debug_macro   0x0000000000015749       0xaf Drivers/STM32F3xx_HAL_Driver/Src/stm32f3xx_ll_utils.o
 .debug_macro   0x00000000000157f8      0x155 Src/adc.o
 .debug_macro   0x000000000001594d      0x287 Src/adc.o
 .debug_macro   0x0000000000015bd4      0x102 Src/adc.o
 .debug_macro   0x0000000000015cd6       0x28 Src/adc.o
 .debug_macro   0x0000000000015cfe      0x806 Src/adc.o
 .debug_macro   0x0000000000016504      0x2f7 Src/adc.o
 .debug_macro   0x00000000000167fb      0x14f Src/adc.o
 .debug_macro   0x000000000001694a       0x22 Src/adc.o
 .debug_macro   0x000000000001696c      0x155 Src/dma.o
 .debug_macro   0x0000000000016ac1      0x155 Src/gpio.o
 .debug_macro   0x0000000000016c16      0x32b Src/main.o
 .debug_macro   0x0000000000016f41       0x10 Src/main.o
 .debug_macro   0x0000000000016f51       0x46 Src/main.o
 .debug_macro   0x0000000000016f97       0x18 Src/main.o
 .debug_macro   0x0000000000016faf       0x3c Src/main.o
 .debug_macro   0x0000000000016feb       0x34 Src/main.o
 .debug_macro   0x000000000001701f       0x16 Src/main.o
 .debug_macro   0x0000000000017035       0x97 Src/main.o
 .debug_macro   0x00000000000170cc      0x330 Src/main.o
 .debug_macro   0x00000000000173fc       0xfd Src/main.o
 .debug_macro   0x00000000000174f9       0x10 Src/main.o
 .debug_macro   0x0000000000017509       0x52 Src/main.o
 .debug_macro   0x000000000001755b       0x1f Src/main.o
 .debug_macro   0x000000000001757a       0x43 Src/main.o
 .debug_macro   0x00000000000175bd       0x20 Src/main.o
 .debug_macro   0x00000000000175dd      0x1a3 Src/main.o
 .debug_macro   0x0000000000017780       0x10 Src/main.o
 .debug_macro   0x0000000000017790       0x1c Src/main.o
 .debug_macro   0x00000000000177ac       0x52 Src/main.o
 .debug_macro   0x00000000000177fe       0x40 Src/main.o
 .debug_macro   0x000000000001783e       0x10 Src/main.o
 .debug_macro   0x000000000001784e       0x40 Src/main.o
 .debug_macro   0x000000000001788e       0xd7 Src/main.o
 .debug_macro   0x0000000000017965       0x1c Src/main.o
 .debug_macro   0x0000000000017981       0x3d Src/main.o
 .debug_macro   0x00000000000179be       0x16 Src/main.o
 .debug_macro   0x00000000000179d4      0x145 Src/main.o
 .debug_macro   0x0000000000017b19       0x16 Src/main.o
 .debug_macro   0x0000000000017b2f       0x35 Src/main.o
 .debug_macro   0x0000000000017b64       0x16 Src/main.o
 .debug_macro   0x0000000000017b7a       0x29 Src/main.o
 .debug_macro   0x0000000000017ba3      0x1e1 Src/main.o
 .debug_macro   0x0000000000017d84      0x201 Src/main.o
 .debug_macro   0x0000000000017f85      0x169 Src/stm32f3xx_it.o
 .debug_macro   0x00000000000180ee      0x1ae Src/sysmem.o
 .debug_macro   0x000000000001829c      0x23b Src/sysmem.o
 .debug_macro   0x00000000000184d7       0xd0 Src/system_stm32f3xx.o
 .debug_macro   0x00000000000185a7      0x155 Src/tim.o
 .debug_macro   0x00000000000186fc      0x221 Src/usart.o
 .debug_macro   0x000000000001891d       0x10 Src/usart.o
 .debug_macro   0x000000000001892d       0x20 Src/usart.o

.debug_line     0x0000000000000000     0x6bd9
 .debug_line    0x0000000000000000      0x71d Drivers/STM32F3xx_HAL_Driver/Src/stm32f3xx_ll_adc.o
 .debug_line    0x000000000000071d      0x670 Drivers/STM32F3xx_HAL_Driver/Src/stm32f3xx_ll_gpio.o
 .debug_line    0x0000000000000d8d      0x74b Drivers/STM32F3xx_HAL_Driver/Src/stm32f3xx_ll_rcc.o
 .debug_line    0x00000000000014d8      0x97d Drivers/STM32F3xx_HAL_Driver/Src/stm32f3xx_ll_tim.o
 .debug_line    0x0000000000001e55      0x621 Drivers/STM32F3xx_HAL_Driver/Src/stm32f3xx_ll_usart.o
 .debug_line    0x0000000000002476      0x764 Drivers/STM32F3xx_HAL_Driver/Src/stm32f3xx_ll_utils.o
 .debug_line    0x0000000000002bda      0x66a Src/adc.o
 .debug_line    0x0000000000003244      0x5df Src/dma.o
 .debug_line    0x0000000000003823      0x5d1 Src/gpio.o
 .debug_line    0x0000000000003df4      0xa69 Src/main.o
 .debug_line    0x000000000000485d      0x77f Src/stm32f3xx_it.o
 .debug_line    0x0000000000004fdc      0x559 Src/sysmem.o
 .debug_line    0x0000000000005535      0x48a Src/system_stm32f3xx.o
 .debug_line    0x00000000000059bf      0x7a0 Src/tim.o
 .debug_line    0x000000000000615f      0x9f9 Src/usart.o
 .debug_line    0x0000000000006b58       0x81 Startup/startup_stm32f303k8tx.o

.debug_str      0x0000000000000000    0x848f5
 .debug_str     0x0000000000000000    0x6f235 Drivers/STM32F3xx_HAL_Driver/Src/stm32f3xx_ll_adc.o
                                      0x6f3f2 (size before relaxing)
 .debug_str     0x000000000006f235      0xdac Drivers/STM32F3xx_HAL_Driver/Src/stm32f3xx_ll_gpio.o
                                      0x6482e (size before relaxing)
 .debug_str     0x000000000006ffe1     0x27e6 Drivers/STM32F3xx_HAL_Driver/Src/stm32f3xx_ll_rcc.o
                                      0x65c58 (size before relaxing)
 .debug_str     0x00000000000727c7     0x5cce Drivers/STM32F3xx_HAL_Driver/Src/stm32f3xx_ll_tim.o
                                      0x6974a (size before relaxing)
 .debug_str     0x0000000000078495     0x19c1 Drivers/STM32F3xx_HAL_Driver/Src/stm32f3xx_ll_usart.o
                                      0x6776c (size before relaxing)
 .debug_str     0x0000000000079e56     0x2d2a Drivers/STM32F3xx_HAL_Driver/Src/stm32f3xx_ll_utils.o
                                      0x684c8 (size before relaxing)
 .debug_str     0x000000000007cb80     0x198f Src/adc.o
                                      0x78556 (size before relaxing)
 .debug_str     0x000000000007e50f      0x317 Src/dma.o
                                      0x785c4 (size before relaxing)
 .debug_str     0x000000000007e826       0x3c Src/gpio.o
                                      0x78294 (size before relaxing)
 .debug_str     0x000000000007e862     0x541b Src/main.o
                                      0x7d9cf (size before relaxing)
 .debug_str     0x0000000000083c7d      0x235 Src/stm32f3xx_it.o
                                      0x783fe (size before relaxing)
 .debug_str     0x0000000000083eb2      0x4b9 Src/sysmem.o
                                       0x7baa (size before relaxing)
 .debug_str     0x000000000008436b       0x64 Src/system_stm32f3xx.o
                                      0x634d4 (size before relaxing)
 .debug_str     0x00000000000843cf      0x13d Src/tim.o
                                      0x788fd (size before relaxing)
 .debug_str     0x000000000008450c      0x3b8 Src/usart.o
                                      0x7bdaa (size before relaxing)
 .debug_str     0x00000000000848c4       0x31 Startup/startup_stm32f303k8tx.o
                                         0x6b (size before relaxing)

.comment        0x0000000000000000       0x7b
 .comment       0x0000000000000000       0x7b Drivers/STM32F3xx_HAL_Driver/Src/stm32f3xx_ll_adc.o
                                         0x7c (size before relaxing)
 .comment       0x000000000000007b       0x7c Drivers/STM32F3xx_HAL_Driver/Src/stm32f3xx_ll_gpio.o
 .comment       0x000000000000007b       0x7c Drivers/STM32F3xx_HAL_Driver/Src/stm32f3xx_ll_rcc.o
 .comment       0x000000000000007b       0x7c Drivers/STM32F3xx_HAL_Driver/Src/stm32f3xx_ll_tim.o
 .comment       0x000000000000007b       0x7c Drivers/STM32F3xx_HAL_Driver/Src/stm32f3xx_ll_usart.o
 .comment       0x000000000000007b       0x7c Drivers/STM32F3xx_HAL_Driver/Src/stm32f3xx_ll_utils.o
 .comment       0x000000000000007b       0x7c Src/adc.o
 .comment       0x000000000000007b       0x7c Src/dma.o
 .comment       0x000000000000007b       0x7c Src/gpio.o
 .comment       0x000000000000007b       0x7c Src/main.o
 .comment       0x000000000000007b       0x7c Src/stm32f3xx_it.o
 .comment       0x000000000000007b       0x7c Src/sysmem.o
 .comment       0x000000000000007b       0x7c Src/system_stm32f3xx.o
 .comment       0x000000000000007b       0x7c Src/tim.o
 .comment       0x000000000000007b       0x7c Src/usart.o

.debug_frame    0x0000000000000000     0x2f0c
 .debug_frame   0x0000000000000000      0x3e8 Drivers/STM32F3xx_HAL_Driver/Src/stm32f3xx_ll_adc.o
 .debug_frame   0x00000000000003e8      0x1c0 Drivers/STM32F3xx_HAL_Driver/Src/stm32f3xx_ll_gpio.o
 .debug_frame   0x00000000000005a8      0x408 Drivers/STM32F3xx_HAL_Driver/Src/stm32f3xx_ll_rcc.o
 .debug_frame   0x00000000000009b0      0x5d0 Drivers/STM32F3xx_HAL_Driver/Src/stm32f3xx_ll_tim.o
 .debug_frame   0x0000000000000f80      0x238 Drivers/STM32F3xx_HAL_Driver/Src/stm32f3xx_ll_usart.o
 .debug_frame   0x00000000000011b8      0x3dc Drivers/STM32F3xx_HAL_Driver/Src/stm32f3xx_ll_utils.o
 .debug_frame   0x0000000000001594      0x128 Src/adc.o
 .debug_frame   0x00000000000016bc       0xa4 Src/dma.o
 .debug_frame   0x0000000000001760       0x84 Src/gpio.o
 .debug_frame   0x00000000000017e4      0x338 Src/main.o
 .debug_frame   0x0000000000001b1c      0x314 Src/stm32f3xx_it.o
 .debug_frame   0x0000000000001e30       0x34 Src/sysmem.o
 .debug_frame   0x0000000000001e64       0x58 Src/system_stm32f3xx.o
 .debug_frame   0x0000000000001ebc      0x214 Src/tim.o
 .debug_frame   0x00000000000020d0      0x534 Src/usart.o
 .debug_frame   0x0000000000002604       0xcc c:/st/stm32cubeide_1.4.0/stm32cubeide/plugins/com.st.stm32cube.ide.mcu.externaltools.gnu-tools-for-stm32.7-2018-q2-update.win32_1.4.0.202007081208/tools/bin/../lib/gcc/arm-none-eabi/7.3.1/../../../../arm-none-eabi/lib/thumb/v7e-m/fpv4-sp/hard\libc_nano.a(lib_a-efgcvt.o)
 .debug_frame   0x00000000000026d0       0x20 c:/st/stm32cubeide_1.4.0/stm32cubeide/plugins/com.st.stm32cube.ide.mcu.externaltools.gnu-tools-for-stm32.7-2018-q2-update.win32_1.4.0.202007081208/tools/bin/../lib/gcc/arm-none-eabi/7.3.1/../../../../arm-none-eabi/lib/thumb/v7e-m/fpv4-sp/hard\libc_nano.a(lib_a-errno.o)
 .debug_frame   0x00000000000026f0       0x2c c:/st/stm32cubeide_1.4.0/stm32cubeide/plugins/com.st.stm32cube.ide.mcu.externaltools.gnu-tools-for-stm32.7-2018-q2-update.win32_1.4.0.202007081208/tools/bin/../lib/gcc/arm-none-eabi/7.3.1/../../../../arm-none-eabi/lib/thumb/v7e-m/fpv4-sp/hard\libc_nano.a(lib_a-init.o)
 .debug_frame   0x000000000000271c       0x38 c:/st/stm32cubeide_1.4.0/stm32cubeide/plugins/com.st.stm32cube.ide.mcu.externaltools.gnu-tools-for-stm32.7-2018-q2-update.win32_1.4.0.202007081208/tools/bin/../lib/gcc/arm-none-eabi/7.3.1/../../../../arm-none-eabi/lib/thumb/v7e-m/fpv4-sp/hard\libc_nano.a(lib_a-itoa.o)
 .debug_frame   0x0000000000002754       0x20 c:/st/stm32cubeide_1.4.0/stm32cubeide/plugins/com.st.stm32cube.ide.mcu.externaltools.gnu-tools-for-stm32.7-2018-q2-update.win32_1.4.0.202007081208/tools/bin/../lib/gcc/arm-none-eabi/7.3.1/../../../../arm-none-eabi/lib/thumb/v7e-m/fpv4-sp/hard\libc_nano.a(lib_a-memset.o)
 .debug_frame   0x0000000000002774       0x28 c:/st/stm32cubeide_1.4.0/stm32cubeide/plugins/com.st.stm32cube.ide.mcu.externaltools.gnu-tools-for-stm32.7-2018-q2-update.win32_1.4.0.202007081208/tools/bin/../lib/gcc/arm-none-eabi/7.3.1/../../../../arm-none-eabi/lib/thumb/v7e-m/fpv4-sp/hard\libc_nano.a(lib_a-strcat.o)
 .debug_frame   0x000000000000279c       0x20 c:/st/stm32cubeide_1.4.0/stm32cubeide/plugins/com.st.stm32cube.ide.mcu.externaltools.gnu-tools-for-stm32.7-2018-q2-update.win32_1.4.0.202007081208/tools/bin/../lib/gcc/arm-none-eabi/7.3.1/../../../../arm-none-eabi/lib/thumb/v7e-m/fpv4-sp/hard\libc_nano.a(lib_a-strcpy.o)
 .debug_frame   0x00000000000027bc       0x48 c:/st/stm32cubeide_1.4.0/stm32cubeide/plugins/com.st.stm32cube.ide.mcu.externaltools.gnu-tools-for-stm32.7-2018-q2-update.win32_1.4.0.202007081208/tools/bin/../lib/gcc/arm-none-eabi/7.3.1/../../../../arm-none-eabi/lib/thumb/v7e-m/fpv4-sp/hard\libc_nano.a(lib_a-utoa.o)
 .debug_frame   0x0000000000002804      0x108 c:/st/stm32cubeide_1.4.0/stm32cubeide/plugins/com.st.stm32cube.ide.mcu.externaltools.gnu-tools-for-stm32.7-2018-q2-update.win32_1.4.0.202007081208/tools/bin/../lib/gcc/arm-none-eabi/7.3.1/../../../../arm-none-eabi/lib/thumb/v7e-m/fpv4-sp/hard\libc_nano.a(lib_a-ecvtbuf.o)
 .debug_frame   0x000000000000290c      0x244 c:/st/stm32cubeide_1.4.0/stm32cubeide/plugins/com.st.stm32cube.ide.mcu.externaltools.gnu-tools-for-stm32.7-2018-q2-update.win32_1.4.0.202007081208/tools/bin/../lib/gcc/arm-none-eabi/7.3.1/../../../../arm-none-eabi/lib/thumb/v7e-m/fpv4-sp/hard\libc_nano.a(lib_a-mprec.o)
 .debug_frame   0x0000000000002b50       0x2c c:/st/stm32cubeide_1.4.0/stm32cubeide/plugins/com.st.stm32cube.ide.mcu.externaltools.gnu-tools-for-stm32.7-2018-q2-update.win32_1.4.0.202007081208/tools/bin/../lib/gcc/arm-none-eabi/7.3.1/../../../../arm-none-eabi/lib/thumb/v7e-m/fpv4-sp/hard\libc_nano.a(lib_a-nano-callocr.o)
 .debug_frame   0x0000000000002b7c       0x2c c:/st/stm32cubeide_1.4.0/stm32cubeide/plugins/com.st.stm32cube.ide.mcu.externaltools.gnu-tools-for-stm32.7-2018-q2-update.win32_1.4.0.202007081208/tools/bin/../lib/gcc/arm-none-eabi/7.3.1/../../../../arm-none-eabi/lib/thumb/v7e-m/fpv4-sp/hard\libc_nano.a(lib_a-nano-mallocr.o)
 .debug_frame   0x0000000000002ba8       0x2c c:/st/stm32cubeide_1.4.0/stm32cubeide/plugins/com.st.stm32cube.ide.mcu.externaltools.gnu-tools-for-stm32.7-2018-q2-update.win32_1.4.0.202007081208/tools/bin/../lib/gcc/arm-none-eabi/7.3.1/../../../../arm-none-eabi/lib/thumb/v7e-m/fpv4-sp/hard\libc_nano.a(lib_a-sbrkr.o)
 .debug_frame   0x0000000000002bd4       0x70 c:/st/stm32cubeide_1.4.0/stm32cubeide/plugins/com.st.stm32cube.ide.mcu.externaltools.gnu-tools-for-stm32.7-2018-q2-update.win32_1.4.0.202007081208/tools/bin/../lib/gcc/arm-none-eabi/7.3.1/../../../../arm-none-eabi/lib/thumb/v7e-m/fpv4-sp/hard\libc_nano.a(lib_a-dtoa.o)
 .debug_frame   0x0000000000002c44       0x30 c:/st/stm32cubeide_1.4.0/stm32cubeide/plugins/com.st.stm32cube.ide.mcu.externaltools.gnu-tools-for-stm32.7-2018-q2-update.win32_1.4.0.202007081208/tools/bin/../lib/gcc/arm-none-eabi/7.3.1/../../../../arm-none-eabi/lib/thumb/v7e-m/fpv4-sp/hard\libc_nano.a(lib_a-malloc.o)
 .debug_frame   0x0000000000002c74       0x28 c:/st/stm32cubeide_1.4.0/stm32cubeide/plugins/com.st.stm32cube.ide.mcu.externaltools.gnu-tools-for-stm32.7-2018-q2-update.win32_1.4.0.202007081208/tools/bin/../lib/gcc/arm-none-eabi/7.3.1/../../../../arm-none-eabi/lib/thumb/v7e-m/fpv4-sp/hard\libc_nano.a(lib_a-memcpy-stub.o)
 .debug_frame   0x0000000000002c9c       0x30 c:/st/stm32cubeide_1.4.0/stm32cubeide/plugins/com.st.stm32cube.ide.mcu.externaltools.gnu-tools-for-stm32.7-2018-q2-update.win32_1.4.0.202007081208/tools/bin/../lib/gcc/arm-none-eabi/7.3.1/../../../../arm-none-eabi/lib/thumb/v7e-m/fpv4-sp/hard\libc_nano.a(lib_a-mlock.o)
 .debug_frame   0x0000000000002ccc       0x5c c:/st/stm32cubeide_1.4.0/stm32cubeide/plugins/com.st.stm32cube.ide.mcu.externaltools.gnu-tools-for-stm32.7-2018-q2-update.win32_1.4.0.202007081208/tools/bin/../lib/gcc/arm-none-eabi/7.3.1/../../../../arm-none-eabi/lib/thumb/v7e-m/fpv4-sp/hard\libc_nano.a(lib_a-reent.o)
 .debug_frame   0x0000000000002d28       0xac c:/st/stm32cubeide_1.4.0/stm32cubeide/plugins/com.st.stm32cube.ide.mcu.externaltools.gnu-tools-for-stm32.7-2018-q2-update.win32_1.4.0.202007081208/tools/bin/../lib/gcc/arm-none-eabi/7.3.1/thumb/v7e-m/fpv4-sp/hard\libgcc.a(_arm_addsubdf3.o)
 .debug_frame   0x0000000000002dd4       0x50 c:/st/stm32cubeide_1.4.0/stm32cubeide/plugins/com.st.stm32cube.ide.mcu.externaltools.gnu-tools-for-stm32.7-2018-q2-update.win32_1.4.0.202007081208/tools/bin/../lib/gcc/arm-none-eabi/7.3.1/thumb/v7e-m/fpv4-sp/hard\libgcc.a(_arm_muldivdf3.o)
 .debug_frame   0x0000000000002e24       0xc4 c:/st/stm32cubeide_1.4.0/stm32cubeide/plugins/com.st.stm32cube.ide.mcu.externaltools.gnu-tools-for-stm32.7-2018-q2-update.win32_1.4.0.202007081208/tools/bin/../lib/gcc/arm-none-eabi/7.3.1/thumb/v7e-m/fpv4-sp/hard\libgcc.a(_arm_cmpdf2.o)
 .debug_frame   0x0000000000002ee8       0x24 c:/st/stm32cubeide_1.4.0/stm32cubeide/plugins/com.st.stm32cube.ide.mcu.externaltools.gnu-tools-for-stm32.7-2018-q2-update.win32_1.4.0.202007081208/tools/bin/../lib/gcc/arm-none-eabi/7.3.1/thumb/v7e-m/fpv4-sp/hard\libgcc.a(_arm_fixdfsi.o)
