stm32f3xx_ll_adc.h:3626:22:LL_ADC_REG_SetSequencerRanks	32	static,ignoring_inline_asm
stm32f3xx_ll_adc.h:4830:22:LL_ADC_SetChannelSamplingTime	48	static,ignoring_inline_asm
stm32f3xx_ll_adc.h:4980:22:LL_ADC_SetChannelSingleDiff	24	static
stm32f3xx_ll_adc.h:5842:22:LL_ADC_Enable	16	static
stm32f3xx_ll_adc.h:5881:26:LL_ADC_IsEnabled	16	static
stm32f3xx_ll_adc.h:5892:26:LL_ADC_IsDisableOngoing	16	static
stm32f3xx_ll_adc.h:5967:22:LL_ADC_REG_StartConversion	16	static
stm32f3xx_ll_adc.h:6003:26:LL_ADC_REG_IsConversionOngoing	16	static
stm32f3xx_ll_adc.h:6364:26:LL_ADC_IsActiveFlag_EOC	16	static
stm32f3xx_ll_adc.h:6488:22:LL_ADC_ClearFlag_EOC	16	static
stm32f3xx_ll_adc.h:7004:22:LL_ADC_DisableIT_EOC	16	static
stm32f3xx_ll_adc.h:7015:22:LL_ADC_DisableIT_EOS	16	static
stm32f3xx_ll_bus.h:303:22:LL_AHB1_GRP1_EnableClock	24	static
adc.c:28:6:MX_ADC1_Init	88	static
adc.c:73:6:ADC_start_conversion	8	static
adc.c:92:7:ADC_convertedValue2float	4	static
