core_cm4.h:1596:22:NVIC_SetPriorityGrouping	24	static
stm32f3xx_ll_rcc.h:1097:22:LL_RCC_HSI_Enable	4	static
stm32f3xx_ll_rcc.h:1117:26:LL_RCC_HSI_IsReady	4	static
stm32f3xx_ll_rcc.h:1143:22:LL_RCC_HSI_SetCalibTrimming	16	static
stm32f3xx_ll_rcc.h:1301:22:LL_RCC_SetSysClkSource	16	static
stm32f3xx_ll_rcc.h:1314:26:LL_RCC_GetSysClkSource	4	static
stm32f3xx_ll_rcc.h:1334:22:LL_RCC_SetAHBPrescaler	16	static
stm32f3xx_ll_rcc.h:1350:22:LL_RCC_SetAPB1Prescaler	16	static
stm32f3xx_ll_rcc.h:1366:22:LL_RCC_SetAPB2Prescaler	16	static
stm32f3xx_ll_rcc.h:1724:22:LL_RCC_SetADCClockSource	16	static
stm32f3xx_ll_rcc.h:2185:22:LL_RCC_PLL_Enable	4	static
stm32f3xx_ll_rcc.h:2206:26:LL_RCC_PLL_IsReady	4	static
stm32f3xx_ll_rcc.h:2304:22:LL_RCC_PLL_ConfigDomain_SYS	16	static
stm32f3xx_ll_bus.h:553:22:LL_APB1_GRP1_EnableClock	24	static
stm32f3xx_ll_bus.h:867:22:LL_APB2_GRP1_EnableClock	24	static
stm32f3xx_ll_system.h:1634:22:LL_FLASH_SetLatency	16	static
stm32f3xx_ll_system.h:1647:26:LL_FLASH_GetLatency	4	static
stm32f3xx_ll_cortex.h:260:22:LL_SYSTICK_SetClkSource	16	static
main.c:51:5:main	248	static
main.c:111:6:SystemClock_Config	8	static
main.c:182:6:proccesDmaData	16	static
main.c:227:6:Error_Handler	4	static
