core_cm4.h:1615:26:NVIC_GetPriorityGrouping	4	static
core_cm4.h:1626:22:NVIC_EnableIRQ	16	static
core_cm4.h:1698:22:NVIC_SetPriority	16	static
core_cm4.h:1745:26:NVIC_EncodePriority	40	static
stm32f3xx_ll_bus.h:303:22:LL_AHB1_GRP1_EnableClock	24	static
stm32f3xx_ll_bus.h:553:22:LL_APB1_GRP1_EnableClock	24	static
stm32f3xx_ll_tim.h:1368:22:LL_TIM_EnableCounter	16	static
stm32f3xx_ll_tim.h:1539:22:LL_TIM_EnableARRPreload	16	static
stm32f3xx_ll_tim.h:1873:22:LL_TIM_CC_EnableChannel	16	static
stm32f3xx_ll_tim.h:2313:22:LL_TIM_OC_DisableFast	24	static
stm32f3xx_ll_tim.h:2385:22:LL_TIM_OC_EnablePreload	24	static
stm32f3xx_ll_tim.h:3301:22:LL_TIM_SetClockSource	16	static
stm32f3xx_ll_tim.h:3347:22:LL_TIM_SetTriggerOutput	16	static
stm32f3xx_ll_tim.h:3447:22:LL_TIM_DisableMasterSlaveMode	16	static
stm32f3xx_ll_tim.h:4314:22:LL_TIM_EnableIT_UPDATE	16	static
stm32f3xx_ll_tim.h:4347:22:LL_TIM_EnableIT_CC1	16	static
stm32f3xx_ll_tim.h:4823:22:LL_TIM_GenerateEvent_UPDATE	16	static
stm32f3xx_ll_gpio.h:570:22:LL_GPIO_SetAFPin_0_7	40	static,ignoring_inline_asm
tim.c:28:6:MX_TIM2_Init	88	static
